Copyright 1986-2022 Xilinx, Inc. All Rights Reserved. Copyright 2022-2023 Advanced Micro Devices, Inc. All Rights Reserved.
-------------------------------------------------------------------------------------------------------------------------------------------------------------------------------
| Tool Version : Vivado v.2023.2 (lin64) Build 4029153 Fri Oct 13 20:13:54 MDT 2023
| Date         : Wed Aug  7 17:27:38 2024
| Host         : amx2 running 64-bit Ubuntu 22.04.4 LTS
| Command      : report_accelerator_utilization -kernels { kernel_nlp:level0_i/ulp/kernel_nlp_1/inst:kernel_nlp_1} -file kernel_util_routed.rpt -name kernel_util_routed -json
| Design       : level0_wrapper
| Device       : xcu55c
| Design State : Routed
-------------------------------------------------------------------------------------------------------------------------------------------------------------------------------

Accelerator Utilization Design Information

Table of Contents
-----------------
1. System Utilization

1. System Utilization
---------------------

+---------------------+-------------------+------------------+-------------------+----------------+---------------+----------------+
| Name                | LUT               | LUTAsMem         | REG               | BRAM           | URAM          | DSP            |
+---------------------+-------------------+------------------+-------------------+----------------+---------------+----------------+
| Platform            |  124809 [  9.57%] |   9300 [  1.55%] |  170660 [  6.55%] |  198 [  9.82%] |   0 [  0.00%] |    4 [  0.04%] |
| User Budget         | 1178871 [100.00%] | 591660 [100.00%] | 2436700 [100.00%] | 1818 [100.00%] | 960 [100.00%] | 9020 [100.00%] |
|    Used Resources   |  115770 [  9.82%] |   2527 [  0.43%] |   79349 [  3.26%] |  252 [ 13.86%] |   0 [  0.00%] |  169 [  1.87%] |
|    Unused Resources | 1063101 [ 90.18%] | 589133 [ 99.57%] | 2357351 [ 96.74%] | 1566 [ 86.14%] | 960 [100.00%] | 8851 [ 98.13%] |
| kernel_nlp          |  115770 [  9.82%] |   2527 [  0.43%] |   79349 [  3.26%] |  252 [ 13.86%] |   0 [  0.00%] |  169 [  1.87%] |
|    kernel_nlp_1     |  115770 [  9.82%] |   2527 [  0.43%] |   79349 [  3.26%] |  252 [ 13.86%] |   0 [  0.00%] |  169 [  1.87%] |
+---------------------+-------------------+------------------+-------------------+----------------+---------------+----------------+


