Copyright 1986-2022 Xilinx, Inc. All Rights Reserved. Copyright 2022-2023 Advanced Micro Devices, Inc. All Rights Reserved.
---------------------------------------------------------------------------------------------------------------------------------------------
| Tool Version : Vivado v.2023.2 (lin64) Build 4029153 Fri Oct 13 20:13:54 MDT 2023
| Date         : Wed Aug  7 17:28:03 2024
| Host         : amx2 running 64-bit Ubuntu 22.04.4 LTS
| Command      : report_utilization -slr -file slr_util_routed.rpt -pb slr_util_routed.pb
| Design       : level0_wrapper
| Device       : xcu55c-fsvh2892-2L-e
| Speed File   : -2L
| Design State : Routed
---------------------------------------------------------------------------------------------------------------------------------------------

Utilization Design Information

Table of Contents
-----------------
1. SLR Connectivity
2. SLR Connectivity Matrix
3. SLR CLB Logic and Dedicated Block Utilization
4. SLR IO Utilization

1. SLR Connectivity
-------------------

+----------------------------------+-------+-------+-----------+-------+
|                                  |  Used | Fixed | Available | Util% |
+----------------------------------+-------+-------+-----------+-------+
| SLR2 <-> SLR1                    |  5103 |       |     23040 | 22.15 |
|   SLR1 -> SLR2                   |  2592 |       |           | 11.25 |
|     Using TX_REG only            |     0 |     0 |           |       |
|     Using RX_REG only            |     0 |     0 |           |       |
|     Using Both TX_REG and RX_REG |     0 |     0 |           |       |
|   SLR2 -> SLR1                   |  2511 |       |           | 10.90 |
|     Using TX_REG only            |     0 |     0 |           |       |
|     Using RX_REG only            |     0 |     0 |           |       |
|     Using Both TX_REG and RX_REG |     0 |     0 |           |       |
| SLR1 <-> SLR0                    |  5328 |       |     23040 | 23.13 |
|   SLR0 -> SLR1                   |  2757 |       |           | 11.97 |
|     Using TX_REG only            |     0 |     0 |           |       |
|     Using RX_REG only            |     0 |     0 |           |       |
|     Using Both TX_REG and RX_REG |     0 |     0 |           |       |
|   SLR1 -> SLR0                   |  2571 |       |           | 11.16 |
|     Using TX_REG only            |     0 |     0 |           |       |
|     Using RX_REG only            |     0 |     0 |           |       |
|     Using Both TX_REG and RX_REG |     0 |     0 |           |       |
+----------------------------------+-------+-------+-----------+-------+
| Total SLLs Used                  | 10431 |       |           |       |
+----------------------------------+-------+-------+-----------+-------+


2. SLR Connectivity Matrix
--------------------------

+-----------+------+------+------+
| FROM \ TO | SLR2 | SLR1 | SLR0 |
+-----------+------+------+------+
| SLR2      |    0 | 2408 |  103 |
| SLR1      | 2527 |    0 | 2468 |
| SLR0      |   65 | 2692 |    0 |
+-----------+------+------+------+


3. SLR CLB Logic and Dedicated Block Utilization
------------------------------------------------

+----------------------------+--------+-------+-------+--------+--------+--------+
|          Site Type         |  SLR0  |  SLR1 |  SLR2 | SLR0 % | SLR1 % | SLR2 % |
+----------------------------+--------+-------+-------+--------+--------+--------+
| CLB                        |  32861 | 11653 |  7028 |  59.79 |  21.58 |  13.01 |
|   CLBL                     |  17426 |  6373 |  3634 |  59.52 |  21.77 |  12.41 |
|   CLBM                     |  15435 |  5280 |  3394 |  60.11 |  21.36 |  13.73 |
| CLB LUTs                   | 152741 | 62182 | 25652 |  34.74 |  14.39 |   5.94 |
|   LUT as Logic             | 146120 | 58497 | 24131 |  33.23 |  13.54 |   5.59 |
|     using O5 output only   |   1687 |   901 |   433 |   0.38 |   0.21 |   0.10 |
|     using O6 output only   | 119352 | 43735 | 17091 |  27.15 |  10.12 |   3.96 |
|     using O5 and O6        |  25081 | 13861 |  6607 |   5.70 |   3.21 |   1.53 |
|   LUT as Memory            |   6621 |  3685 |  1521 |   3.22 |   1.86 |   0.77 |
|     LUT as Distributed RAM |   3480 |  3532 |   820 |   1.69 |   1.79 |   0.41 |
|       using O5 output only |      0 |     0 |     0 |   0.00 |   0.00 |   0.00 |
|       using O6 output only |    240 |   386 |     0 |   0.12 |   0.20 |   0.00 |
|       using O5 and O6      |   3240 |  3146 |   820 |   1.58 |   1.59 |   0.41 |
|     LUT as Shift Register  |   3141 |   153 |   701 |   1.53 |   0.08 |   0.35 |
|       using O5 output only |      0 |     0 |     0 |   0.00 |   0.00 |   0.00 |
|       using O6 output only |   2292 |    97 |   667 |   1.12 |   0.05 |   0.34 |
|       using O5 and O6      |    849 |    56 |    34 |   0.41 |   0.03 |   0.02 |
| CLB Registers              | 141370 | 73120 | 35519 |  16.08 |   8.46 |   4.11 |
| CARRY8                     |    903 |   659 |   107 |   1.64 |   1.22 |   0.20 |
| F7 Muxes                   |   9098 |  1472 |   437 |   4.14 |   0.68 |   0.20 |
| F8 Muxes                   |   3391 |   272 |     0 |   3.08 |   0.25 |   0.00 |
| F9 Muxes                   |      0 |     0 |     0 |   0.00 |   0.00 |   0.00 |
| Block RAM Tile             |    310 |    90 |    50 |  46.13 |  13.39 |   7.44 |
|   RAMB36/FIFO              |     61 |    90 |    50 |   9.08 |  13.39 |   7.44 |
|   RAMB18                   |    498 |     0 |     0 |  37.05 |   0.00 |   0.00 |
| URAM                       |      0 |     0 |     0 |   0.00 |   0.00 |   0.00 |
| DSPs                       |    169 |     0 |     4 |   5.87 |   0.00 |   0.13 |
| Unique Control Sets        |   3734 |  3404 |  1109 |   3.40 |   3.15 |   1.03 |
+----------------------------+--------+-------+-------+--------+--------+--------+
* Note: Available Control Sets based on CLB Registers / 8


4. SLR IO Utilization
---------------------

+-----------+-----------+---------+------------+----------+------------+----------+-----+
| SLR Index | Used IOBs | (%)IOBs | Used IPADs | (%)IPADs | Used OPADs | (%)OPADs | GTs |
+-----------+-----------+---------+------------+----------+------------+----------+-----+
| SLR2      |         0 |    0.00 |          0 |     0.00 |          0 |     0.00 |   0 |
| SLR1      |         0 |    0.00 |          0 |     0.00 |          0 |     0.00 |   0 |
| SLR0      |        12 |    5.77 |          0 |     0.00 |          0 |     0.00 |  16 |
+-----------+-----------+---------+------------+----------+------------+----------+-----+
| Total     |        12 |         |          0 |          |          0 |          |  16 |
+-----------+-----------+---------+------------+----------+------------+----------+-----+


