

====================================================================================
Summary
====================================================================================

Date: 2024-05-03 13:06:15
Target Device: /opt/xilinx/platforms/xilinx_u55c_gen3x16_xdma_3_202210_1/xilinx_u55c_gen3x16_xdma_3_202210_1.xpfm
Target Frequency: 250MHz
Estimated Frequency: 250MHz
+-----------------------------+----------------+------------+-----------+---------+--------+-------+------+
|           Kernel            |     Cycles     |    LUT     |    FF     |  BRAM   |  DSP   | URAM  |Detail|
+-----------------------------+----------------+------------+-----------+---------+--------+-------+------+
|kernel_bicg (bicg_MEDIUM.c:4)|165347 (0.661ms)|130475 (10%)|218905 (8%)|908 (22%)|650 (7%)|0 (~0%)|-     |
+-----------------------------+----------------+------------+-----------+---------+--------+-------+------+


====================================================================================
Interface
====================================================================================

+-------------------+-----------+-----------+----+------------------+
|     Interface     |SW Bitwidth|HW Bitwidth|Type|      Detail      |
+-------------------+-----------+-----------+----+------------------+
|m (bicg_MEDIUM.c:4)|         32|         32|   -|-                 |
|n (bicg_MEDIUM.c:4)|         32|         32|   -|-                 |
|A (bicg_MEDIUM.c:4)|         32|         64|  RO|cached & coalesced|
|s (bicg_MEDIUM.c:4)|         32|        512| R/W|cached & coalesced|
|q (bicg_MEDIUM.c:4)|         32|        512| R/W|cached & coalesced|
|p (bicg_MEDIUM.c:4)|         32|        512|  RO|cached & coalesced|
|r (bicg_MEDIUM.c:4)|         32|        512|  RO|cached & coalesced|
+-------------------+-----------+-----------+----+------------------+


====================================================================================
Performance Estimate (TC: Trip Count, AC: Accumulated Cycles, CPC: Cycles Per Call)
====================================================================================

+------------------------------------+---+---------------+------+---------------------------------+
|             Hierarchy              |TC |      AC       | CPC  |             Detail              |
+------------------------------------+---+---------------+------+---------------------------------+
|kernel_bicg (bicg_MEDIUM.c:4)       |   |165347 (100.0%)|165347|-                                |
|    auto memory burst for 's'(read) |   |    24 (  0.0%)|    24|cache size=1560B                 |
|    loop i (bicg_MEDIUM.c:11)       |390|   195 (  0.1%)|   195|parallel factor=2x, pipeline II=1|
|    auto memory burst for 'q'(read) |   |    25 (  0.0%)|    25|cache size=1640B                 |
|    auto memory burst for 'A'(read) |   | 79950 ( 48.4%)| 79950|cache size=639600B               |
|    auto memory burst for 'r'(read) |   |    25 (  0.0%)|    25|cache size=1640B                 |
|    auto memory burst for 'A'(read) |   | 79950 ( 48.4%)| 79950|cache size=639600B               |
|    auto memory burst for 'p'(read) |   |    24 (  0.0%)|    24|cache size=1560B                 |
|    loop i (bicg_MEDIUM.c:20)       |410|  5190 (  3.1%)|  5190|pipeline II=6                    |
|        loop j (bicg_MEDIUM.c:24)   |390|              -|     -|parallel factor=390x             |
|    auto memory burst for 's'(write)|   |    24 (  0.0%)|    24|cache size=1560B                 |
|    auto memory burst for 'q'(write)|   |    25 (  0.0%)|    25|cache size=1640B                 |
+------------------------------------+---+---------------+------+---------------------------------+


====================================================================================
Resource Estimate
====================================================================================

+------------------------------------+------------+-----------+---------+--------+-------+------+
|             Hierarchy              |    LUT     |    FF     |  BRAM   |  DSP   | URAM  |Detail|
+------------------------------------+------------+-----------+---------+--------+-------+------+
|kernel_bicg (bicg_MEDIUM.c:4)       |130475 (10%)|218905 (8%)|908 (22%)|650 (7%)|0 (~0%)|-     |
|    auto memory burst for 's'(read) |           -|          -|        -|       -|      -|-     |
|    loop i (bicg_MEDIUM.c:11)       |           -|          -|        -|       -|      -|-     |
|    auto memory burst for 'q'(read) |           -|          -|        -|       -|      -|-     |
|    auto memory burst for 'A'(read) |           -|          -|        -|       -|      -|-     |
|    auto memory burst for 'r'(read) |           -|          -|        -|       -|      -|-     |
|    auto memory burst for 'A'(read) |           -|          -|        -|       -|      -|-     |
|    auto memory burst for 'p'(read) |           -|          -|        -|       -|      -|-     |
|    loop i (bicg_MEDIUM.c:20)       |           -|          -|        -|       -|      -|-     |
|        loop j (bicg_MEDIUM.c:24)   |           -|          -|        -|       -|      -|-     |
|    auto memory burst for 's'(write)|           -|          -|        -|       -|      -|-     |
|    auto memory burst for 'q'(write)|           -|          -|        -|       -|      -|-     |
+------------------------------------+------------+-----------+---------+--------+-------+------+
