

================================================================
== Vitis HLS Report for 'load_p_Pipeline_VITIS_LOOP_52_1'
================================================================
* Date:           Wed Dec 11 04:59:31 2024

* Version:        2023.2 (Build 4023990 on Oct 11 2023)
* Project:        kernel_nlp
* Solution:       solution (Vitis Kernel Flow Target)
* Product family: virtexuplusHBM
* Target device:  xcu55c-fsvh2892-2L-e


================================================================
== Performance Estimates
================================================================
+ Timing: 
    * Summary: 
    +--------+---------+----------+------------+
    |  Clock |  Target | Estimated| Uncertainty|
    +--------+---------+----------+------------+
    |ap_clk  |  4.55 ns|  3.318 ns|     1.23 ns|
    +--------+---------+----------+------------+

+ Latency: 
    * Summary: 
    +---------+---------+----------+----------+-----+-----+---------+
    |  Latency (cycles) |  Latency (absolute) |  Interval | Pipeline|
    |   min   |   max   |    min   |    max   | min | max |   Type  |
    +---------+---------+----------+----------+-----+-----+---------+
    |      197|      197|  0.895 us|  0.895 us|  197|  197|       no|
    +---------+---------+----------+----------+-----+-----+---------+

    + Detail: 
        * Instance: 
        N/A

        * Loop: 
        +-------------------+---------+---------+----------+-----------+-----------+------+----------+
        |                   |  Latency (cycles) | Iteration|  Initiation Interval  | Trip |          |
        |     Loop Name     |   min   |   max   |  Latency |  achieved |   target  | Count| Pipelined|
        +-------------------+---------+---------+----------+-----------+-----------+------+----------+
        |- VITIS_LOOP_52_1  |      195|      195|         2|          1|          1|   195|       yes|
        +-------------------+---------+---------+----------+-----------+-----------+------+----------+



================================================================
== Utilization Estimates
================================================================
* Summary: 
+---------------------+---------+------+---------+---------+-----+
|         Name        | BRAM_18K|  DSP |    FF   |   LUT   | URAM|
+---------------------+---------+------+---------+---------+-----+
|DSP                  |        -|     -|        -|        -|    -|
|Expression           |        -|     -|        0|       50|    -|
|FIFO                 |        -|     -|        -|        -|    -|
|Instance             |        -|     -|        -|        -|    -|
|Memory               |        -|     -|        -|        -|    -|
|Multiplexer          |        -|     -|        -|       63|    -|
|Register             |        -|     -|       29|        -|    -|
+---------------------+---------+------+---------+---------+-----+
|Total                |        0|     0|       29|      113|    0|
+---------------------+---------+------+---------+---------+-----+
|Available SLR        |     1344|  3008|   869120|   434560|  320|
+---------------------+---------+------+---------+---------+-----+
|Utilization SLR (%)  |        0|     0|       ~0|       ~0|    0|
+---------------------+---------+------+---------+---------+-----+
|Available            |     4032|  9024|  2607360|  1303680|  960|
+---------------------+---------+------+---------+---------+-----+
|Utilization (%)      |        0|     0|       ~0|       ~0|    0|
+---------------------+---------+------+---------+---------+-----+

+ Detail: 
    * Instance: 
    N/A

    * DSP: 
    N/A

    * Memory: 
    N/A

    * FIFO: 
    N/A

    * Expression: 
    +---------------------------+----------+----+---+----+------------+------------+
    |       Variable Name       | Operation| DSP| FF| LUT| Bitwidth P0| Bitwidth P1|
    +---------------------------+----------+----+---+----+------------+------------+
    |add_ln52_1_fu_3995_p2      |         +|   0|  0|  15|           8|           1|
    |add_ln52_fu_4001_p2        |         +|   0|  0|  16|           9|           2|
    |ap_block_pp0_stage0_01001  |       and|   0|  0|   2|           1|           1|
    |icmp_ln52_fu_3989_p2       |      icmp|   0|  0|  15|           8|           7|
    |ap_enable_pp0              |       xor|   0|  0|   2|           1|           2|
    +---------------------------+----------+----+---+----+------------+------------+
    |Total                      |          |   0|  0|  50|          27|          13|
    +---------------------------+----------+----+---+----+------------+------------+

    * Multiplexer: 
    +------------------------------+----+-----------+-----+-----------+
    |             Name             | LUT| Input Size| Bits| Total Bits|
    +------------------------------+----+-----------+-----+-----------+
    |ap_done_int                   |   9|          2|    1|          2|
    |ap_enable_reg_pp0_iter1       |   9|          2|    1|          2|
    |ap_sig_allocacmp_i0_4         |   9|          2|    9|         18|
    |ap_sig_allocacmp_indvar_load  |   9|          2|    8|         16|
    |i0_fu_1220                    |   9|          2|    9|         18|
    |indvar_fu_1224                |   9|          2|    8|         16|
    |kernel_p_blk_n_R              |   9|          2|    1|          2|
    +------------------------------+----+-----------+-----+-----------+
    |Total                         |  63|         14|   37|         74|
    +------------------------------+----+-----------+-----+-----------+

    * Register: 
    +-------------------------+---+----+-----+-----------+
    |           Name          | FF| LUT| Bits| Const Bits|
    +-------------------------+---+----+-----+-----------+
    |ap_CS_fsm                |  1|   0|    1|          0|
    |ap_done_reg              |  1|   0|    1|          0|
    |ap_enable_reg_pp0_iter1  |  1|   0|    1|          0|
    |i0_4_reg_4454            |  9|   0|    9|          0|
    |i0_fu_1220               |  9|   0|    9|          0|
    |indvar_fu_1224           |  8|   0|    8|          0|
    +-------------------------+---+----+-----+-----------+
    |Total                    | 29|   0|   29|          0|
    +-------------------------+---+----+-----+-----------+



================================================================
== Interface
================================================================
* Summary: 
+-------------------------+-----+-----+------------+---------------------------------+--------------+
|        RTL Ports        | Dir | Bits|  Protocol  |          Source Object          |    C Type    |
+-------------------------+-----+-----+------------+---------------------------------+--------------+
|ap_clk                   |   in|    1|  ap_ctrl_hs|  load_p_Pipeline_VITIS_LOOP_52_1|  return value|
|ap_rst                   |   in|    1|  ap_ctrl_hs|  load_p_Pipeline_VITIS_LOOP_52_1|  return value|
|ap_start                 |   in|    1|  ap_ctrl_hs|  load_p_Pipeline_VITIS_LOOP_52_1|  return value|
|ap_done                  |  out|    1|  ap_ctrl_hs|  load_p_Pipeline_VITIS_LOOP_52_1|  return value|
|ap_idle                  |  out|    1|  ap_ctrl_hs|  load_p_Pipeline_VITIS_LOOP_52_1|  return value|
|ap_ready                 |  out|    1|  ap_ctrl_hs|  load_p_Pipeline_VITIS_LOOP_52_1|  return value|
|m_axi_kernel_p_AWVALID   |  out|    1|       m_axi|                         kernel_p|       pointer|
|m_axi_kernel_p_AWREADY   |   in|    1|       m_axi|                         kernel_p|       pointer|
|m_axi_kernel_p_AWADDR    |  out|   64|       m_axi|                         kernel_p|       pointer|
|m_axi_kernel_p_AWID      |  out|    1|       m_axi|                         kernel_p|       pointer|
|m_axi_kernel_p_AWLEN     |  out|   32|       m_axi|                         kernel_p|       pointer|
|m_axi_kernel_p_AWSIZE    |  out|    3|       m_axi|                         kernel_p|       pointer|
|m_axi_kernel_p_AWBURST   |  out|    2|       m_axi|                         kernel_p|       pointer|
|m_axi_kernel_p_AWLOCK    |  out|    2|       m_axi|                         kernel_p|       pointer|
|m_axi_kernel_p_AWCACHE   |  out|    4|       m_axi|                         kernel_p|       pointer|
|m_axi_kernel_p_AWPROT    |  out|    3|       m_axi|                         kernel_p|       pointer|
|m_axi_kernel_p_AWQOS     |  out|    4|       m_axi|                         kernel_p|       pointer|
|m_axi_kernel_p_AWREGION  |  out|    4|       m_axi|                         kernel_p|       pointer|
|m_axi_kernel_p_AWUSER    |  out|    1|       m_axi|                         kernel_p|       pointer|
|m_axi_kernel_p_WVALID    |  out|    1|       m_axi|                         kernel_p|       pointer|
|m_axi_kernel_p_WREADY    |   in|    1|       m_axi|                         kernel_p|       pointer|
|m_axi_kernel_p_WDATA     |  out|   64|       m_axi|                         kernel_p|       pointer|
|m_axi_kernel_p_WSTRB     |  out|    8|       m_axi|                         kernel_p|       pointer|
|m_axi_kernel_p_WLAST     |  out|    1|       m_axi|                         kernel_p|       pointer|
|m_axi_kernel_p_WID       |  out|    1|       m_axi|                         kernel_p|       pointer|
|m_axi_kernel_p_WUSER     |  out|    1|       m_axi|                         kernel_p|       pointer|
|m_axi_kernel_p_ARVALID   |  out|    1|       m_axi|                         kernel_p|       pointer|
|m_axi_kernel_p_ARREADY   |   in|    1|       m_axi|                         kernel_p|       pointer|
|m_axi_kernel_p_ARADDR    |  out|   64|       m_axi|                         kernel_p|       pointer|
|m_axi_kernel_p_ARID      |  out|    1|       m_axi|                         kernel_p|       pointer|
|m_axi_kernel_p_ARLEN     |  out|   32|       m_axi|                         kernel_p|       pointer|
|m_axi_kernel_p_ARSIZE    |  out|    3|       m_axi|                         kernel_p|       pointer|
|m_axi_kernel_p_ARBURST   |  out|    2|       m_axi|                         kernel_p|       pointer|
|m_axi_kernel_p_ARLOCK    |  out|    2|       m_axi|                         kernel_p|       pointer|
|m_axi_kernel_p_ARCACHE   |  out|    4|       m_axi|                         kernel_p|       pointer|
|m_axi_kernel_p_ARPROT    |  out|    3|       m_axi|                         kernel_p|       pointer|
|m_axi_kernel_p_ARQOS     |  out|    4|       m_axi|                         kernel_p|       pointer|
|m_axi_kernel_p_ARREGION  |  out|    4|       m_axi|                         kernel_p|       pointer|
|m_axi_kernel_p_ARUSER    |  out|    1|       m_axi|                         kernel_p|       pointer|
|m_axi_kernel_p_RVALID    |   in|    1|       m_axi|                         kernel_p|       pointer|
|m_axi_kernel_p_RREADY    |  out|    1|       m_axi|                         kernel_p|       pointer|
|m_axi_kernel_p_RDATA     |   in|   64|       m_axi|                         kernel_p|       pointer|
|m_axi_kernel_p_RLAST     |   in|    1|       m_axi|                         kernel_p|       pointer|
|m_axi_kernel_p_RID       |   in|    1|       m_axi|                         kernel_p|       pointer|
|m_axi_kernel_p_RFIFONUM  |   in|    9|       m_axi|                         kernel_p|       pointer|
|m_axi_kernel_p_RUSER     |   in|    1|       m_axi|                         kernel_p|       pointer|
|m_axi_kernel_p_RRESP     |   in|    2|       m_axi|                         kernel_p|       pointer|
|m_axi_kernel_p_BVALID    |   in|    1|       m_axi|                         kernel_p|       pointer|
|m_axi_kernel_p_BREADY    |  out|    1|       m_axi|                         kernel_p|       pointer|
|m_axi_kernel_p_BRESP     |   in|    2|       m_axi|                         kernel_p|       pointer|
|m_axi_kernel_p_BID       |   in|    1|       m_axi|                         kernel_p|       pointer|
|m_axi_kernel_p_BUSER     |   in|    1|       m_axi|                         kernel_p|       pointer|
|p_0                      |  out|   32|      ap_vld|                              p_0|       pointer|
|p_0_ap_vld               |  out|    1|      ap_vld|                              p_0|       pointer|
|p_1                      |  out|   32|      ap_vld|                              p_1|       pointer|
|p_1_ap_vld               |  out|    1|      ap_vld|                              p_1|       pointer|
|sext_ln52                |   in|   61|     ap_none|                        sext_ln52|        scalar|
|p_389                    |  out|   32|      ap_vld|                            p_389|       pointer|
|p_389_ap_vld             |  out|    1|      ap_vld|                            p_389|       pointer|
|p_388                    |  out|   32|      ap_vld|                            p_388|       pointer|
|p_388_ap_vld             |  out|    1|      ap_vld|                            p_388|       pointer|
|p_387                    |  out|   32|      ap_vld|                            p_387|       pointer|
|p_387_ap_vld             |  out|    1|      ap_vld|                            p_387|       pointer|
|p_386                    |  out|   32|      ap_vld|                            p_386|       pointer|
|p_386_ap_vld             |  out|    1|      ap_vld|                            p_386|       pointer|
|p_385                    |  out|   32|      ap_vld|                            p_385|       pointer|
|p_385_ap_vld             |  out|    1|      ap_vld|                            p_385|       pointer|
|p_384                    |  out|   32|      ap_vld|                            p_384|       pointer|
|p_384_ap_vld             |  out|    1|      ap_vld|                            p_384|       pointer|
|p_383                    |  out|   32|      ap_vld|                            p_383|       pointer|
|p_383_ap_vld             |  out|    1|      ap_vld|                            p_383|       pointer|
|p_382                    |  out|   32|      ap_vld|                            p_382|       pointer|
|p_382_ap_vld             |  out|    1|      ap_vld|                            p_382|       pointer|
|p_381                    |  out|   32|      ap_vld|                            p_381|       pointer|
|p_381_ap_vld             |  out|    1|      ap_vld|                            p_381|       pointer|
|p_380                    |  out|   32|      ap_vld|                            p_380|       pointer|
|p_380_ap_vld             |  out|    1|      ap_vld|                            p_380|       pointer|
|p_379                    |  out|   32|      ap_vld|                            p_379|       pointer|
|p_379_ap_vld             |  out|    1|      ap_vld|                            p_379|       pointer|
|p_378                    |  out|   32|      ap_vld|                            p_378|       pointer|
|p_378_ap_vld             |  out|    1|      ap_vld|                            p_378|       pointer|
|p_377                    |  out|   32|      ap_vld|                            p_377|       pointer|
|p_377_ap_vld             |  out|    1|      ap_vld|                            p_377|       pointer|
|p_376                    |  out|   32|      ap_vld|                            p_376|       pointer|
|p_376_ap_vld             |  out|    1|      ap_vld|                            p_376|       pointer|
|p_375                    |  out|   32|      ap_vld|                            p_375|       pointer|
|p_375_ap_vld             |  out|    1|      ap_vld|                            p_375|       pointer|
|p_374                    |  out|   32|      ap_vld|                            p_374|       pointer|
|p_374_ap_vld             |  out|    1|      ap_vld|                            p_374|       pointer|
|p_373                    |  out|   32|      ap_vld|                            p_373|       pointer|
|p_373_ap_vld             |  out|    1|      ap_vld|                            p_373|       pointer|
|p_372                    |  out|   32|      ap_vld|                            p_372|       pointer|
|p_372_ap_vld             |  out|    1|      ap_vld|                            p_372|       pointer|
|p_371                    |  out|   32|      ap_vld|                            p_371|       pointer|
|p_371_ap_vld             |  out|    1|      ap_vld|                            p_371|       pointer|
|p_370                    |  out|   32|      ap_vld|                            p_370|       pointer|
|p_370_ap_vld             |  out|    1|      ap_vld|                            p_370|       pointer|
|p_369                    |  out|   32|      ap_vld|                            p_369|       pointer|
|p_369_ap_vld             |  out|    1|      ap_vld|                            p_369|       pointer|
|p_368                    |  out|   32|      ap_vld|                            p_368|       pointer|
|p_368_ap_vld             |  out|    1|      ap_vld|                            p_368|       pointer|
|p_367                    |  out|   32|      ap_vld|                            p_367|       pointer|
|p_367_ap_vld             |  out|    1|      ap_vld|                            p_367|       pointer|
|p_366                    |  out|   32|      ap_vld|                            p_366|       pointer|
|p_366_ap_vld             |  out|    1|      ap_vld|                            p_366|       pointer|
|p_365                    |  out|   32|      ap_vld|                            p_365|       pointer|
|p_365_ap_vld             |  out|    1|      ap_vld|                            p_365|       pointer|
|p_364                    |  out|   32|      ap_vld|                            p_364|       pointer|
|p_364_ap_vld             |  out|    1|      ap_vld|                            p_364|       pointer|
|p_363                    |  out|   32|      ap_vld|                            p_363|       pointer|
|p_363_ap_vld             |  out|    1|      ap_vld|                            p_363|       pointer|
|p_362                    |  out|   32|      ap_vld|                            p_362|       pointer|
|p_362_ap_vld             |  out|    1|      ap_vld|                            p_362|       pointer|
|p_361                    |  out|   32|      ap_vld|                            p_361|       pointer|
|p_361_ap_vld             |  out|    1|      ap_vld|                            p_361|       pointer|
|p_360                    |  out|   32|      ap_vld|                            p_360|       pointer|
|p_360_ap_vld             |  out|    1|      ap_vld|                            p_360|       pointer|
|p_359                    |  out|   32|      ap_vld|                            p_359|       pointer|
|p_359_ap_vld             |  out|    1|      ap_vld|                            p_359|       pointer|
|p_358                    |  out|   32|      ap_vld|                            p_358|       pointer|
|p_358_ap_vld             |  out|    1|      ap_vld|                            p_358|       pointer|
|p_357                    |  out|   32|      ap_vld|                            p_357|       pointer|
|p_357_ap_vld             |  out|    1|      ap_vld|                            p_357|       pointer|
|p_356                    |  out|   32|      ap_vld|                            p_356|       pointer|
|p_356_ap_vld             |  out|    1|      ap_vld|                            p_356|       pointer|
|p_355                    |  out|   32|      ap_vld|                            p_355|       pointer|
|p_355_ap_vld             |  out|    1|      ap_vld|                            p_355|       pointer|
|p_354                    |  out|   32|      ap_vld|                            p_354|       pointer|
|p_354_ap_vld             |  out|    1|      ap_vld|                            p_354|       pointer|
|p_353                    |  out|   32|      ap_vld|                            p_353|       pointer|
|p_353_ap_vld             |  out|    1|      ap_vld|                            p_353|       pointer|
|p_352                    |  out|   32|      ap_vld|                            p_352|       pointer|
|p_352_ap_vld             |  out|    1|      ap_vld|                            p_352|       pointer|
|p_351                    |  out|   32|      ap_vld|                            p_351|       pointer|
|p_351_ap_vld             |  out|    1|      ap_vld|                            p_351|       pointer|
|p_350                    |  out|   32|      ap_vld|                            p_350|       pointer|
|p_350_ap_vld             |  out|    1|      ap_vld|                            p_350|       pointer|
|p_349                    |  out|   32|      ap_vld|                            p_349|       pointer|
|p_349_ap_vld             |  out|    1|      ap_vld|                            p_349|       pointer|
|p_348                    |  out|   32|      ap_vld|                            p_348|       pointer|
|p_348_ap_vld             |  out|    1|      ap_vld|                            p_348|       pointer|
|p_347                    |  out|   32|      ap_vld|                            p_347|       pointer|
|p_347_ap_vld             |  out|    1|      ap_vld|                            p_347|       pointer|
|p_346                    |  out|   32|      ap_vld|                            p_346|       pointer|
|p_346_ap_vld             |  out|    1|      ap_vld|                            p_346|       pointer|
|p_345                    |  out|   32|      ap_vld|                            p_345|       pointer|
|p_345_ap_vld             |  out|    1|      ap_vld|                            p_345|       pointer|
|p_344                    |  out|   32|      ap_vld|                            p_344|       pointer|
|p_344_ap_vld             |  out|    1|      ap_vld|                            p_344|       pointer|
|p_343                    |  out|   32|      ap_vld|                            p_343|       pointer|
|p_343_ap_vld             |  out|    1|      ap_vld|                            p_343|       pointer|
|p_342                    |  out|   32|      ap_vld|                            p_342|       pointer|
|p_342_ap_vld             |  out|    1|      ap_vld|                            p_342|       pointer|
|p_341                    |  out|   32|      ap_vld|                            p_341|       pointer|
|p_341_ap_vld             |  out|    1|      ap_vld|                            p_341|       pointer|
|p_340                    |  out|   32|      ap_vld|                            p_340|       pointer|
|p_340_ap_vld             |  out|    1|      ap_vld|                            p_340|       pointer|
|p_339                    |  out|   32|      ap_vld|                            p_339|       pointer|
|p_339_ap_vld             |  out|    1|      ap_vld|                            p_339|       pointer|
|p_338                    |  out|   32|      ap_vld|                            p_338|       pointer|
|p_338_ap_vld             |  out|    1|      ap_vld|                            p_338|       pointer|
|p_337                    |  out|   32|      ap_vld|                            p_337|       pointer|
|p_337_ap_vld             |  out|    1|      ap_vld|                            p_337|       pointer|
|p_336                    |  out|   32|      ap_vld|                            p_336|       pointer|
|p_336_ap_vld             |  out|    1|      ap_vld|                            p_336|       pointer|
|p_335                    |  out|   32|      ap_vld|                            p_335|       pointer|
|p_335_ap_vld             |  out|    1|      ap_vld|                            p_335|       pointer|
|p_334                    |  out|   32|      ap_vld|                            p_334|       pointer|
|p_334_ap_vld             |  out|    1|      ap_vld|                            p_334|       pointer|
|p_333                    |  out|   32|      ap_vld|                            p_333|       pointer|
|p_333_ap_vld             |  out|    1|      ap_vld|                            p_333|       pointer|
|p_332                    |  out|   32|      ap_vld|                            p_332|       pointer|
|p_332_ap_vld             |  out|    1|      ap_vld|                            p_332|       pointer|
|p_331                    |  out|   32|      ap_vld|                            p_331|       pointer|
|p_331_ap_vld             |  out|    1|      ap_vld|                            p_331|       pointer|
|p_330                    |  out|   32|      ap_vld|                            p_330|       pointer|
|p_330_ap_vld             |  out|    1|      ap_vld|                            p_330|       pointer|
|p_329                    |  out|   32|      ap_vld|                            p_329|       pointer|
|p_329_ap_vld             |  out|    1|      ap_vld|                            p_329|       pointer|
|p_328                    |  out|   32|      ap_vld|                            p_328|       pointer|
|p_328_ap_vld             |  out|    1|      ap_vld|                            p_328|       pointer|
|p_327                    |  out|   32|      ap_vld|                            p_327|       pointer|
|p_327_ap_vld             |  out|    1|      ap_vld|                            p_327|       pointer|
|p_326                    |  out|   32|      ap_vld|                            p_326|       pointer|
|p_326_ap_vld             |  out|    1|      ap_vld|                            p_326|       pointer|
|p_325                    |  out|   32|      ap_vld|                            p_325|       pointer|
|p_325_ap_vld             |  out|    1|      ap_vld|                            p_325|       pointer|
|p_324                    |  out|   32|      ap_vld|                            p_324|       pointer|
|p_324_ap_vld             |  out|    1|      ap_vld|                            p_324|       pointer|
|p_323                    |  out|   32|      ap_vld|                            p_323|       pointer|
|p_323_ap_vld             |  out|    1|      ap_vld|                            p_323|       pointer|
|p_322                    |  out|   32|      ap_vld|                            p_322|       pointer|
|p_322_ap_vld             |  out|    1|      ap_vld|                            p_322|       pointer|
|p_321                    |  out|   32|      ap_vld|                            p_321|       pointer|
|p_321_ap_vld             |  out|    1|      ap_vld|                            p_321|       pointer|
|p_320                    |  out|   32|      ap_vld|                            p_320|       pointer|
|p_320_ap_vld             |  out|    1|      ap_vld|                            p_320|       pointer|
|p_319                    |  out|   32|      ap_vld|                            p_319|       pointer|
|p_319_ap_vld             |  out|    1|      ap_vld|                            p_319|       pointer|
|p_318                    |  out|   32|      ap_vld|                            p_318|       pointer|
|p_318_ap_vld             |  out|    1|      ap_vld|                            p_318|       pointer|
|p_317                    |  out|   32|      ap_vld|                            p_317|       pointer|
|p_317_ap_vld             |  out|    1|      ap_vld|                            p_317|       pointer|
|p_316                    |  out|   32|      ap_vld|                            p_316|       pointer|
|p_316_ap_vld             |  out|    1|      ap_vld|                            p_316|       pointer|
|p_315                    |  out|   32|      ap_vld|                            p_315|       pointer|
|p_315_ap_vld             |  out|    1|      ap_vld|                            p_315|       pointer|
|p_314                    |  out|   32|      ap_vld|                            p_314|       pointer|
|p_314_ap_vld             |  out|    1|      ap_vld|                            p_314|       pointer|
|p_313                    |  out|   32|      ap_vld|                            p_313|       pointer|
|p_313_ap_vld             |  out|    1|      ap_vld|                            p_313|       pointer|
|p_312                    |  out|   32|      ap_vld|                            p_312|       pointer|
|p_312_ap_vld             |  out|    1|      ap_vld|                            p_312|       pointer|
|p_311                    |  out|   32|      ap_vld|                            p_311|       pointer|
|p_311_ap_vld             |  out|    1|      ap_vld|                            p_311|       pointer|
|p_310                    |  out|   32|      ap_vld|                            p_310|       pointer|
|p_310_ap_vld             |  out|    1|      ap_vld|                            p_310|       pointer|
|p_309                    |  out|   32|      ap_vld|                            p_309|       pointer|
|p_309_ap_vld             |  out|    1|      ap_vld|                            p_309|       pointer|
|p_308                    |  out|   32|      ap_vld|                            p_308|       pointer|
|p_308_ap_vld             |  out|    1|      ap_vld|                            p_308|       pointer|
|p_307                    |  out|   32|      ap_vld|                            p_307|       pointer|
|p_307_ap_vld             |  out|    1|      ap_vld|                            p_307|       pointer|
|p_306                    |  out|   32|      ap_vld|                            p_306|       pointer|
|p_306_ap_vld             |  out|    1|      ap_vld|                            p_306|       pointer|
|p_305                    |  out|   32|      ap_vld|                            p_305|       pointer|
|p_305_ap_vld             |  out|    1|      ap_vld|                            p_305|       pointer|
|p_304                    |  out|   32|      ap_vld|                            p_304|       pointer|
|p_304_ap_vld             |  out|    1|      ap_vld|                            p_304|       pointer|
|p_303                    |  out|   32|      ap_vld|                            p_303|       pointer|
|p_303_ap_vld             |  out|    1|      ap_vld|                            p_303|       pointer|
|p_302                    |  out|   32|      ap_vld|                            p_302|       pointer|
|p_302_ap_vld             |  out|    1|      ap_vld|                            p_302|       pointer|
|p_301                    |  out|   32|      ap_vld|                            p_301|       pointer|
|p_301_ap_vld             |  out|    1|      ap_vld|                            p_301|       pointer|
|p_300                    |  out|   32|      ap_vld|                            p_300|       pointer|
|p_300_ap_vld             |  out|    1|      ap_vld|                            p_300|       pointer|
|p_299                    |  out|   32|      ap_vld|                            p_299|       pointer|
|p_299_ap_vld             |  out|    1|      ap_vld|                            p_299|       pointer|
|p_298                    |  out|   32|      ap_vld|                            p_298|       pointer|
|p_298_ap_vld             |  out|    1|      ap_vld|                            p_298|       pointer|
|p_297                    |  out|   32|      ap_vld|                            p_297|       pointer|
|p_297_ap_vld             |  out|    1|      ap_vld|                            p_297|       pointer|
|p_296                    |  out|   32|      ap_vld|                            p_296|       pointer|
|p_296_ap_vld             |  out|    1|      ap_vld|                            p_296|       pointer|
|p_295                    |  out|   32|      ap_vld|                            p_295|       pointer|
|p_295_ap_vld             |  out|    1|      ap_vld|                            p_295|       pointer|
|p_294                    |  out|   32|      ap_vld|                            p_294|       pointer|
|p_294_ap_vld             |  out|    1|      ap_vld|                            p_294|       pointer|
|p_293                    |  out|   32|      ap_vld|                            p_293|       pointer|
|p_293_ap_vld             |  out|    1|      ap_vld|                            p_293|       pointer|
|p_292                    |  out|   32|      ap_vld|                            p_292|       pointer|
|p_292_ap_vld             |  out|    1|      ap_vld|                            p_292|       pointer|
|p_291                    |  out|   32|      ap_vld|                            p_291|       pointer|
|p_291_ap_vld             |  out|    1|      ap_vld|                            p_291|       pointer|
|p_290                    |  out|   32|      ap_vld|                            p_290|       pointer|
|p_290_ap_vld             |  out|    1|      ap_vld|                            p_290|       pointer|
|p_289                    |  out|   32|      ap_vld|                            p_289|       pointer|
|p_289_ap_vld             |  out|    1|      ap_vld|                            p_289|       pointer|
|p_288                    |  out|   32|      ap_vld|                            p_288|       pointer|
|p_288_ap_vld             |  out|    1|      ap_vld|                            p_288|       pointer|
|p_287                    |  out|   32|      ap_vld|                            p_287|       pointer|
|p_287_ap_vld             |  out|    1|      ap_vld|                            p_287|       pointer|
|p_286                    |  out|   32|      ap_vld|                            p_286|       pointer|
|p_286_ap_vld             |  out|    1|      ap_vld|                            p_286|       pointer|
|p_285                    |  out|   32|      ap_vld|                            p_285|       pointer|
|p_285_ap_vld             |  out|    1|      ap_vld|                            p_285|       pointer|
|p_284                    |  out|   32|      ap_vld|                            p_284|       pointer|
|p_284_ap_vld             |  out|    1|      ap_vld|                            p_284|       pointer|
|p_283                    |  out|   32|      ap_vld|                            p_283|       pointer|
|p_283_ap_vld             |  out|    1|      ap_vld|                            p_283|       pointer|
|p_282                    |  out|   32|      ap_vld|                            p_282|       pointer|
|p_282_ap_vld             |  out|    1|      ap_vld|                            p_282|       pointer|
|p_281                    |  out|   32|      ap_vld|                            p_281|       pointer|
|p_281_ap_vld             |  out|    1|      ap_vld|                            p_281|       pointer|
|p_280                    |  out|   32|      ap_vld|                            p_280|       pointer|
|p_280_ap_vld             |  out|    1|      ap_vld|                            p_280|       pointer|
|p_279                    |  out|   32|      ap_vld|                            p_279|       pointer|
|p_279_ap_vld             |  out|    1|      ap_vld|                            p_279|       pointer|
|p_278                    |  out|   32|      ap_vld|                            p_278|       pointer|
|p_278_ap_vld             |  out|    1|      ap_vld|                            p_278|       pointer|
|p_277                    |  out|   32|      ap_vld|                            p_277|       pointer|
|p_277_ap_vld             |  out|    1|      ap_vld|                            p_277|       pointer|
|p_276                    |  out|   32|      ap_vld|                            p_276|       pointer|
|p_276_ap_vld             |  out|    1|      ap_vld|                            p_276|       pointer|
|p_275                    |  out|   32|      ap_vld|                            p_275|       pointer|
|p_275_ap_vld             |  out|    1|      ap_vld|                            p_275|       pointer|
|p_274                    |  out|   32|      ap_vld|                            p_274|       pointer|
|p_274_ap_vld             |  out|    1|      ap_vld|                            p_274|       pointer|
|p_273                    |  out|   32|      ap_vld|                            p_273|       pointer|
|p_273_ap_vld             |  out|    1|      ap_vld|                            p_273|       pointer|
|p_272                    |  out|   32|      ap_vld|                            p_272|       pointer|
|p_272_ap_vld             |  out|    1|      ap_vld|                            p_272|       pointer|
|p_271                    |  out|   32|      ap_vld|                            p_271|       pointer|
|p_271_ap_vld             |  out|    1|      ap_vld|                            p_271|       pointer|
|p_270                    |  out|   32|      ap_vld|                            p_270|       pointer|
|p_270_ap_vld             |  out|    1|      ap_vld|                            p_270|       pointer|
|p_269                    |  out|   32|      ap_vld|                            p_269|       pointer|
|p_269_ap_vld             |  out|    1|      ap_vld|                            p_269|       pointer|
|p_268                    |  out|   32|      ap_vld|                            p_268|       pointer|
|p_268_ap_vld             |  out|    1|      ap_vld|                            p_268|       pointer|
|p_267                    |  out|   32|      ap_vld|                            p_267|       pointer|
|p_267_ap_vld             |  out|    1|      ap_vld|                            p_267|       pointer|
|p_266                    |  out|   32|      ap_vld|                            p_266|       pointer|
|p_266_ap_vld             |  out|    1|      ap_vld|                            p_266|       pointer|
|p_265                    |  out|   32|      ap_vld|                            p_265|       pointer|
|p_265_ap_vld             |  out|    1|      ap_vld|                            p_265|       pointer|
|p_264                    |  out|   32|      ap_vld|                            p_264|       pointer|
|p_264_ap_vld             |  out|    1|      ap_vld|                            p_264|       pointer|
|p_263                    |  out|   32|      ap_vld|                            p_263|       pointer|
|p_263_ap_vld             |  out|    1|      ap_vld|                            p_263|       pointer|
|p_262                    |  out|   32|      ap_vld|                            p_262|       pointer|
|p_262_ap_vld             |  out|    1|      ap_vld|                            p_262|       pointer|
|p_261                    |  out|   32|      ap_vld|                            p_261|       pointer|
|p_261_ap_vld             |  out|    1|      ap_vld|                            p_261|       pointer|
|p_260                    |  out|   32|      ap_vld|                            p_260|       pointer|
|p_260_ap_vld             |  out|    1|      ap_vld|                            p_260|       pointer|
|p_259                    |  out|   32|      ap_vld|                            p_259|       pointer|
|p_259_ap_vld             |  out|    1|      ap_vld|                            p_259|       pointer|
|p_258                    |  out|   32|      ap_vld|                            p_258|       pointer|
|p_258_ap_vld             |  out|    1|      ap_vld|                            p_258|       pointer|
|p_257                    |  out|   32|      ap_vld|                            p_257|       pointer|
|p_257_ap_vld             |  out|    1|      ap_vld|                            p_257|       pointer|
|p_256                    |  out|   32|      ap_vld|                            p_256|       pointer|
|p_256_ap_vld             |  out|    1|      ap_vld|                            p_256|       pointer|
|p_255                    |  out|   32|      ap_vld|                            p_255|       pointer|
|p_255_ap_vld             |  out|    1|      ap_vld|                            p_255|       pointer|
|p_254                    |  out|   32|      ap_vld|                            p_254|       pointer|
|p_254_ap_vld             |  out|    1|      ap_vld|                            p_254|       pointer|
|p_253                    |  out|   32|      ap_vld|                            p_253|       pointer|
|p_253_ap_vld             |  out|    1|      ap_vld|                            p_253|       pointer|
|p_252                    |  out|   32|      ap_vld|                            p_252|       pointer|
|p_252_ap_vld             |  out|    1|      ap_vld|                            p_252|       pointer|
|p_251                    |  out|   32|      ap_vld|                            p_251|       pointer|
|p_251_ap_vld             |  out|    1|      ap_vld|                            p_251|       pointer|
|p_250                    |  out|   32|      ap_vld|                            p_250|       pointer|
|p_250_ap_vld             |  out|    1|      ap_vld|                            p_250|       pointer|
|p_249                    |  out|   32|      ap_vld|                            p_249|       pointer|
|p_249_ap_vld             |  out|    1|      ap_vld|                            p_249|       pointer|
|p_248                    |  out|   32|      ap_vld|                            p_248|       pointer|
|p_248_ap_vld             |  out|    1|      ap_vld|                            p_248|       pointer|
|p_247                    |  out|   32|      ap_vld|                            p_247|       pointer|
|p_247_ap_vld             |  out|    1|      ap_vld|                            p_247|       pointer|
|p_246                    |  out|   32|      ap_vld|                            p_246|       pointer|
|p_246_ap_vld             |  out|    1|      ap_vld|                            p_246|       pointer|
|p_245                    |  out|   32|      ap_vld|                            p_245|       pointer|
|p_245_ap_vld             |  out|    1|      ap_vld|                            p_245|       pointer|
|p_244                    |  out|   32|      ap_vld|                            p_244|       pointer|
|p_244_ap_vld             |  out|    1|      ap_vld|                            p_244|       pointer|
|p_243                    |  out|   32|      ap_vld|                            p_243|       pointer|
|p_243_ap_vld             |  out|    1|      ap_vld|                            p_243|       pointer|
|p_242                    |  out|   32|      ap_vld|                            p_242|       pointer|
|p_242_ap_vld             |  out|    1|      ap_vld|                            p_242|       pointer|
|p_241                    |  out|   32|      ap_vld|                            p_241|       pointer|
|p_241_ap_vld             |  out|    1|      ap_vld|                            p_241|       pointer|
|p_240                    |  out|   32|      ap_vld|                            p_240|       pointer|
|p_240_ap_vld             |  out|    1|      ap_vld|                            p_240|       pointer|
|p_239                    |  out|   32|      ap_vld|                            p_239|       pointer|
|p_239_ap_vld             |  out|    1|      ap_vld|                            p_239|       pointer|
|p_238                    |  out|   32|      ap_vld|                            p_238|       pointer|
|p_238_ap_vld             |  out|    1|      ap_vld|                            p_238|       pointer|
|p_237                    |  out|   32|      ap_vld|                            p_237|       pointer|
|p_237_ap_vld             |  out|    1|      ap_vld|                            p_237|       pointer|
|p_236                    |  out|   32|      ap_vld|                            p_236|       pointer|
|p_236_ap_vld             |  out|    1|      ap_vld|                            p_236|       pointer|
|p_235                    |  out|   32|      ap_vld|                            p_235|       pointer|
|p_235_ap_vld             |  out|    1|      ap_vld|                            p_235|       pointer|
|p_234                    |  out|   32|      ap_vld|                            p_234|       pointer|
|p_234_ap_vld             |  out|    1|      ap_vld|                            p_234|       pointer|
|p_233                    |  out|   32|      ap_vld|                            p_233|       pointer|
|p_233_ap_vld             |  out|    1|      ap_vld|                            p_233|       pointer|
|p_232                    |  out|   32|      ap_vld|                            p_232|       pointer|
|p_232_ap_vld             |  out|    1|      ap_vld|                            p_232|       pointer|
|p_231                    |  out|   32|      ap_vld|                            p_231|       pointer|
|p_231_ap_vld             |  out|    1|      ap_vld|                            p_231|       pointer|
|p_230                    |  out|   32|      ap_vld|                            p_230|       pointer|
|p_230_ap_vld             |  out|    1|      ap_vld|                            p_230|       pointer|
|p_229                    |  out|   32|      ap_vld|                            p_229|       pointer|
|p_229_ap_vld             |  out|    1|      ap_vld|                            p_229|       pointer|
|p_228                    |  out|   32|      ap_vld|                            p_228|       pointer|
|p_228_ap_vld             |  out|    1|      ap_vld|                            p_228|       pointer|
|p_227                    |  out|   32|      ap_vld|                            p_227|       pointer|
|p_227_ap_vld             |  out|    1|      ap_vld|                            p_227|       pointer|
|p_226                    |  out|   32|      ap_vld|                            p_226|       pointer|
|p_226_ap_vld             |  out|    1|      ap_vld|                            p_226|       pointer|
|p_225                    |  out|   32|      ap_vld|                            p_225|       pointer|
|p_225_ap_vld             |  out|    1|      ap_vld|                            p_225|       pointer|
|p_224                    |  out|   32|      ap_vld|                            p_224|       pointer|
|p_224_ap_vld             |  out|    1|      ap_vld|                            p_224|       pointer|
|p_223                    |  out|   32|      ap_vld|                            p_223|       pointer|
|p_223_ap_vld             |  out|    1|      ap_vld|                            p_223|       pointer|
|p_222                    |  out|   32|      ap_vld|                            p_222|       pointer|
|p_222_ap_vld             |  out|    1|      ap_vld|                            p_222|       pointer|
|p_221                    |  out|   32|      ap_vld|                            p_221|       pointer|
|p_221_ap_vld             |  out|    1|      ap_vld|                            p_221|       pointer|
|p_220                    |  out|   32|      ap_vld|                            p_220|       pointer|
|p_220_ap_vld             |  out|    1|      ap_vld|                            p_220|       pointer|
|p_219                    |  out|   32|      ap_vld|                            p_219|       pointer|
|p_219_ap_vld             |  out|    1|      ap_vld|                            p_219|       pointer|
|p_218                    |  out|   32|      ap_vld|                            p_218|       pointer|
|p_218_ap_vld             |  out|    1|      ap_vld|                            p_218|       pointer|
|p_217                    |  out|   32|      ap_vld|                            p_217|       pointer|
|p_217_ap_vld             |  out|    1|      ap_vld|                            p_217|       pointer|
|p_216                    |  out|   32|      ap_vld|                            p_216|       pointer|
|p_216_ap_vld             |  out|    1|      ap_vld|                            p_216|       pointer|
|p_215                    |  out|   32|      ap_vld|                            p_215|       pointer|
|p_215_ap_vld             |  out|    1|      ap_vld|                            p_215|       pointer|
|p_214                    |  out|   32|      ap_vld|                            p_214|       pointer|
|p_214_ap_vld             |  out|    1|      ap_vld|                            p_214|       pointer|
|p_213                    |  out|   32|      ap_vld|                            p_213|       pointer|
|p_213_ap_vld             |  out|    1|      ap_vld|                            p_213|       pointer|
|p_212                    |  out|   32|      ap_vld|                            p_212|       pointer|
|p_212_ap_vld             |  out|    1|      ap_vld|                            p_212|       pointer|
|p_211                    |  out|   32|      ap_vld|                            p_211|       pointer|
|p_211_ap_vld             |  out|    1|      ap_vld|                            p_211|       pointer|
|p_210                    |  out|   32|      ap_vld|                            p_210|       pointer|
|p_210_ap_vld             |  out|    1|      ap_vld|                            p_210|       pointer|
|p_209                    |  out|   32|      ap_vld|                            p_209|       pointer|
|p_209_ap_vld             |  out|    1|      ap_vld|                            p_209|       pointer|
|p_208                    |  out|   32|      ap_vld|                            p_208|       pointer|
|p_208_ap_vld             |  out|    1|      ap_vld|                            p_208|       pointer|
|p_207                    |  out|   32|      ap_vld|                            p_207|       pointer|
|p_207_ap_vld             |  out|    1|      ap_vld|                            p_207|       pointer|
|p_206                    |  out|   32|      ap_vld|                            p_206|       pointer|
|p_206_ap_vld             |  out|    1|      ap_vld|                            p_206|       pointer|
|p_205                    |  out|   32|      ap_vld|                            p_205|       pointer|
|p_205_ap_vld             |  out|    1|      ap_vld|                            p_205|       pointer|
|p_204                    |  out|   32|      ap_vld|                            p_204|       pointer|
|p_204_ap_vld             |  out|    1|      ap_vld|                            p_204|       pointer|
|p_203                    |  out|   32|      ap_vld|                            p_203|       pointer|
|p_203_ap_vld             |  out|    1|      ap_vld|                            p_203|       pointer|
|p_202                    |  out|   32|      ap_vld|                            p_202|       pointer|
|p_202_ap_vld             |  out|    1|      ap_vld|                            p_202|       pointer|
|p_201                    |  out|   32|      ap_vld|                            p_201|       pointer|
|p_201_ap_vld             |  out|    1|      ap_vld|                            p_201|       pointer|
|p_200                    |  out|   32|      ap_vld|                            p_200|       pointer|
|p_200_ap_vld             |  out|    1|      ap_vld|                            p_200|       pointer|
|p_199                    |  out|   32|      ap_vld|                            p_199|       pointer|
|p_199_ap_vld             |  out|    1|      ap_vld|                            p_199|       pointer|
|p_198                    |  out|   32|      ap_vld|                            p_198|       pointer|
|p_198_ap_vld             |  out|    1|      ap_vld|                            p_198|       pointer|
|p_197                    |  out|   32|      ap_vld|                            p_197|       pointer|
|p_197_ap_vld             |  out|    1|      ap_vld|                            p_197|       pointer|
|p_196                    |  out|   32|      ap_vld|                            p_196|       pointer|
|p_196_ap_vld             |  out|    1|      ap_vld|                            p_196|       pointer|
|p_195                    |  out|   32|      ap_vld|                            p_195|       pointer|
|p_195_ap_vld             |  out|    1|      ap_vld|                            p_195|       pointer|
|p_194                    |  out|   32|      ap_vld|                            p_194|       pointer|
|p_194_ap_vld             |  out|    1|      ap_vld|                            p_194|       pointer|
|p_193                    |  out|   32|      ap_vld|                            p_193|       pointer|
|p_193_ap_vld             |  out|    1|      ap_vld|                            p_193|       pointer|
|p_192                    |  out|   32|      ap_vld|                            p_192|       pointer|
|p_192_ap_vld             |  out|    1|      ap_vld|                            p_192|       pointer|
|p_191                    |  out|   32|      ap_vld|                            p_191|       pointer|
|p_191_ap_vld             |  out|    1|      ap_vld|                            p_191|       pointer|
|p_190                    |  out|   32|      ap_vld|                            p_190|       pointer|
|p_190_ap_vld             |  out|    1|      ap_vld|                            p_190|       pointer|
|p_189                    |  out|   32|      ap_vld|                            p_189|       pointer|
|p_189_ap_vld             |  out|    1|      ap_vld|                            p_189|       pointer|
|p_188                    |  out|   32|      ap_vld|                            p_188|       pointer|
|p_188_ap_vld             |  out|    1|      ap_vld|                            p_188|       pointer|
|p_187                    |  out|   32|      ap_vld|                            p_187|       pointer|
|p_187_ap_vld             |  out|    1|      ap_vld|                            p_187|       pointer|
|p_186                    |  out|   32|      ap_vld|                            p_186|       pointer|
|p_186_ap_vld             |  out|    1|      ap_vld|                            p_186|       pointer|
|p_185                    |  out|   32|      ap_vld|                            p_185|       pointer|
|p_185_ap_vld             |  out|    1|      ap_vld|                            p_185|       pointer|
|p_184                    |  out|   32|      ap_vld|                            p_184|       pointer|
|p_184_ap_vld             |  out|    1|      ap_vld|                            p_184|       pointer|
|p_183                    |  out|   32|      ap_vld|                            p_183|       pointer|
|p_183_ap_vld             |  out|    1|      ap_vld|                            p_183|       pointer|
|p_182                    |  out|   32|      ap_vld|                            p_182|       pointer|
|p_182_ap_vld             |  out|    1|      ap_vld|                            p_182|       pointer|
|p_181                    |  out|   32|      ap_vld|                            p_181|       pointer|
|p_181_ap_vld             |  out|    1|      ap_vld|                            p_181|       pointer|
|p_180                    |  out|   32|      ap_vld|                            p_180|       pointer|
|p_180_ap_vld             |  out|    1|      ap_vld|                            p_180|       pointer|
|p_179                    |  out|   32|      ap_vld|                            p_179|       pointer|
|p_179_ap_vld             |  out|    1|      ap_vld|                            p_179|       pointer|
|p_178                    |  out|   32|      ap_vld|                            p_178|       pointer|
|p_178_ap_vld             |  out|    1|      ap_vld|                            p_178|       pointer|
|p_177                    |  out|   32|      ap_vld|                            p_177|       pointer|
|p_177_ap_vld             |  out|    1|      ap_vld|                            p_177|       pointer|
|p_176                    |  out|   32|      ap_vld|                            p_176|       pointer|
|p_176_ap_vld             |  out|    1|      ap_vld|                            p_176|       pointer|
|p_175                    |  out|   32|      ap_vld|                            p_175|       pointer|
|p_175_ap_vld             |  out|    1|      ap_vld|                            p_175|       pointer|
|p_174                    |  out|   32|      ap_vld|                            p_174|       pointer|
|p_174_ap_vld             |  out|    1|      ap_vld|                            p_174|       pointer|
|p_173                    |  out|   32|      ap_vld|                            p_173|       pointer|
|p_173_ap_vld             |  out|    1|      ap_vld|                            p_173|       pointer|
|p_172                    |  out|   32|      ap_vld|                            p_172|       pointer|
|p_172_ap_vld             |  out|    1|      ap_vld|                            p_172|       pointer|
|p_171                    |  out|   32|      ap_vld|                            p_171|       pointer|
|p_171_ap_vld             |  out|    1|      ap_vld|                            p_171|       pointer|
|p_170                    |  out|   32|      ap_vld|                            p_170|       pointer|
|p_170_ap_vld             |  out|    1|      ap_vld|                            p_170|       pointer|
|p_169                    |  out|   32|      ap_vld|                            p_169|       pointer|
|p_169_ap_vld             |  out|    1|      ap_vld|                            p_169|       pointer|
|p_168                    |  out|   32|      ap_vld|                            p_168|       pointer|
|p_168_ap_vld             |  out|    1|      ap_vld|                            p_168|       pointer|
|p_167                    |  out|   32|      ap_vld|                            p_167|       pointer|
|p_167_ap_vld             |  out|    1|      ap_vld|                            p_167|       pointer|
|p_166                    |  out|   32|      ap_vld|                            p_166|       pointer|
|p_166_ap_vld             |  out|    1|      ap_vld|                            p_166|       pointer|
|p_165                    |  out|   32|      ap_vld|                            p_165|       pointer|
|p_165_ap_vld             |  out|    1|      ap_vld|                            p_165|       pointer|
|p_164                    |  out|   32|      ap_vld|                            p_164|       pointer|
|p_164_ap_vld             |  out|    1|      ap_vld|                            p_164|       pointer|
|p_163                    |  out|   32|      ap_vld|                            p_163|       pointer|
|p_163_ap_vld             |  out|    1|      ap_vld|                            p_163|       pointer|
|p_162                    |  out|   32|      ap_vld|                            p_162|       pointer|
|p_162_ap_vld             |  out|    1|      ap_vld|                            p_162|       pointer|
|p_161                    |  out|   32|      ap_vld|                            p_161|       pointer|
|p_161_ap_vld             |  out|    1|      ap_vld|                            p_161|       pointer|
|p_160                    |  out|   32|      ap_vld|                            p_160|       pointer|
|p_160_ap_vld             |  out|    1|      ap_vld|                            p_160|       pointer|
|p_159                    |  out|   32|      ap_vld|                            p_159|       pointer|
|p_159_ap_vld             |  out|    1|      ap_vld|                            p_159|       pointer|
|p_158                    |  out|   32|      ap_vld|                            p_158|       pointer|
|p_158_ap_vld             |  out|    1|      ap_vld|                            p_158|       pointer|
|p_157                    |  out|   32|      ap_vld|                            p_157|       pointer|
|p_157_ap_vld             |  out|    1|      ap_vld|                            p_157|       pointer|
|p_156                    |  out|   32|      ap_vld|                            p_156|       pointer|
|p_156_ap_vld             |  out|    1|      ap_vld|                            p_156|       pointer|
|p_155                    |  out|   32|      ap_vld|                            p_155|       pointer|
|p_155_ap_vld             |  out|    1|      ap_vld|                            p_155|       pointer|
|p_154                    |  out|   32|      ap_vld|                            p_154|       pointer|
|p_154_ap_vld             |  out|    1|      ap_vld|                            p_154|       pointer|
|p_153                    |  out|   32|      ap_vld|                            p_153|       pointer|
|p_153_ap_vld             |  out|    1|      ap_vld|                            p_153|       pointer|
|p_152                    |  out|   32|      ap_vld|                            p_152|       pointer|
|p_152_ap_vld             |  out|    1|      ap_vld|                            p_152|       pointer|
|p_151                    |  out|   32|      ap_vld|                            p_151|       pointer|
|p_151_ap_vld             |  out|    1|      ap_vld|                            p_151|       pointer|
|p_150                    |  out|   32|      ap_vld|                            p_150|       pointer|
|p_150_ap_vld             |  out|    1|      ap_vld|                            p_150|       pointer|
|p_149                    |  out|   32|      ap_vld|                            p_149|       pointer|
|p_149_ap_vld             |  out|    1|      ap_vld|                            p_149|       pointer|
|p_148                    |  out|   32|      ap_vld|                            p_148|       pointer|
|p_148_ap_vld             |  out|    1|      ap_vld|                            p_148|       pointer|
|p_147                    |  out|   32|      ap_vld|                            p_147|       pointer|
|p_147_ap_vld             |  out|    1|      ap_vld|                            p_147|       pointer|
|p_146                    |  out|   32|      ap_vld|                            p_146|       pointer|
|p_146_ap_vld             |  out|    1|      ap_vld|                            p_146|       pointer|
|p_145                    |  out|   32|      ap_vld|                            p_145|       pointer|
|p_145_ap_vld             |  out|    1|      ap_vld|                            p_145|       pointer|
|p_144                    |  out|   32|      ap_vld|                            p_144|       pointer|
|p_144_ap_vld             |  out|    1|      ap_vld|                            p_144|       pointer|
|p_143                    |  out|   32|      ap_vld|                            p_143|       pointer|
|p_143_ap_vld             |  out|    1|      ap_vld|                            p_143|       pointer|
|p_142                    |  out|   32|      ap_vld|                            p_142|       pointer|
|p_142_ap_vld             |  out|    1|      ap_vld|                            p_142|       pointer|
|p_141                    |  out|   32|      ap_vld|                            p_141|       pointer|
|p_141_ap_vld             |  out|    1|      ap_vld|                            p_141|       pointer|
|p_140                    |  out|   32|      ap_vld|                            p_140|       pointer|
|p_140_ap_vld             |  out|    1|      ap_vld|                            p_140|       pointer|
|p_139                    |  out|   32|      ap_vld|                            p_139|       pointer|
|p_139_ap_vld             |  out|    1|      ap_vld|                            p_139|       pointer|
|p_138                    |  out|   32|      ap_vld|                            p_138|       pointer|
|p_138_ap_vld             |  out|    1|      ap_vld|                            p_138|       pointer|
|p_137                    |  out|   32|      ap_vld|                            p_137|       pointer|
|p_137_ap_vld             |  out|    1|      ap_vld|                            p_137|       pointer|
|p_136                    |  out|   32|      ap_vld|                            p_136|       pointer|
|p_136_ap_vld             |  out|    1|      ap_vld|                            p_136|       pointer|
|p_135                    |  out|   32|      ap_vld|                            p_135|       pointer|
|p_135_ap_vld             |  out|    1|      ap_vld|                            p_135|       pointer|
|p_134                    |  out|   32|      ap_vld|                            p_134|       pointer|
|p_134_ap_vld             |  out|    1|      ap_vld|                            p_134|       pointer|
|p_133                    |  out|   32|      ap_vld|                            p_133|       pointer|
|p_133_ap_vld             |  out|    1|      ap_vld|                            p_133|       pointer|
|p_132                    |  out|   32|      ap_vld|                            p_132|       pointer|
|p_132_ap_vld             |  out|    1|      ap_vld|                            p_132|       pointer|
|p_131                    |  out|   32|      ap_vld|                            p_131|       pointer|
|p_131_ap_vld             |  out|    1|      ap_vld|                            p_131|       pointer|
|p_130                    |  out|   32|      ap_vld|                            p_130|       pointer|
|p_130_ap_vld             |  out|    1|      ap_vld|                            p_130|       pointer|
|p_129                    |  out|   32|      ap_vld|                            p_129|       pointer|
|p_129_ap_vld             |  out|    1|      ap_vld|                            p_129|       pointer|
|p_128                    |  out|   32|      ap_vld|                            p_128|       pointer|
|p_128_ap_vld             |  out|    1|      ap_vld|                            p_128|       pointer|
|p_127                    |  out|   32|      ap_vld|                            p_127|       pointer|
|p_127_ap_vld             |  out|    1|      ap_vld|                            p_127|       pointer|
|p_126                    |  out|   32|      ap_vld|                            p_126|       pointer|
|p_126_ap_vld             |  out|    1|      ap_vld|                            p_126|       pointer|
|p_125                    |  out|   32|      ap_vld|                            p_125|       pointer|
|p_125_ap_vld             |  out|    1|      ap_vld|                            p_125|       pointer|
|p_124                    |  out|   32|      ap_vld|                            p_124|       pointer|
|p_124_ap_vld             |  out|    1|      ap_vld|                            p_124|       pointer|
|p_123                    |  out|   32|      ap_vld|                            p_123|       pointer|
|p_123_ap_vld             |  out|    1|      ap_vld|                            p_123|       pointer|
|p_122                    |  out|   32|      ap_vld|                            p_122|       pointer|
|p_122_ap_vld             |  out|    1|      ap_vld|                            p_122|       pointer|
|p_121                    |  out|   32|      ap_vld|                            p_121|       pointer|
|p_121_ap_vld             |  out|    1|      ap_vld|                            p_121|       pointer|
|p_120                    |  out|   32|      ap_vld|                            p_120|       pointer|
|p_120_ap_vld             |  out|    1|      ap_vld|                            p_120|       pointer|
|p_119                    |  out|   32|      ap_vld|                            p_119|       pointer|
|p_119_ap_vld             |  out|    1|      ap_vld|                            p_119|       pointer|
|p_118                    |  out|   32|      ap_vld|                            p_118|       pointer|
|p_118_ap_vld             |  out|    1|      ap_vld|                            p_118|       pointer|
|p_117                    |  out|   32|      ap_vld|                            p_117|       pointer|
|p_117_ap_vld             |  out|    1|      ap_vld|                            p_117|       pointer|
|p_116                    |  out|   32|      ap_vld|                            p_116|       pointer|
|p_116_ap_vld             |  out|    1|      ap_vld|                            p_116|       pointer|
|p_115                    |  out|   32|      ap_vld|                            p_115|       pointer|
|p_115_ap_vld             |  out|    1|      ap_vld|                            p_115|       pointer|
|p_114                    |  out|   32|      ap_vld|                            p_114|       pointer|
|p_114_ap_vld             |  out|    1|      ap_vld|                            p_114|       pointer|
|p_113                    |  out|   32|      ap_vld|                            p_113|       pointer|
|p_113_ap_vld             |  out|    1|      ap_vld|                            p_113|       pointer|
|p_112                    |  out|   32|      ap_vld|                            p_112|       pointer|
|p_112_ap_vld             |  out|    1|      ap_vld|                            p_112|       pointer|
|p_111                    |  out|   32|      ap_vld|                            p_111|       pointer|
|p_111_ap_vld             |  out|    1|      ap_vld|                            p_111|       pointer|
|p_110                    |  out|   32|      ap_vld|                            p_110|       pointer|
|p_110_ap_vld             |  out|    1|      ap_vld|                            p_110|       pointer|
|p_109                    |  out|   32|      ap_vld|                            p_109|       pointer|
|p_109_ap_vld             |  out|    1|      ap_vld|                            p_109|       pointer|
|p_108                    |  out|   32|      ap_vld|                            p_108|       pointer|
|p_108_ap_vld             |  out|    1|      ap_vld|                            p_108|       pointer|
|p_107                    |  out|   32|      ap_vld|                            p_107|       pointer|
|p_107_ap_vld             |  out|    1|      ap_vld|                            p_107|       pointer|
|p_106                    |  out|   32|      ap_vld|                            p_106|       pointer|
|p_106_ap_vld             |  out|    1|      ap_vld|                            p_106|       pointer|
|p_105                    |  out|   32|      ap_vld|                            p_105|       pointer|
|p_105_ap_vld             |  out|    1|      ap_vld|                            p_105|       pointer|
|p_104                    |  out|   32|      ap_vld|                            p_104|       pointer|
|p_104_ap_vld             |  out|    1|      ap_vld|                            p_104|       pointer|
|p_103                    |  out|   32|      ap_vld|                            p_103|       pointer|
|p_103_ap_vld             |  out|    1|      ap_vld|                            p_103|       pointer|
|p_102                    |  out|   32|      ap_vld|                            p_102|       pointer|
|p_102_ap_vld             |  out|    1|      ap_vld|                            p_102|       pointer|
|p_101                    |  out|   32|      ap_vld|                            p_101|       pointer|
|p_101_ap_vld             |  out|    1|      ap_vld|                            p_101|       pointer|
|p_100                    |  out|   32|      ap_vld|                            p_100|       pointer|
|p_100_ap_vld             |  out|    1|      ap_vld|                            p_100|       pointer|
|p_99                     |  out|   32|      ap_vld|                             p_99|       pointer|
|p_99_ap_vld              |  out|    1|      ap_vld|                             p_99|       pointer|
|p_98                     |  out|   32|      ap_vld|                             p_98|       pointer|
|p_98_ap_vld              |  out|    1|      ap_vld|                             p_98|       pointer|
|p_97                     |  out|   32|      ap_vld|                             p_97|       pointer|
|p_97_ap_vld              |  out|    1|      ap_vld|                             p_97|       pointer|
|p_96                     |  out|   32|      ap_vld|                             p_96|       pointer|
|p_96_ap_vld              |  out|    1|      ap_vld|                             p_96|       pointer|
|p_95                     |  out|   32|      ap_vld|                             p_95|       pointer|
|p_95_ap_vld              |  out|    1|      ap_vld|                             p_95|       pointer|
|p_94                     |  out|   32|      ap_vld|                             p_94|       pointer|
|p_94_ap_vld              |  out|    1|      ap_vld|                             p_94|       pointer|
|p_93                     |  out|   32|      ap_vld|                             p_93|       pointer|
|p_93_ap_vld              |  out|    1|      ap_vld|                             p_93|       pointer|
|p_92                     |  out|   32|      ap_vld|                             p_92|       pointer|
|p_92_ap_vld              |  out|    1|      ap_vld|                             p_92|       pointer|
|p_91                     |  out|   32|      ap_vld|                             p_91|       pointer|
|p_91_ap_vld              |  out|    1|      ap_vld|                             p_91|       pointer|
|p_90                     |  out|   32|      ap_vld|                             p_90|       pointer|
|p_90_ap_vld              |  out|    1|      ap_vld|                             p_90|       pointer|
|p_89                     |  out|   32|      ap_vld|                             p_89|       pointer|
|p_89_ap_vld              |  out|    1|      ap_vld|                             p_89|       pointer|
|p_88                     |  out|   32|      ap_vld|                             p_88|       pointer|
|p_88_ap_vld              |  out|    1|      ap_vld|                             p_88|       pointer|
|p_87                     |  out|   32|      ap_vld|                             p_87|       pointer|
|p_87_ap_vld              |  out|    1|      ap_vld|                             p_87|       pointer|
|p_86                     |  out|   32|      ap_vld|                             p_86|       pointer|
|p_86_ap_vld              |  out|    1|      ap_vld|                             p_86|       pointer|
|p_85                     |  out|   32|      ap_vld|                             p_85|       pointer|
|p_85_ap_vld              |  out|    1|      ap_vld|                             p_85|       pointer|
|p_84                     |  out|   32|      ap_vld|                             p_84|       pointer|
|p_84_ap_vld              |  out|    1|      ap_vld|                             p_84|       pointer|
|p_83                     |  out|   32|      ap_vld|                             p_83|       pointer|
|p_83_ap_vld              |  out|    1|      ap_vld|                             p_83|       pointer|
|p_82                     |  out|   32|      ap_vld|                             p_82|       pointer|
|p_82_ap_vld              |  out|    1|      ap_vld|                             p_82|       pointer|
|p_81                     |  out|   32|      ap_vld|                             p_81|       pointer|
|p_81_ap_vld              |  out|    1|      ap_vld|                             p_81|       pointer|
|p_80                     |  out|   32|      ap_vld|                             p_80|       pointer|
|p_80_ap_vld              |  out|    1|      ap_vld|                             p_80|       pointer|
|p_79                     |  out|   32|      ap_vld|                             p_79|       pointer|
|p_79_ap_vld              |  out|    1|      ap_vld|                             p_79|       pointer|
|p_78                     |  out|   32|      ap_vld|                             p_78|       pointer|
|p_78_ap_vld              |  out|    1|      ap_vld|                             p_78|       pointer|
|p_77                     |  out|   32|      ap_vld|                             p_77|       pointer|
|p_77_ap_vld              |  out|    1|      ap_vld|                             p_77|       pointer|
|p_76                     |  out|   32|      ap_vld|                             p_76|       pointer|
|p_76_ap_vld              |  out|    1|      ap_vld|                             p_76|       pointer|
|p_75                     |  out|   32|      ap_vld|                             p_75|       pointer|
|p_75_ap_vld              |  out|    1|      ap_vld|                             p_75|       pointer|
|p_74                     |  out|   32|      ap_vld|                             p_74|       pointer|
|p_74_ap_vld              |  out|    1|      ap_vld|                             p_74|       pointer|
|p_73                     |  out|   32|      ap_vld|                             p_73|       pointer|
|p_73_ap_vld              |  out|    1|      ap_vld|                             p_73|       pointer|
|p_72                     |  out|   32|      ap_vld|                             p_72|       pointer|
|p_72_ap_vld              |  out|    1|      ap_vld|                             p_72|       pointer|
|p_71                     |  out|   32|      ap_vld|                             p_71|       pointer|
|p_71_ap_vld              |  out|    1|      ap_vld|                             p_71|       pointer|
|p_70                     |  out|   32|      ap_vld|                             p_70|       pointer|
|p_70_ap_vld              |  out|    1|      ap_vld|                             p_70|       pointer|
|p_69                     |  out|   32|      ap_vld|                             p_69|       pointer|
|p_69_ap_vld              |  out|    1|      ap_vld|                             p_69|       pointer|
|p_68                     |  out|   32|      ap_vld|                             p_68|       pointer|
|p_68_ap_vld              |  out|    1|      ap_vld|                             p_68|       pointer|
|p_67                     |  out|   32|      ap_vld|                             p_67|       pointer|
|p_67_ap_vld              |  out|    1|      ap_vld|                             p_67|       pointer|
|p_66                     |  out|   32|      ap_vld|                             p_66|       pointer|
|p_66_ap_vld              |  out|    1|      ap_vld|                             p_66|       pointer|
|p_65                     |  out|   32|      ap_vld|                             p_65|       pointer|
|p_65_ap_vld              |  out|    1|      ap_vld|                             p_65|       pointer|
|p_64                     |  out|   32|      ap_vld|                             p_64|       pointer|
|p_64_ap_vld              |  out|    1|      ap_vld|                             p_64|       pointer|
|p_63                     |  out|   32|      ap_vld|                             p_63|       pointer|
|p_63_ap_vld              |  out|    1|      ap_vld|                             p_63|       pointer|
|p_62                     |  out|   32|      ap_vld|                             p_62|       pointer|
|p_62_ap_vld              |  out|    1|      ap_vld|                             p_62|       pointer|
|p_61                     |  out|   32|      ap_vld|                             p_61|       pointer|
|p_61_ap_vld              |  out|    1|      ap_vld|                             p_61|       pointer|
|p_60                     |  out|   32|      ap_vld|                             p_60|       pointer|
|p_60_ap_vld              |  out|    1|      ap_vld|                             p_60|       pointer|
|p_59                     |  out|   32|      ap_vld|                             p_59|       pointer|
|p_59_ap_vld              |  out|    1|      ap_vld|                             p_59|       pointer|
|p_58                     |  out|   32|      ap_vld|                             p_58|       pointer|
|p_58_ap_vld              |  out|    1|      ap_vld|                             p_58|       pointer|
|p_57                     |  out|   32|      ap_vld|                             p_57|       pointer|
|p_57_ap_vld              |  out|    1|      ap_vld|                             p_57|       pointer|
|p_56                     |  out|   32|      ap_vld|                             p_56|       pointer|
|p_56_ap_vld              |  out|    1|      ap_vld|                             p_56|       pointer|
|p_55                     |  out|   32|      ap_vld|                             p_55|       pointer|
|p_55_ap_vld              |  out|    1|      ap_vld|                             p_55|       pointer|
|p_54                     |  out|   32|      ap_vld|                             p_54|       pointer|
|p_54_ap_vld              |  out|    1|      ap_vld|                             p_54|       pointer|
|p_53                     |  out|   32|      ap_vld|                             p_53|       pointer|
|p_53_ap_vld              |  out|    1|      ap_vld|                             p_53|       pointer|
|p_52                     |  out|   32|      ap_vld|                             p_52|       pointer|
|p_52_ap_vld              |  out|    1|      ap_vld|                             p_52|       pointer|
|p_51                     |  out|   32|      ap_vld|                             p_51|       pointer|
|p_51_ap_vld              |  out|    1|      ap_vld|                             p_51|       pointer|
|p_50                     |  out|   32|      ap_vld|                             p_50|       pointer|
|p_50_ap_vld              |  out|    1|      ap_vld|                             p_50|       pointer|
|p_49                     |  out|   32|      ap_vld|                             p_49|       pointer|
|p_49_ap_vld              |  out|    1|      ap_vld|                             p_49|       pointer|
|p_48                     |  out|   32|      ap_vld|                             p_48|       pointer|
|p_48_ap_vld              |  out|    1|      ap_vld|                             p_48|       pointer|
|p_47                     |  out|   32|      ap_vld|                             p_47|       pointer|
|p_47_ap_vld              |  out|    1|      ap_vld|                             p_47|       pointer|
|p_46                     |  out|   32|      ap_vld|                             p_46|       pointer|
|p_46_ap_vld              |  out|    1|      ap_vld|                             p_46|       pointer|
|p_45                     |  out|   32|      ap_vld|                             p_45|       pointer|
|p_45_ap_vld              |  out|    1|      ap_vld|                             p_45|       pointer|
|p_44                     |  out|   32|      ap_vld|                             p_44|       pointer|
|p_44_ap_vld              |  out|    1|      ap_vld|                             p_44|       pointer|
|p_43                     |  out|   32|      ap_vld|                             p_43|       pointer|
|p_43_ap_vld              |  out|    1|      ap_vld|                             p_43|       pointer|
|p_42                     |  out|   32|      ap_vld|                             p_42|       pointer|
|p_42_ap_vld              |  out|    1|      ap_vld|                             p_42|       pointer|
|p_41                     |  out|   32|      ap_vld|                             p_41|       pointer|
|p_41_ap_vld              |  out|    1|      ap_vld|                             p_41|       pointer|
|p_40                     |  out|   32|      ap_vld|                             p_40|       pointer|
|p_40_ap_vld              |  out|    1|      ap_vld|                             p_40|       pointer|
|p_39                     |  out|   32|      ap_vld|                             p_39|       pointer|
|p_39_ap_vld              |  out|    1|      ap_vld|                             p_39|       pointer|
|p_38                     |  out|   32|      ap_vld|                             p_38|       pointer|
|p_38_ap_vld              |  out|    1|      ap_vld|                             p_38|       pointer|
|p_37                     |  out|   32|      ap_vld|                             p_37|       pointer|
|p_37_ap_vld              |  out|    1|      ap_vld|                             p_37|       pointer|
|p_36                     |  out|   32|      ap_vld|                             p_36|       pointer|
|p_36_ap_vld              |  out|    1|      ap_vld|                             p_36|       pointer|
|p_35                     |  out|   32|      ap_vld|                             p_35|       pointer|
|p_35_ap_vld              |  out|    1|      ap_vld|                             p_35|       pointer|
|p_34                     |  out|   32|      ap_vld|                             p_34|       pointer|
|p_34_ap_vld              |  out|    1|      ap_vld|                             p_34|       pointer|
|p_33                     |  out|   32|      ap_vld|                             p_33|       pointer|
|p_33_ap_vld              |  out|    1|      ap_vld|                             p_33|       pointer|
|p_32                     |  out|   32|      ap_vld|                             p_32|       pointer|
|p_32_ap_vld              |  out|    1|      ap_vld|                             p_32|       pointer|
|p_31                     |  out|   32|      ap_vld|                             p_31|       pointer|
|p_31_ap_vld              |  out|    1|      ap_vld|                             p_31|       pointer|
|p_30                     |  out|   32|      ap_vld|                             p_30|       pointer|
|p_30_ap_vld              |  out|    1|      ap_vld|                             p_30|       pointer|
|p_29                     |  out|   32|      ap_vld|                             p_29|       pointer|
|p_29_ap_vld              |  out|    1|      ap_vld|                             p_29|       pointer|
|p_28                     |  out|   32|      ap_vld|                             p_28|       pointer|
|p_28_ap_vld              |  out|    1|      ap_vld|                             p_28|       pointer|
|p_27                     |  out|   32|      ap_vld|                             p_27|       pointer|
|p_27_ap_vld              |  out|    1|      ap_vld|                             p_27|       pointer|
|p_26                     |  out|   32|      ap_vld|                             p_26|       pointer|
|p_26_ap_vld              |  out|    1|      ap_vld|                             p_26|       pointer|
|p_25                     |  out|   32|      ap_vld|                             p_25|       pointer|
|p_25_ap_vld              |  out|    1|      ap_vld|                             p_25|       pointer|
|p_24                     |  out|   32|      ap_vld|                             p_24|       pointer|
|p_24_ap_vld              |  out|    1|      ap_vld|                             p_24|       pointer|
|p_23                     |  out|   32|      ap_vld|                             p_23|       pointer|
|p_23_ap_vld              |  out|    1|      ap_vld|                             p_23|       pointer|
|p_22                     |  out|   32|      ap_vld|                             p_22|       pointer|
|p_22_ap_vld              |  out|    1|      ap_vld|                             p_22|       pointer|
|p_21                     |  out|   32|      ap_vld|                             p_21|       pointer|
|p_21_ap_vld              |  out|    1|      ap_vld|                             p_21|       pointer|
|p_20                     |  out|   32|      ap_vld|                             p_20|       pointer|
|p_20_ap_vld              |  out|    1|      ap_vld|                             p_20|       pointer|
|p_19                     |  out|   32|      ap_vld|                             p_19|       pointer|
|p_19_ap_vld              |  out|    1|      ap_vld|                             p_19|       pointer|
|p_18                     |  out|   32|      ap_vld|                             p_18|       pointer|
|p_18_ap_vld              |  out|    1|      ap_vld|                             p_18|       pointer|
|p_17                     |  out|   32|      ap_vld|                             p_17|       pointer|
|p_17_ap_vld              |  out|    1|      ap_vld|                             p_17|       pointer|
|p_16                     |  out|   32|      ap_vld|                             p_16|       pointer|
|p_16_ap_vld              |  out|    1|      ap_vld|                             p_16|       pointer|
|p_15                     |  out|   32|      ap_vld|                             p_15|       pointer|
|p_15_ap_vld              |  out|    1|      ap_vld|                             p_15|       pointer|
|p_14                     |  out|   32|      ap_vld|                             p_14|       pointer|
|p_14_ap_vld              |  out|    1|      ap_vld|                             p_14|       pointer|
|p_13                     |  out|   32|      ap_vld|                             p_13|       pointer|
|p_13_ap_vld              |  out|    1|      ap_vld|                             p_13|       pointer|
|p_12                     |  out|   32|      ap_vld|                             p_12|       pointer|
|p_12_ap_vld              |  out|    1|      ap_vld|                             p_12|       pointer|
|p_11                     |  out|   32|      ap_vld|                             p_11|       pointer|
|p_11_ap_vld              |  out|    1|      ap_vld|                             p_11|       pointer|
|p_10                     |  out|   32|      ap_vld|                             p_10|       pointer|
|p_10_ap_vld              |  out|    1|      ap_vld|                             p_10|       pointer|
|p_9                      |  out|   32|      ap_vld|                              p_9|       pointer|
|p_9_ap_vld               |  out|    1|      ap_vld|                              p_9|       pointer|
|p_8                      |  out|   32|      ap_vld|                              p_8|       pointer|
|p_8_ap_vld               |  out|    1|      ap_vld|                              p_8|       pointer|
|p_7                      |  out|   32|      ap_vld|                              p_7|       pointer|
|p_7_ap_vld               |  out|    1|      ap_vld|                              p_7|       pointer|
|p_6                      |  out|   32|      ap_vld|                              p_6|       pointer|
|p_6_ap_vld               |  out|    1|      ap_vld|                              p_6|       pointer|
|p_5                      |  out|   32|      ap_vld|                              p_5|       pointer|
|p_5_ap_vld               |  out|    1|      ap_vld|                              p_5|       pointer|
|p_4                      |  out|   32|      ap_vld|                              p_4|       pointer|
|p_4_ap_vld               |  out|    1|      ap_vld|                              p_4|       pointer|
|p_3                      |  out|   32|      ap_vld|                              p_3|       pointer|
|p_3_ap_vld               |  out|    1|      ap_vld|                              p_3|       pointer|
|p_2                      |  out|   32|      ap_vld|                              p_2|       pointer|
|p_2_ap_vld               |  out|    1|      ap_vld|                              p_2|       pointer|
+-------------------------+-----+-----+------------+---------------------------------+--------------+

