

================================================================
== Vitis HLS Report for 'kernel_nlp_Pipeline_VITIS_LOOP_76_7_VITIS_LOOP_77_8'
================================================================
* Date:           Thu Dec 12 02:36:28 2024

* Version:        2023.2 (Build 4023990 on Oct 11 2023)
* Project:        kernel_nlp
* Solution:       solution (Vitis Kernel Flow Target)
* Product family: virtexuplus
* Target device:  xcu200-fsgd2104-2-e


================================================================
== Performance Estimates
================================================================
+ Timing: 
    * Summary: 
    +--------+---------+----------+------------+
    |  Clock |  Target | Estimated| Uncertainty|
    +--------+---------+----------+------------+
    |ap_clk  |  4.55 ns|  3.318 ns|     1.23 ns|
    +--------+---------+----------+------------+

+ Latency: 
    * Summary: 
    +---------+---------+----------+----------+-------+-------+---------+
    |  Latency (cycles) |  Latency (absolute) |    Interval   | Pipeline|
    |   min   |   max   |    min   |    max   |  min  |  max  |   Type  |
    +---------+---------+----------+----------+-------+-------+---------+
    |    24973|    24973|  0.114 ms|  0.114 ms|  24973|  24973|       no|
    +---------+---------+----------+----------+-------+-------+---------+

    + Detail: 
        * Instance: 
        N/A

        * Loop: 
        +-----------------------------------+---------+---------+----------+-----------+-----------+------+----------+
        |                                   |  Latency (cycles) | Iteration|  Initiation Interval  | Trip |          |
        |             Loop Name             |   min   |   max   |  Latency |  achieved |   target  | Count| Pipelined|
        +-----------------------------------+---------+---------+----------+-----------+-----------+------+----------+
        |- VITIS_LOOP_76_7_VITIS_LOOP_77_8  |    24971|    24971|        20|          8|          1|  3120|       yes|
        +-----------------------------------+---------+---------+----------+-----------+-----------+------+----------+



================================================================
== Utilization Estimates
================================================================
* Summary: 
+---------------------+---------+------+---------+---------+-----+
|         Name        | BRAM_18K|  DSP |    FF   |   LUT   | URAM|
+---------------------+---------+------+---------+---------+-----+
|DSP                  |        -|     -|        -|        -|    -|
|Expression           |        -|     -|        0|      651|    -|
|FIFO                 |        -|     -|        -|        -|    -|
|Instance             |        -|     0|     3024|     2688|    -|
|Memory               |        -|     -|        -|        -|    -|
|Multiplexer          |        -|     -|        -|     6055|    -|
|Register             |        -|     -|     1100|        -|    -|
+---------------------+---------+------+---------+---------+-----+
|Total                |        0|     0|     4124|     9394|    0|
+---------------------+---------+------+---------+---------+-----+
|Available SLR        |     1440|  2280|   788160|   394080|  320|
+---------------------+---------+------+---------+---------+-----+
|Utilization SLR (%)  |        0|     0|       ~0|        2|    0|
+---------------------+---------+------+---------+---------+-----+
|Available            |     4320|  6840|  2364480|  1182240|  960|
+---------------------+---------+------+---------+---------+-----+
|Utilization (%)      |        0|     0|       ~0|       ~0|    0|
+---------------------+---------+------+---------+---------+-----+

+ Detail: 
    * Instance: 
    +--------------------------+---------------------+---------+----+-----+-----+-----+
    |         Instance         |        Module       | BRAM_18K| DSP|  FF | LUT | URAM|
    +--------------------------+---------------------+---------+----+-----+-----+-----+
    |mul_8ns_10ns_17_1_1_U131  |mul_8ns_10ns_17_1_1  |        0|   0|    0|   62|    0|
    |mul_8ns_10ns_17_1_1_U132  |mul_8ns_10ns_17_1_1  |        0|   0|    0|   62|    0|
    |mul_8ns_10ns_17_1_1_U133  |mul_8ns_10ns_17_1_1  |        0|   0|    0|   62|    0|
    |mul_8ns_10ns_17_1_1_U134  |mul_8ns_10ns_17_1_1  |        0|   0|    0|   62|    0|
    |mul_8ns_10ns_17_1_1_U135  |mul_8ns_10ns_17_1_1  |        0|   0|    0|   62|    0|
    |mul_8ns_10ns_17_1_1_U136  |mul_8ns_10ns_17_1_1  |        0|   0|    0|   62|    0|
    |mul_8ns_10ns_17_1_1_U137  |mul_8ns_10ns_17_1_1  |        0|   0|    0|   62|    0|
    |mul_8ns_10ns_17_1_1_U138  |mul_8ns_10ns_17_1_1  |        0|   0|    0|   62|    0|
    |mul_8ns_10ns_17_1_1_U139  |mul_8ns_10ns_17_1_1  |        0|   0|    0|   62|    0|
    |mul_8ns_10ns_17_1_1_U140  |mul_8ns_10ns_17_1_1  |        0|   0|    0|   62|    0|
    |mul_8ns_10ns_17_1_1_U141  |mul_8ns_10ns_17_1_1  |        0|   0|    0|   62|    0|
    |mul_8ns_10ns_17_1_1_U142  |mul_8ns_10ns_17_1_1  |        0|   0|    0|   62|    0|
    |mul_8ns_10ns_17_1_1_U143  |mul_8ns_10ns_17_1_1  |        0|   0|    0|   62|    0|
    |mul_8ns_10ns_17_1_1_U144  |mul_8ns_10ns_17_1_1  |        0|   0|    0|   62|    0|
    |mul_8ns_10ns_17_1_1_U145  |mul_8ns_10ns_17_1_1  |        0|   0|    0|   62|    0|
    |mul_8ns_10ns_17_1_1_U146  |mul_8ns_10ns_17_1_1  |        0|   0|    0|   62|    0|
    |urem_8ns_3ns_2_12_1_U115  |urem_8ns_3ns_2_12_1  |        0|   0|  189|  106|    0|
    |urem_8ns_5ns_4_12_1_U116  |urem_8ns_5ns_4_12_1  |        0|   0|  189|  106|    0|
    |urem_8ns_5ns_4_12_1_U117  |urem_8ns_5ns_4_12_1  |        0|   0|  189|  106|    0|
    |urem_8ns_5ns_4_12_1_U118  |urem_8ns_5ns_4_12_1  |        0|   0|  189|  106|    0|
    |urem_8ns_5ns_4_12_1_U119  |urem_8ns_5ns_4_12_1  |        0|   0|  189|  106|    0|
    |urem_8ns_5ns_4_12_1_U120  |urem_8ns_5ns_4_12_1  |        0|   0|  189|  106|    0|
    |urem_8ns_5ns_4_12_1_U121  |urem_8ns_5ns_4_12_1  |        0|   0|  189|  106|    0|
    |urem_8ns_5ns_4_12_1_U122  |urem_8ns_5ns_4_12_1  |        0|   0|  189|  106|    0|
    |urem_8ns_5ns_4_12_1_U123  |urem_8ns_5ns_4_12_1  |        0|   0|  189|  106|    0|
    |urem_8ns_5ns_4_12_1_U124  |urem_8ns_5ns_4_12_1  |        0|   0|  189|  106|    0|
    |urem_8ns_5ns_4_12_1_U125  |urem_8ns_5ns_4_12_1  |        0|   0|  189|  106|    0|
    |urem_8ns_5ns_4_12_1_U126  |urem_8ns_5ns_4_12_1  |        0|   0|  189|  106|    0|
    |urem_8ns_5ns_4_12_1_U127  |urem_8ns_5ns_4_12_1  |        0|   0|  189|  106|    0|
    |urem_8ns_5ns_4_12_1_U128  |urem_8ns_5ns_4_12_1  |        0|   0|  189|  106|    0|
    |urem_8ns_5ns_4_12_1_U129  |urem_8ns_5ns_4_12_1  |        0|   0|  189|  106|    0|
    |urem_8ns_5ns_4_12_1_U130  |urem_8ns_5ns_4_12_1  |        0|   0|  189|  106|    0|
    +--------------------------+---------------------+---------+----+-----+-----+-----+
    |Total                     |                     |        0|   0| 3024| 2688|    0|
    +--------------------------+---------------------+---------+----+-----+-----+-----+

    * DSP: 
    N/A

    * Memory: 
    N/A

    * FIFO: 
    N/A

    * Expression: 
    +---------------------------+----------+----+---+----+------------+------------+
    |       Variable Name       | Operation| DSP| FF| LUT| Bitwidth P0| Bitwidth P1|
    +---------------------------+----------+----+---+----+------------+------------+
    |add_ln76_1_fu_4427_p2      |         +|   0|  0|  19|          12|           1|
    |add_ln76_fu_4439_p2        |         +|   0|  0|  15|           8|           1|
    |add_ln77_1_fu_4690_p2      |         +|   0|  0|  12|           4|           1|
    |add_ln77_fu_4685_p2        |         +|   0|  0|  15|           8|           5|
    |add_ln80_fu_5953_p2        |         +|   0|  0|  12|           5|           1|
    |add_ln81_10_fu_5793_p2     |         +|   0|  0|  18|          11|          11|
    |add_ln81_11_fu_5962_p2     |         +|   0|  0|  18|          11|          11|
    |add_ln81_12_fu_6004_p2     |         +|   0|  0|  18|          11|          11|
    |add_ln81_13_fu_6016_p2     |         +|   0|  0|  18|          11|          11|
    |add_ln81_14_fu_6024_p2     |         +|   0|  0|  18|          11|          11|
    |add_ln81_15_fu_6032_p2     |         +|   0|  0|  18|          11|          11|
    |add_ln81_16_fu_6040_p2     |         +|   0|  0|  18|          11|          11|
    |add_ln81_1_fu_5877_p2      |         +|   0|  0|  18|          11|          11|
    |add_ln81_2_fu_5017_p2      |         +|   0|  0|  18|          11|          11|
    |add_ln81_3_fu_5159_p2      |         +|   0|  0|  18|          11|          11|
    |add_ln81_4_fu_5238_p2      |         +|   0|  0|  18|          11|          11|
    |add_ln81_5_fu_5374_p2      |         +|   0|  0|  18|          11|          11|
    |add_ln81_6_fu_5453_p2      |         +|   0|  0|  18|          11|          11|
    |add_ln81_7_fu_5551_p2      |         +|   0|  0|  18|          11|          11|
    |add_ln81_8_fu_5630_p2      |         +|   0|  0|  18|          11|          11|
    |add_ln81_9_fu_5747_p2      |         +|   0|  0|  18|          11|          11|
    |add_ln81_fu_5004_p2        |         +|   0|  0|  18|          11|          11|
    |ap_block_pp0_stage1_11001  |       and|   0|  0|   2|           1|           1|
    |icmp_ln76_fu_4421_p2       |      icmp|   0|  0|  19|          12|          11|
    |icmp_ln77_fu_4445_p2       |      icmp|   0|  0|  12|           4|           3|
    |icmp_ln80_1_fu_4589_p2     |      icmp|   0|  0|  15|           8|           7|
    |icmp_ln80_2_fu_4611_p2     |      icmp|   0|  0|  15|           8|           7|
    |icmp_ln80_3_fu_4628_p2     |      icmp|   0|  0|  15|           8|           7|
    |icmp_ln80_4_fu_4645_p2     |      icmp|   0|  0|  15|           8|           7|
    |icmp_ln80_5_fu_4662_p2     |      icmp|   0|  0|  15|           8|           7|
    |icmp_ln80_6_fu_4679_p2     |      icmp|   0|  0|  15|           8|           7|
    |icmp_ln80_fu_4572_p2       |      icmp|   0|  0|  15|           8|           7|
    |grp_fu_4479_p0             |        or|   0|  0|   8|           8|           1|
    |grp_fu_4500_p0             |        or|   0|  0|   8|           8|           2|
    |grp_fu_4511_p0             |        or|   0|  0|   8|           8|           2|
    |grp_fu_4522_p0             |        or|   0|  0|   8|           8|           3|
    |grp_fu_4533_p0             |        or|   0|  0|   8|           8|           3|
    |grp_fu_4544_p0             |        or|   0|  0|   8|           8|           3|
    |grp_fu_4555_p0             |        or|   0|  0|   8|           8|           3|
    |or_ln80_10_fu_4617_p2      |        or|   0|  0|   8|           8|           4|
    |or_ln80_11_fu_4634_p2      |        or|   0|  0|   8|           8|           4|
    |or_ln80_12_fu_4651_p2      |        or|   0|  0|   8|           8|           4|
    |or_ln80_13_fu_4668_p2      |        or|   0|  0|   8|           8|           4|
    |or_ln80_7_fu_4561_p2       |        or|   0|  0|   8|           8|           4|
    |or_ln80_8_fu_4578_p2       |        or|   0|  0|   8|           8|           4|
    |or_ln80_9_fu_4600_p2       |        or|   0|  0|   8|           8|           4|
    |grp_fu_4467_p0             |    select|   0|  0|   8|           1|           8|
    |select_ln76_fu_4451_p3     |    select|   0|  0|   8|           1|           1|
    |select_ln77_fu_4695_p3     |    select|   0|  0|   4|           1|           1|
    |ap_enable_pp0              |       xor|   0|  0|   2|           1|           2|
    +---------------------------+----------+----+---+----+------------+------------+
    |Total                      |          |   0|  0| 651|         413|         317|
    +---------------------------+----------+----+---+----+------------+------------+

    * Multiplexer: 
    +----------------------------------------+----+-----------+-----+-----------+
    |                  Name                  | LUT| Input Size| Bits| Total Bits|
    +----------------------------------------+----+-----------+-----+-----------+
    |ap_NS_fsm                               |  49|          9|    1|          9|
    |ap_done_int                             |   9|          2|    1|          2|
    |ap_enable_reg_pp0_iter0                 |   9|          2|    1|          2|
    |ap_enable_reg_pp0_iter1                 |   9|          2|    1|          2|
    |ap_enable_reg_pp0_iter2                 |   9|          2|    1|          2|
    |ap_loop_exit_ready_pp0_iter1_reg        |   9|          2|    1|          2|
    |ap_sig_allocacmp_i_load                 |   9|          2|    8|         16|
    |ap_sig_allocacmp_indvar157_load         |   9|          2|    4|          8|
    |ap_sig_allocacmp_indvar_flatten13_load  |   9|          2|   12|         24|
    |ap_sig_allocacmp_j_load                 |   9|          2|    8|         16|
    |gmem4_blk_n_R                           |   9|          2|    1|          2|
    |i_fu_262                                |   9|          2|    8|         16|
    |indvar157_fu_258                        |   9|          2|    4|          8|
    |indvar_flatten13_fu_266                 |   9|          2|   12|         24|
    |j_fu_254                                |   9|          2|    8|         16|
    |v4_10_address0                          |  49|          9|   11|         99|
    |v4_10_address1                          |  49|          9|   11|         99|
    |v4_10_d0                                |  49|          9|   32|        288|
    |v4_10_d1                                |  49|          9|   32|        288|
    |v4_11_address0                          |  49|          9|   11|         99|
    |v4_11_address1                          |  49|          9|   11|         99|
    |v4_11_d0                                |  49|          9|   32|        288|
    |v4_11_d1                                |  49|          9|   32|        288|
    |v4_12_address0                          |  49|          9|   11|         99|
    |v4_12_address1                          |  49|          9|   11|         99|
    |v4_12_d0                                |  49|          9|   32|        288|
    |v4_12_d1                                |  49|          9|   32|        288|
    |v4_13_address0                          |  49|          9|   11|         99|
    |v4_13_address1                          |  49|          9|   11|         99|
    |v4_13_d0                                |  49|          9|   32|        288|
    |v4_13_d1                                |  49|          9|   32|        288|
    |v4_14_address0                          |  49|          9|   11|         99|
    |v4_14_address1                          |  49|          9|   11|         99|
    |v4_14_d0                                |  49|          9|   32|        288|
    |v4_14_d1                                |  49|          9|   32|        288|
    |v4_15_address0                          |  49|          9|   11|         99|
    |v4_15_address1                          |  49|          9|   11|         99|
    |v4_15_d0                                |  49|          9|   32|        288|
    |v4_15_d1                                |  49|          9|   32|        288|
    |v4_16_address0                          |  49|          9|   11|         99|
    |v4_16_address1                          |  49|          9|   11|         99|
    |v4_16_d0                                |  49|          9|   32|        288|
    |v4_16_d1                                |  49|          9|   32|        288|
    |v4_17_address0                          |  49|          9|   11|         99|
    |v4_17_address1                          |  49|          9|   11|         99|
    |v4_17_d0                                |  49|          9|   32|        288|
    |v4_17_d1                                |  49|          9|   32|        288|
    |v4_18_address0                          |  49|          9|   11|         99|
    |v4_18_address1                          |  49|          9|   11|         99|
    |v4_18_d0                                |  49|          9|   32|        288|
    |v4_18_d1                                |  49|          9|   32|        288|
    |v4_19_address0                          |  49|          9|   11|         99|
    |v4_19_address1                          |  49|          9|   11|         99|
    |v4_19_d0                                |  49|          9|   32|        288|
    |v4_19_d1                                |  49|          9|   32|        288|
    |v4_1_address0                           |  49|          9|   11|         99|
    |v4_1_address1                           |  49|          9|   11|         99|
    |v4_1_d0                                 |  49|          9|   32|        288|
    |v4_1_d1                                 |  49|          9|   32|        288|
    |v4_20_address0                          |  49|          9|   11|         99|
    |v4_20_address1                          |  49|          9|   11|         99|
    |v4_20_d0                                |  49|          9|   32|        288|
    |v4_20_d1                                |  49|          9|   32|        288|
    |v4_21_address0                          |  49|          9|   11|         99|
    |v4_21_address1                          |  49|          9|   11|         99|
    |v4_21_d0                                |  49|          9|   32|        288|
    |v4_21_d1                                |  49|          9|   32|        288|
    |v4_22_address0                          |  49|          9|   11|         99|
    |v4_22_address1                          |  49|          9|   11|         99|
    |v4_22_d0                                |  49|          9|   32|        288|
    |v4_22_d1                                |  49|          9|   32|        288|
    |v4_23_address0                          |  49|          9|   11|         99|
    |v4_23_address1                          |  49|          9|   11|         99|
    |v4_23_d0                                |  49|          9|   32|        288|
    |v4_23_d1                                |  49|          9|   32|        288|
    |v4_24_address0                          |  49|          9|   11|         99|
    |v4_24_address1                          |  49|          9|   11|         99|
    |v4_24_d0                                |  49|          9|   32|        288|
    |v4_24_d1                                |  49|          9|   32|        288|
    |v4_25_address0                          |  49|          9|   11|         99|
    |v4_25_address1                          |  49|          9|   11|         99|
    |v4_25_d0                                |  49|          9|   32|        288|
    |v4_25_d1                                |  49|          9|   32|        288|
    |v4_26_address0                          |  49|          9|   11|         99|
    |v4_26_address1                          |  49|          9|   11|         99|
    |v4_26_d0                                |  49|          9|   32|        288|
    |v4_26_d1                                |  49|          9|   32|        288|
    |v4_27_address0                          |  49|          9|   11|         99|
    |v4_27_address1                          |  49|          9|   11|         99|
    |v4_27_d0                                |  49|          9|   32|        288|
    |v4_27_d1                                |  49|          9|   32|        288|
    |v4_28_address0                          |  49|          9|   11|         99|
    |v4_28_address1                          |  49|          9|   11|         99|
    |v4_28_d0                                |  49|          9|   32|        288|
    |v4_28_d1                                |  49|          9|   32|        288|
    |v4_29_address0                          |  49|          9|   11|         99|
    |v4_29_address1                          |  49|          9|   11|         99|
    |v4_29_d0                                |  49|          9|   32|        288|
    |v4_29_d1                                |  49|          9|   32|        288|
    |v4_2_address0                           |  49|          9|   11|         99|
    |v4_2_address1                           |  49|          9|   11|         99|
    |v4_2_d0                                 |  49|          9|   32|        288|
    |v4_2_d1                                 |  49|          9|   32|        288|
    |v4_3_address0                           |  49|          9|   11|         99|
    |v4_3_address1                           |  49|          9|   11|         99|
    |v4_3_d0                                 |  49|          9|   32|        288|
    |v4_3_d1                                 |  49|          9|   32|        288|
    |v4_4_address0                           |  49|          9|   11|         99|
    |v4_4_address1                           |  49|          9|   11|         99|
    |v4_4_d0                                 |  49|          9|   32|        288|
    |v4_4_d1                                 |  49|          9|   32|        288|
    |v4_5_address0                           |  49|          9|   11|         99|
    |v4_5_address1                           |  49|          9|   11|         99|
    |v4_5_d0                                 |  49|          9|   32|        288|
    |v4_5_d1                                 |  49|          9|   32|        288|
    |v4_6_address0                           |  49|          9|   11|         99|
    |v4_6_address1                           |  49|          9|   11|         99|
    |v4_6_d0                                 |  49|          9|   32|        288|
    |v4_6_d1                                 |  49|          9|   32|        288|
    |v4_7_address0                           |  49|          9|   11|         99|
    |v4_7_address1                           |  49|          9|   11|         99|
    |v4_7_d0                                 |  49|          9|   32|        288|
    |v4_7_d1                                 |  49|          9|   32|        288|
    |v4_8_address0                           |  49|          9|   11|         99|
    |v4_8_address1                           |  49|          9|   11|         99|
    |v4_8_d0                                 |  49|          9|   32|        288|
    |v4_8_d1                                 |  49|          9|   32|        288|
    |v4_9_address0                           |  49|          9|   11|         99|
    |v4_9_address1                           |  49|          9|   11|         99|
    |v4_9_d0                                 |  49|          9|   32|        288|
    |v4_9_d1                                 |  49|          9|   32|        288|
    |v4_address0                             |  49|          9|   11|         99|
    |v4_address1                             |  49|          9|   11|         99|
    |v4_d0                                   |  49|          9|   32|        288|
    |v4_d1                                   |  49|          9|   32|        288|
    +----------------------------------------+----+-----------+-----+-----------+
    |Total                                   |6055|       1117| 2651|      23369|
    +----------------------------------------+----+-----------+-----+-----------+

    * Register: 
    +------------------------------------+----+----+-----+-----------+
    |                Name                | FF | LUT| Bits| Const Bits|
    +------------------------------------+----+----+-----+-----------+
    |add_ln81_12_reg_6898                |  11|   0|   11|          0|
    |add_ln81_13_reg_6907                |  11|   0|   11|          0|
    |add_ln81_14_reg_6912                |  11|   0|   11|          0|
    |add_ln81_15_reg_6917                |  11|   0|   11|          0|
    |add_ln81_16_reg_6922                |  11|   0|   11|          0|
    |add_ln81_reg_6522                   |   9|   0|   11|          2|
    |ap_CS_fsm                           |   8|   0|    8|          0|
    |ap_done_reg                         |   1|   0|    1|          0|
    |ap_enable_reg_pp0_iter0_reg         |   1|   0|    1|          0|
    |ap_enable_reg_pp0_iter1             |   1|   0|    1|          0|
    |ap_enable_reg_pp0_iter2             |   1|   0|    1|          0|
    |ap_loop_exit_ready_pp0_iter1_reg    |   1|   0|    1|          0|
    |bitcast_ln81_10_reg_6626            |  32|   0|   32|          0|
    |bitcast_ln81_11_reg_6660            |  32|   0|   32|          0|
    |bitcast_ln81_12_reg_6694            |  32|   0|   32|          0|
    |bitcast_ln81_13_reg_6728            |  32|   0|   32|          0|
    |bitcast_ln81_14_reg_6762            |  32|   0|   32|          0|
    |bitcast_ln81_15_reg_6796            |  32|   0|   32|          0|
    |bitcast_ln81_8_reg_6558             |  32|   0|   32|          0|
    |bitcast_ln81_9_reg_6592             |  32|   0|   32|          0|
    |i_fu_262                            |   8|   0|    8|          0|
    |icmp_ln76_reg_6264                  |   1|   0|    1|          0|
    |icmp_ln76_reg_6264_pp0_iter1_reg    |   1|   0|    1|          0|
    |icmp_ln77_reg_6268                  |   1|   0|    1|          0|
    |icmp_ln80_1_reg_6357                |   1|   0|    1|          0|
    |icmp_ln80_1_reg_6357_pp0_iter1_reg  |   1|   0|    1|          0|
    |icmp_ln80_2_reg_6367                |   1|   0|    1|          0|
    |icmp_ln80_2_reg_6367_pp0_iter1_reg  |   1|   0|    1|          0|
    |icmp_ln80_3_reg_6377                |   1|   0|    1|          0|
    |icmp_ln80_3_reg_6377_pp0_iter1_reg  |   1|   0|    1|          0|
    |icmp_ln80_4_reg_6387                |   1|   0|    1|          0|
    |icmp_ln80_4_reg_6387_pp0_iter1_reg  |   1|   0|    1|          0|
    |icmp_ln80_5_reg_6397                |   1|   0|    1|          0|
    |icmp_ln80_5_reg_6397_pp0_iter1_reg  |   1|   0|    1|          0|
    |icmp_ln80_6_reg_6407                |   1|   0|    1|          0|
    |icmp_ln80_6_reg_6407_pp0_iter1_reg  |   1|   0|    1|          0|
    |icmp_ln80_reg_6347                  |   1|   0|    1|          0|
    |icmp_ln80_reg_6347_pp0_iter1_reg    |   1|   0|    1|          0|
    |indvar157_fu_258                    |   4|   0|    4|          0|
    |indvar157_load_reg_6259             |   4|   0|    4|          0|
    |indvar_flatten13_fu_266             |  12|   0|   12|          0|
    |j_fu_254                            |   8|   0|    8|          0|
    |or_ln80_10_reg_6371                 |   6|   0|    8|          2|
    |or_ln80_11_reg_6381                 |   5|   0|    8|          3|
    |or_ln80_12_reg_6391                 |   5|   0|    8|          3|
    |or_ln80_13_reg_6401                 |   4|   0|    8|          4|
    |or_ln80_1_reg_6305                  |   7|   0|    8|          1|
    |or_ln80_2_reg_6311                  |   6|   0|    8|          2|
    |or_ln80_3_reg_6317                  |   7|   0|    8|          1|
    |or_ln80_4_reg_6323                  |   6|   0|    8|          2|
    |or_ln80_5_reg_6329                  |   6|   0|    8|          2|
    |or_ln80_6_reg_6335                  |   5|   0|    8|          3|
    |or_ln80_7_reg_6341                  |   7|   0|    8|          1|
    |or_ln80_8_reg_6351                  |   6|   0|    8|          2|
    |or_ln80_9_reg_6361                  |   5|   0|    8|          3|
    |or_ln80_reg_6299                    |   7|   0|    8|          1|
    |select_ln76_1_reg_6293              |   8|   0|    8|          0|
    |select_ln76_reg_6273                |   8|   0|    8|          0|
    |select_ln76_reg_6273_pp0_iter1_reg  |   8|   0|    8|          0|
    |tmp_10_reg_6553                     |   5|   0|    5|          0|
    |tmp_11_reg_6836                     |   5|   0|    5|          0|
    |tmp_12_reg_6841                     |   5|   0|    5|          0|
    |tmp_13_reg_6858                     |   5|   0|    5|          0|
    |tmp_14_reg_6869                     |   5|   0|    5|          0|
    |tmp_15_reg_6874                     |   5|   0|    5|          0|
    |tmp_16_reg_6885                     |   5|   0|    5|          0|
    |tmp_17_reg_6890                     |   5|   0|    5|          0|
    |tmp_2_reg_6846                      |   5|   0|    5|          0|
    |tmp_3_reg_6417                      |   5|   0|    5|          0|
    |tmp_4_reg_6502                      |   5|   0|    5|          0|
    |tmp_5_reg_6507                      |   5|   0|    5|          0|
    |tmp_6_reg_6512                      |   5|   0|    5|          0|
    |tmp_8_reg_6517                      |   5|   0|    5|          0|
    |tmp_9_reg_6548                      |   5|   0|    5|          0|
    |tmp_reg_6411                        |   7|   0|    7|          0|
    |trunc_ln76_reg_6541                 |   2|   0|    2|          0|
    |trunc_ln78_10_reg_6477              |  32|   0|   32|          0|
    |trunc_ln78_11_reg_6482              |  32|   0|   32|          0|
    |trunc_ln78_12_reg_6487              |  32|   0|   32|          0|
    |trunc_ln78_13_reg_6492              |  32|   0|   32|          0|
    |trunc_ln78_14_reg_6497              |  32|   0|   32|          0|
    |trunc_ln78_1_reg_6427               |  32|   0|   32|          0|
    |trunc_ln78_2_reg_6432               |  32|   0|   32|          0|
    |trunc_ln78_3_reg_6437               |  32|   0|   32|          0|
    |trunc_ln78_4_reg_6442               |  32|   0|   32|          0|
    |trunc_ln78_5_reg_6447               |  32|   0|   32|          0|
    |trunc_ln78_6_reg_6452               |  32|   0|   32|          0|
    |trunc_ln78_7_reg_6457               |  32|   0|   32|          0|
    |trunc_ln78_8_reg_6462               |  32|   0|   32|          0|
    |trunc_ln78_9_reg_6467               |  32|   0|   32|          0|
    |trunc_ln78_reg_6422                 |  32|   0|   32|          0|
    |trunc_ln78_s_reg_6472               |  32|   0|   32|          0|
    |trunc_ln80_2_reg_6903               |   4|   0|    4|          0|
    |trunc_ln80_4_reg_6930               |   4|   0|    4|          0|
    |trunc_ln80_6_reg_6937               |   4|   0|    4|          0|
    +------------------------------------+----+----+-----+-----------+
    |Total                               |1100|   0| 1132|         32|
    +------------------------------------+----+----+-----+-----------+



================================================================
== Interface
================================================================
* Summary: 
+----------------------+-----+-----+------------+-----------------------------------------------------+--------------+
|       RTL Ports      | Dir | Bits|  Protocol  |                    Source Object                    |    C Type    |
+----------------------+-----+-----+------------+-----------------------------------------------------+--------------+
|ap_clk                |   in|    1|  ap_ctrl_hs|  kernel_nlp_Pipeline_VITIS_LOOP_76_7_VITIS_LOOP_77_8|  return value|
|ap_rst                |   in|    1|  ap_ctrl_hs|  kernel_nlp_Pipeline_VITIS_LOOP_76_7_VITIS_LOOP_77_8|  return value|
|ap_start              |   in|    1|  ap_ctrl_hs|  kernel_nlp_Pipeline_VITIS_LOOP_76_7_VITIS_LOOP_77_8|  return value|
|ap_done               |  out|    1|  ap_ctrl_hs|  kernel_nlp_Pipeline_VITIS_LOOP_76_7_VITIS_LOOP_77_8|  return value|
|ap_idle               |  out|    1|  ap_ctrl_hs|  kernel_nlp_Pipeline_VITIS_LOOP_76_7_VITIS_LOOP_77_8|  return value|
|ap_ready              |  out|    1|  ap_ctrl_hs|  kernel_nlp_Pipeline_VITIS_LOOP_76_7_VITIS_LOOP_77_8|  return value|
|m_axi_gmem4_AWVALID   |  out|    1|       m_axi|                                                gmem4|       pointer|
|m_axi_gmem4_AWREADY   |   in|    1|       m_axi|                                                gmem4|       pointer|
|m_axi_gmem4_AWADDR    |  out|   64|       m_axi|                                                gmem4|       pointer|
|m_axi_gmem4_AWID      |  out|    1|       m_axi|                                                gmem4|       pointer|
|m_axi_gmem4_AWLEN     |  out|   32|       m_axi|                                                gmem4|       pointer|
|m_axi_gmem4_AWSIZE    |  out|    3|       m_axi|                                                gmem4|       pointer|
|m_axi_gmem4_AWBURST   |  out|    2|       m_axi|                                                gmem4|       pointer|
|m_axi_gmem4_AWLOCK    |  out|    2|       m_axi|                                                gmem4|       pointer|
|m_axi_gmem4_AWCACHE   |  out|    4|       m_axi|                                                gmem4|       pointer|
|m_axi_gmem4_AWPROT    |  out|    3|       m_axi|                                                gmem4|       pointer|
|m_axi_gmem4_AWQOS     |  out|    4|       m_axi|                                                gmem4|       pointer|
|m_axi_gmem4_AWREGION  |  out|    4|       m_axi|                                                gmem4|       pointer|
|m_axi_gmem4_AWUSER    |  out|    1|       m_axi|                                                gmem4|       pointer|
|m_axi_gmem4_WVALID    |  out|    1|       m_axi|                                                gmem4|       pointer|
|m_axi_gmem4_WREADY    |   in|    1|       m_axi|                                                gmem4|       pointer|
|m_axi_gmem4_WDATA     |  out|  512|       m_axi|                                                gmem4|       pointer|
|m_axi_gmem4_WSTRB     |  out|   64|       m_axi|                                                gmem4|       pointer|
|m_axi_gmem4_WLAST     |  out|    1|       m_axi|                                                gmem4|       pointer|
|m_axi_gmem4_WID       |  out|    1|       m_axi|                                                gmem4|       pointer|
|m_axi_gmem4_WUSER     |  out|    1|       m_axi|                                                gmem4|       pointer|
|m_axi_gmem4_ARVALID   |  out|    1|       m_axi|                                                gmem4|       pointer|
|m_axi_gmem4_ARREADY   |   in|    1|       m_axi|                                                gmem4|       pointer|
|m_axi_gmem4_ARADDR    |  out|   64|       m_axi|                                                gmem4|       pointer|
|m_axi_gmem4_ARID      |  out|    1|       m_axi|                                                gmem4|       pointer|
|m_axi_gmem4_ARLEN     |  out|   32|       m_axi|                                                gmem4|       pointer|
|m_axi_gmem4_ARSIZE    |  out|    3|       m_axi|                                                gmem4|       pointer|
|m_axi_gmem4_ARBURST   |  out|    2|       m_axi|                                                gmem4|       pointer|
|m_axi_gmem4_ARLOCK    |  out|    2|       m_axi|                                                gmem4|       pointer|
|m_axi_gmem4_ARCACHE   |  out|    4|       m_axi|                                                gmem4|       pointer|
|m_axi_gmem4_ARPROT    |  out|    3|       m_axi|                                                gmem4|       pointer|
|m_axi_gmem4_ARQOS     |  out|    4|       m_axi|                                                gmem4|       pointer|
|m_axi_gmem4_ARREGION  |  out|    4|       m_axi|                                                gmem4|       pointer|
|m_axi_gmem4_ARUSER    |  out|    1|       m_axi|                                                gmem4|       pointer|
|m_axi_gmem4_RVALID    |   in|    1|       m_axi|                                                gmem4|       pointer|
|m_axi_gmem4_RREADY    |  out|    1|       m_axi|                                                gmem4|       pointer|
|m_axi_gmem4_RDATA     |   in|  512|       m_axi|                                                gmem4|       pointer|
|m_axi_gmem4_RLAST     |   in|    1|       m_axi|                                                gmem4|       pointer|
|m_axi_gmem4_RID       |   in|    1|       m_axi|                                                gmem4|       pointer|
|m_axi_gmem4_RFIFONUM  |   in|    9|       m_axi|                                                gmem4|       pointer|
|m_axi_gmem4_RUSER     |   in|    1|       m_axi|                                                gmem4|       pointer|
|m_axi_gmem4_RRESP     |   in|    2|       m_axi|                                                gmem4|       pointer|
|m_axi_gmem4_BVALID    |   in|    1|       m_axi|                                                gmem4|       pointer|
|m_axi_gmem4_BREADY    |  out|    1|       m_axi|                                                gmem4|       pointer|
|m_axi_gmem4_BRESP     |   in|    2|       m_axi|                                                gmem4|       pointer|
|m_axi_gmem4_BID       |   in|    1|       m_axi|                                                gmem4|       pointer|
|m_axi_gmem4_BUSER     |   in|    1|       m_axi|                                                gmem4|       pointer|
|v4_address0           |  out|   11|   ap_memory|                                                   v4|         array|
|v4_ce0                |  out|    1|   ap_memory|                                                   v4|         array|
|v4_we0                |  out|    1|   ap_memory|                                                   v4|         array|
|v4_d0                 |  out|   32|   ap_memory|                                                   v4|         array|
|v4_address1           |  out|   11|   ap_memory|                                                   v4|         array|
|v4_ce1                |  out|    1|   ap_memory|                                                   v4|         array|
|v4_we1                |  out|    1|   ap_memory|                                                   v4|         array|
|v4_d1                 |  out|   32|   ap_memory|                                                   v4|         array|
|v4_1_address0         |  out|   11|   ap_memory|                                                 v4_1|         array|
|v4_1_ce0              |  out|    1|   ap_memory|                                                 v4_1|         array|
|v4_1_we0              |  out|    1|   ap_memory|                                                 v4_1|         array|
|v4_1_d0               |  out|   32|   ap_memory|                                                 v4_1|         array|
|v4_1_address1         |  out|   11|   ap_memory|                                                 v4_1|         array|
|v4_1_ce1              |  out|    1|   ap_memory|                                                 v4_1|         array|
|v4_1_we1              |  out|    1|   ap_memory|                                                 v4_1|         array|
|v4_1_d1               |  out|   32|   ap_memory|                                                 v4_1|         array|
|v4_2_address0         |  out|   11|   ap_memory|                                                 v4_2|         array|
|v4_2_ce0              |  out|    1|   ap_memory|                                                 v4_2|         array|
|v4_2_we0              |  out|    1|   ap_memory|                                                 v4_2|         array|
|v4_2_d0               |  out|   32|   ap_memory|                                                 v4_2|         array|
|v4_2_address1         |  out|   11|   ap_memory|                                                 v4_2|         array|
|v4_2_ce1              |  out|    1|   ap_memory|                                                 v4_2|         array|
|v4_2_we1              |  out|    1|   ap_memory|                                                 v4_2|         array|
|v4_2_d1               |  out|   32|   ap_memory|                                                 v4_2|         array|
|v4_3_address0         |  out|   11|   ap_memory|                                                 v4_3|         array|
|v4_3_ce0              |  out|    1|   ap_memory|                                                 v4_3|         array|
|v4_3_we0              |  out|    1|   ap_memory|                                                 v4_3|         array|
|v4_3_d0               |  out|   32|   ap_memory|                                                 v4_3|         array|
|v4_3_address1         |  out|   11|   ap_memory|                                                 v4_3|         array|
|v4_3_ce1              |  out|    1|   ap_memory|                                                 v4_3|         array|
|v4_3_we1              |  out|    1|   ap_memory|                                                 v4_3|         array|
|v4_3_d1               |  out|   32|   ap_memory|                                                 v4_3|         array|
|v4_4_address0         |  out|   11|   ap_memory|                                                 v4_4|         array|
|v4_4_ce0              |  out|    1|   ap_memory|                                                 v4_4|         array|
|v4_4_we0              |  out|    1|   ap_memory|                                                 v4_4|         array|
|v4_4_d0               |  out|   32|   ap_memory|                                                 v4_4|         array|
|v4_4_address1         |  out|   11|   ap_memory|                                                 v4_4|         array|
|v4_4_ce1              |  out|    1|   ap_memory|                                                 v4_4|         array|
|v4_4_we1              |  out|    1|   ap_memory|                                                 v4_4|         array|
|v4_4_d1               |  out|   32|   ap_memory|                                                 v4_4|         array|
|v4_5_address0         |  out|   11|   ap_memory|                                                 v4_5|         array|
|v4_5_ce0              |  out|    1|   ap_memory|                                                 v4_5|         array|
|v4_5_we0              |  out|    1|   ap_memory|                                                 v4_5|         array|
|v4_5_d0               |  out|   32|   ap_memory|                                                 v4_5|         array|
|v4_5_address1         |  out|   11|   ap_memory|                                                 v4_5|         array|
|v4_5_ce1              |  out|    1|   ap_memory|                                                 v4_5|         array|
|v4_5_we1              |  out|    1|   ap_memory|                                                 v4_5|         array|
|v4_5_d1               |  out|   32|   ap_memory|                                                 v4_5|         array|
|v4_6_address0         |  out|   11|   ap_memory|                                                 v4_6|         array|
|v4_6_ce0              |  out|    1|   ap_memory|                                                 v4_6|         array|
|v4_6_we0              |  out|    1|   ap_memory|                                                 v4_6|         array|
|v4_6_d0               |  out|   32|   ap_memory|                                                 v4_6|         array|
|v4_6_address1         |  out|   11|   ap_memory|                                                 v4_6|         array|
|v4_6_ce1              |  out|    1|   ap_memory|                                                 v4_6|         array|
|v4_6_we1              |  out|    1|   ap_memory|                                                 v4_6|         array|
|v4_6_d1               |  out|   32|   ap_memory|                                                 v4_6|         array|
|v4_7_address0         |  out|   11|   ap_memory|                                                 v4_7|         array|
|v4_7_ce0              |  out|    1|   ap_memory|                                                 v4_7|         array|
|v4_7_we0              |  out|    1|   ap_memory|                                                 v4_7|         array|
|v4_7_d0               |  out|   32|   ap_memory|                                                 v4_7|         array|
|v4_7_address1         |  out|   11|   ap_memory|                                                 v4_7|         array|
|v4_7_ce1              |  out|    1|   ap_memory|                                                 v4_7|         array|
|v4_7_we1              |  out|    1|   ap_memory|                                                 v4_7|         array|
|v4_7_d1               |  out|   32|   ap_memory|                                                 v4_7|         array|
|v4_8_address0         |  out|   11|   ap_memory|                                                 v4_8|         array|
|v4_8_ce0              |  out|    1|   ap_memory|                                                 v4_8|         array|
|v4_8_we0              |  out|    1|   ap_memory|                                                 v4_8|         array|
|v4_8_d0               |  out|   32|   ap_memory|                                                 v4_8|         array|
|v4_8_address1         |  out|   11|   ap_memory|                                                 v4_8|         array|
|v4_8_ce1              |  out|    1|   ap_memory|                                                 v4_8|         array|
|v4_8_we1              |  out|    1|   ap_memory|                                                 v4_8|         array|
|v4_8_d1               |  out|   32|   ap_memory|                                                 v4_8|         array|
|v4_9_address0         |  out|   11|   ap_memory|                                                 v4_9|         array|
|v4_9_ce0              |  out|    1|   ap_memory|                                                 v4_9|         array|
|v4_9_we0              |  out|    1|   ap_memory|                                                 v4_9|         array|
|v4_9_d0               |  out|   32|   ap_memory|                                                 v4_9|         array|
|v4_9_address1         |  out|   11|   ap_memory|                                                 v4_9|         array|
|v4_9_ce1              |  out|    1|   ap_memory|                                                 v4_9|         array|
|v4_9_we1              |  out|    1|   ap_memory|                                                 v4_9|         array|
|v4_9_d1               |  out|   32|   ap_memory|                                                 v4_9|         array|
|v4_10_address0        |  out|   11|   ap_memory|                                                v4_10|         array|
|v4_10_ce0             |  out|    1|   ap_memory|                                                v4_10|         array|
|v4_10_we0             |  out|    1|   ap_memory|                                                v4_10|         array|
|v4_10_d0              |  out|   32|   ap_memory|                                                v4_10|         array|
|v4_10_address1        |  out|   11|   ap_memory|                                                v4_10|         array|
|v4_10_ce1             |  out|    1|   ap_memory|                                                v4_10|         array|
|v4_10_we1             |  out|    1|   ap_memory|                                                v4_10|         array|
|v4_10_d1              |  out|   32|   ap_memory|                                                v4_10|         array|
|v4_11_address0        |  out|   11|   ap_memory|                                                v4_11|         array|
|v4_11_ce0             |  out|    1|   ap_memory|                                                v4_11|         array|
|v4_11_we0             |  out|    1|   ap_memory|                                                v4_11|         array|
|v4_11_d0              |  out|   32|   ap_memory|                                                v4_11|         array|
|v4_11_address1        |  out|   11|   ap_memory|                                                v4_11|         array|
|v4_11_ce1             |  out|    1|   ap_memory|                                                v4_11|         array|
|v4_11_we1             |  out|    1|   ap_memory|                                                v4_11|         array|
|v4_11_d1              |  out|   32|   ap_memory|                                                v4_11|         array|
|v4_12_address0        |  out|   11|   ap_memory|                                                v4_12|         array|
|v4_12_ce0             |  out|    1|   ap_memory|                                                v4_12|         array|
|v4_12_we0             |  out|    1|   ap_memory|                                                v4_12|         array|
|v4_12_d0              |  out|   32|   ap_memory|                                                v4_12|         array|
|v4_12_address1        |  out|   11|   ap_memory|                                                v4_12|         array|
|v4_12_ce1             |  out|    1|   ap_memory|                                                v4_12|         array|
|v4_12_we1             |  out|    1|   ap_memory|                                                v4_12|         array|
|v4_12_d1              |  out|   32|   ap_memory|                                                v4_12|         array|
|v4_13_address0        |  out|   11|   ap_memory|                                                v4_13|         array|
|v4_13_ce0             |  out|    1|   ap_memory|                                                v4_13|         array|
|v4_13_we0             |  out|    1|   ap_memory|                                                v4_13|         array|
|v4_13_d0              |  out|   32|   ap_memory|                                                v4_13|         array|
|v4_13_address1        |  out|   11|   ap_memory|                                                v4_13|         array|
|v4_13_ce1             |  out|    1|   ap_memory|                                                v4_13|         array|
|v4_13_we1             |  out|    1|   ap_memory|                                                v4_13|         array|
|v4_13_d1              |  out|   32|   ap_memory|                                                v4_13|         array|
|v4_14_address0        |  out|   11|   ap_memory|                                                v4_14|         array|
|v4_14_ce0             |  out|    1|   ap_memory|                                                v4_14|         array|
|v4_14_we0             |  out|    1|   ap_memory|                                                v4_14|         array|
|v4_14_d0              |  out|   32|   ap_memory|                                                v4_14|         array|
|v4_14_address1        |  out|   11|   ap_memory|                                                v4_14|         array|
|v4_14_ce1             |  out|    1|   ap_memory|                                                v4_14|         array|
|v4_14_we1             |  out|    1|   ap_memory|                                                v4_14|         array|
|v4_14_d1              |  out|   32|   ap_memory|                                                v4_14|         array|
|v4_15_address0        |  out|   11|   ap_memory|                                                v4_15|         array|
|v4_15_ce0             |  out|    1|   ap_memory|                                                v4_15|         array|
|v4_15_we0             |  out|    1|   ap_memory|                                                v4_15|         array|
|v4_15_d0              |  out|   32|   ap_memory|                                                v4_15|         array|
|v4_15_address1        |  out|   11|   ap_memory|                                                v4_15|         array|
|v4_15_ce1             |  out|    1|   ap_memory|                                                v4_15|         array|
|v4_15_we1             |  out|    1|   ap_memory|                                                v4_15|         array|
|v4_15_d1              |  out|   32|   ap_memory|                                                v4_15|         array|
|v4_16_address0        |  out|   11|   ap_memory|                                                v4_16|         array|
|v4_16_ce0             |  out|    1|   ap_memory|                                                v4_16|         array|
|v4_16_we0             |  out|    1|   ap_memory|                                                v4_16|         array|
|v4_16_d0              |  out|   32|   ap_memory|                                                v4_16|         array|
|v4_16_address1        |  out|   11|   ap_memory|                                                v4_16|         array|
|v4_16_ce1             |  out|    1|   ap_memory|                                                v4_16|         array|
|v4_16_we1             |  out|    1|   ap_memory|                                                v4_16|         array|
|v4_16_d1              |  out|   32|   ap_memory|                                                v4_16|         array|
|v4_17_address0        |  out|   11|   ap_memory|                                                v4_17|         array|
|v4_17_ce0             |  out|    1|   ap_memory|                                                v4_17|         array|
|v4_17_we0             |  out|    1|   ap_memory|                                                v4_17|         array|
|v4_17_d0              |  out|   32|   ap_memory|                                                v4_17|         array|
|v4_17_address1        |  out|   11|   ap_memory|                                                v4_17|         array|
|v4_17_ce1             |  out|    1|   ap_memory|                                                v4_17|         array|
|v4_17_we1             |  out|    1|   ap_memory|                                                v4_17|         array|
|v4_17_d1              |  out|   32|   ap_memory|                                                v4_17|         array|
|v4_18_address0        |  out|   11|   ap_memory|                                                v4_18|         array|
|v4_18_ce0             |  out|    1|   ap_memory|                                                v4_18|         array|
|v4_18_we0             |  out|    1|   ap_memory|                                                v4_18|         array|
|v4_18_d0              |  out|   32|   ap_memory|                                                v4_18|         array|
|v4_18_address1        |  out|   11|   ap_memory|                                                v4_18|         array|
|v4_18_ce1             |  out|    1|   ap_memory|                                                v4_18|         array|
|v4_18_we1             |  out|    1|   ap_memory|                                                v4_18|         array|
|v4_18_d1              |  out|   32|   ap_memory|                                                v4_18|         array|
|v4_19_address0        |  out|   11|   ap_memory|                                                v4_19|         array|
|v4_19_ce0             |  out|    1|   ap_memory|                                                v4_19|         array|
|v4_19_we0             |  out|    1|   ap_memory|                                                v4_19|         array|
|v4_19_d0              |  out|   32|   ap_memory|                                                v4_19|         array|
|v4_19_address1        |  out|   11|   ap_memory|                                                v4_19|         array|
|v4_19_ce1             |  out|    1|   ap_memory|                                                v4_19|         array|
|v4_19_we1             |  out|    1|   ap_memory|                                                v4_19|         array|
|v4_19_d1              |  out|   32|   ap_memory|                                                v4_19|         array|
|v4_20_address0        |  out|   11|   ap_memory|                                                v4_20|         array|
|v4_20_ce0             |  out|    1|   ap_memory|                                                v4_20|         array|
|v4_20_we0             |  out|    1|   ap_memory|                                                v4_20|         array|
|v4_20_d0              |  out|   32|   ap_memory|                                                v4_20|         array|
|v4_20_address1        |  out|   11|   ap_memory|                                                v4_20|         array|
|v4_20_ce1             |  out|    1|   ap_memory|                                                v4_20|         array|
|v4_20_we1             |  out|    1|   ap_memory|                                                v4_20|         array|
|v4_20_d1              |  out|   32|   ap_memory|                                                v4_20|         array|
|v4_21_address0        |  out|   11|   ap_memory|                                                v4_21|         array|
|v4_21_ce0             |  out|    1|   ap_memory|                                                v4_21|         array|
|v4_21_we0             |  out|    1|   ap_memory|                                                v4_21|         array|
|v4_21_d0              |  out|   32|   ap_memory|                                                v4_21|         array|
|v4_21_address1        |  out|   11|   ap_memory|                                                v4_21|         array|
|v4_21_ce1             |  out|    1|   ap_memory|                                                v4_21|         array|
|v4_21_we1             |  out|    1|   ap_memory|                                                v4_21|         array|
|v4_21_d1              |  out|   32|   ap_memory|                                                v4_21|         array|
|v4_22_address0        |  out|   11|   ap_memory|                                                v4_22|         array|
|v4_22_ce0             |  out|    1|   ap_memory|                                                v4_22|         array|
|v4_22_we0             |  out|    1|   ap_memory|                                                v4_22|         array|
|v4_22_d0              |  out|   32|   ap_memory|                                                v4_22|         array|
|v4_22_address1        |  out|   11|   ap_memory|                                                v4_22|         array|
|v4_22_ce1             |  out|    1|   ap_memory|                                                v4_22|         array|
|v4_22_we1             |  out|    1|   ap_memory|                                                v4_22|         array|
|v4_22_d1              |  out|   32|   ap_memory|                                                v4_22|         array|
|v4_23_address0        |  out|   11|   ap_memory|                                                v4_23|         array|
|v4_23_ce0             |  out|    1|   ap_memory|                                                v4_23|         array|
|v4_23_we0             |  out|    1|   ap_memory|                                                v4_23|         array|
|v4_23_d0              |  out|   32|   ap_memory|                                                v4_23|         array|
|v4_23_address1        |  out|   11|   ap_memory|                                                v4_23|         array|
|v4_23_ce1             |  out|    1|   ap_memory|                                                v4_23|         array|
|v4_23_we1             |  out|    1|   ap_memory|                                                v4_23|         array|
|v4_23_d1              |  out|   32|   ap_memory|                                                v4_23|         array|
|v4_24_address0        |  out|   11|   ap_memory|                                                v4_24|         array|
|v4_24_ce0             |  out|    1|   ap_memory|                                                v4_24|         array|
|v4_24_we0             |  out|    1|   ap_memory|                                                v4_24|         array|
|v4_24_d0              |  out|   32|   ap_memory|                                                v4_24|         array|
|v4_24_address1        |  out|   11|   ap_memory|                                                v4_24|         array|
|v4_24_ce1             |  out|    1|   ap_memory|                                                v4_24|         array|
|v4_24_we1             |  out|    1|   ap_memory|                                                v4_24|         array|
|v4_24_d1              |  out|   32|   ap_memory|                                                v4_24|         array|
|v4_25_address0        |  out|   11|   ap_memory|                                                v4_25|         array|
|v4_25_ce0             |  out|    1|   ap_memory|                                                v4_25|         array|
|v4_25_we0             |  out|    1|   ap_memory|                                                v4_25|         array|
|v4_25_d0              |  out|   32|   ap_memory|                                                v4_25|         array|
|v4_25_address1        |  out|   11|   ap_memory|                                                v4_25|         array|
|v4_25_ce1             |  out|    1|   ap_memory|                                                v4_25|         array|
|v4_25_we1             |  out|    1|   ap_memory|                                                v4_25|         array|
|v4_25_d1              |  out|   32|   ap_memory|                                                v4_25|         array|
|v4_26_address0        |  out|   11|   ap_memory|                                                v4_26|         array|
|v4_26_ce0             |  out|    1|   ap_memory|                                                v4_26|         array|
|v4_26_we0             |  out|    1|   ap_memory|                                                v4_26|         array|
|v4_26_d0              |  out|   32|   ap_memory|                                                v4_26|         array|
|v4_26_address1        |  out|   11|   ap_memory|                                                v4_26|         array|
|v4_26_ce1             |  out|    1|   ap_memory|                                                v4_26|         array|
|v4_26_we1             |  out|    1|   ap_memory|                                                v4_26|         array|
|v4_26_d1              |  out|   32|   ap_memory|                                                v4_26|         array|
|v4_27_address0        |  out|   11|   ap_memory|                                                v4_27|         array|
|v4_27_ce0             |  out|    1|   ap_memory|                                                v4_27|         array|
|v4_27_we0             |  out|    1|   ap_memory|                                                v4_27|         array|
|v4_27_d0              |  out|   32|   ap_memory|                                                v4_27|         array|
|v4_27_address1        |  out|   11|   ap_memory|                                                v4_27|         array|
|v4_27_ce1             |  out|    1|   ap_memory|                                                v4_27|         array|
|v4_27_we1             |  out|    1|   ap_memory|                                                v4_27|         array|
|v4_27_d1              |  out|   32|   ap_memory|                                                v4_27|         array|
|v4_28_address0        |  out|   11|   ap_memory|                                                v4_28|         array|
|v4_28_ce0             |  out|    1|   ap_memory|                                                v4_28|         array|
|v4_28_we0             |  out|    1|   ap_memory|                                                v4_28|         array|
|v4_28_d0              |  out|   32|   ap_memory|                                                v4_28|         array|
|v4_28_address1        |  out|   11|   ap_memory|                                                v4_28|         array|
|v4_28_ce1             |  out|    1|   ap_memory|                                                v4_28|         array|
|v4_28_we1             |  out|    1|   ap_memory|                                                v4_28|         array|
|v4_28_d1              |  out|   32|   ap_memory|                                                v4_28|         array|
|v4_29_address0        |  out|   11|   ap_memory|                                                v4_29|         array|
|v4_29_ce0             |  out|    1|   ap_memory|                                                v4_29|         array|
|v4_29_we0             |  out|    1|   ap_memory|                                                v4_29|         array|
|v4_29_d0              |  out|   32|   ap_memory|                                                v4_29|         array|
|v4_29_address1        |  out|   11|   ap_memory|                                                v4_29|         array|
|v4_29_ce1             |  out|    1|   ap_memory|                                                v4_29|         array|
|v4_29_we1             |  out|    1|   ap_memory|                                                v4_29|         array|
|v4_29_d1              |  out|   32|   ap_memory|                                                v4_29|         array|
|sext_ln76             |   in|   58|     ap_none|                                            sext_ln76|        scalar|
+----------------------+-----+-----+------------+-----------------------------------------------------+--------------+

