+-----------+----------+----------+--------------------------------+-----------+
| Directory | Quality  |  Perf.   |            Resource            | Frequency |
+===========+==========+==========+================================+===========+
| 0         | 2.43e-06 | 411504   | BRAM:11.0%, DSP:15.0%,         | ----      |
|           |          |          | LUT:86.0%, FF:27.0%            |           |
+-----------+----------+----------+--------------------------------+-----------+
| 1         | 1.46e-08 | 68672906 | BRAM:8.0%, DSP:0.0%, LUT:2.0%, | ----      |
|           |          |          | FF:1.0%                        |           |
+-----------+----------+----------+--------------------------------+-----------+
| 2         | 1.46e-08 | 68672906 | BRAM:8.0%, DSP:0.0%, LUT:2.0%, | ----      |
|           |          |          | FF:1.0%                        |           |
+-----------+----------+----------+--------------------------------+-----------+
| 3         | 1.45e-08 | 69000712 | BRAM:8.0%, DSP:0.0%, LUT:2.0%, | ----      |
|           |          |          | FF:1.0%                        |           |
+-----------+----------+----------+--------------------------------+-----------+