

================================================================
== Vitis HLS Report for 'load_w_Pipeline_VITIS_LOOP_200_1'
================================================================
* Date:           Tue Sep 17 03:16:28 2024

* Version:        2023.2 (Build 4023990 on Oct 11 2023)
* Project:        kernel_nlp
* Solution:       solution (Vitis Kernel Flow Target)
* Product family: virtexuplus
* Target device:  xcu200-fsgd2104-2-e


================================================================
== Performance Estimates
================================================================
+ Timing: 
    * Summary: 
    +--------+---------+----------+------------+
    |  Clock |  Target | Estimated| Uncertainty|
    +--------+---------+----------+------------+
    |ap_clk  |  4.00 ns|  2.920 ns|     1.08 ns|
    +--------+---------+----------+------------+

+ Latency: 
    * Summary: 
    +---------+---------+----------+----------+-----+-----+---------+
    |  Latency (cycles) |  Latency (absolute) |  Interval | Pipeline|
    |   min   |   max   |    min   |    max   | min | max |   Type  |
    +---------+---------+----------+----------+-----+-----+---------+
    |       28|       28|  0.112 us|  0.112 us|   28|   28|       no|
    +---------+---------+----------+----------+-----+-----+---------+

    + Detail: 
        * Instance: 
        N/A

        * Loop: 
        +--------------------+---------+---------+----------+-----------+-----------+------+----------+
        |                    |  Latency (cycles) | Iteration|  Initiation Interval  | Trip |          |
        |      Loop Name     |   min   |   max   |  Latency |  achieved |   target  | Count| Pipelined|
        +--------------------+---------+---------+----------+-----------+-----------+------+----------+
        |- VITIS_LOOP_200_1  |       26|       26|         3|          1|          1|    25|       yes|
        +--------------------+---------+---------+----------+-----------+-----------+------+----------+



================================================================
== Utilization Estimates
================================================================
* Summary: 
+---------------------+---------+------+---------+---------+-----+
|         Name        | BRAM_18K|  DSP |    FF   |   LUT   | URAM|
+---------------------+---------+------+---------+---------+-----+
|DSP                  |        -|     -|        -|        -|    -|
|Expression           |        -|     -|        0|       44|    -|
|FIFO                 |        -|     -|        -|        -|    -|
|Instance             |        -|     -|        -|        -|    -|
|Memory               |        -|     -|        -|        -|    -|
|Multiplexer          |        -|     -|        -|       54|    -|
|Register             |        -|     -|      531|        -|    -|
+---------------------+---------+------+---------+---------+-----+
|Total                |        0|     0|      531|       98|    0|
+---------------------+---------+------+---------+---------+-----+
|Available SLR        |     1440|  2280|   788160|   394080|  320|
+---------------------+---------+------+---------+---------+-----+
|Utilization SLR (%)  |        0|     0|       ~0|       ~0|    0|
+---------------------+---------+------+---------+---------+-----+
|Available            |     4320|  6840|  2364480|  1182240|  960|
+---------------------+---------+------+---------+---------+-----+
|Utilization (%)      |        0|     0|       ~0|       ~0|    0|
+---------------------+---------+------+---------+---------+-----+

+ Detail: 
    * Instance: 
    N/A

    * DSP: 
    N/A

    * Memory: 
    N/A

    * FIFO: 
    N/A

    * Expression: 
    +---------------------------+----------+----+---+----+------------+------------+
    |       Variable Name       | Operation| DSP| FF| LUT| Bitwidth P0| Bitwidth P1|
    +---------------------------+----------+----+---+----+------------+------------+
    |add_ln200_1_fu_398_p2      |         +|   0|  0|  12|           5|           1|
    |add_ln200_fu_666_p2        |         +|   0|  0|  16|           9|           5|
    |ap_block_pp0_stage0_11001  |       and|   0|  0|   2|           1|           1|
    |icmp_ln200_fu_392_p2       |      icmp|   0|  0|  12|           5|           4|
    |ap_enable_pp0              |       xor|   0|  0|   2|           1|           2|
    +---------------------------+----------+----+---+----+------------+------------+
    |Total                      |          |   0|  0|  44|          21|          13|
    +---------------------------+----------+----+---+----+------------+------------+

    * Multiplexer: 
    +------------------------------+----+-----------+-----+-----------+
    |             Name             | LUT| Input Size| Bits| Total Bits|
    +------------------------------+----+-----------+-----+-----------+
    |ap_done_int                   |   9|          2|    1|          2|
    |ap_enable_reg_pp0_iter1       |   9|          2|    1|          2|
    |ap_sig_allocacmp_indvar_load  |   9|          2|    5|         10|
    |i0_fu_148                     |   9|          2|    9|         18|
    |indvar_fu_152                 |   9|          2|    5|         10|
    |kernel_w_blk_n_R              |   9|          2|    1|          2|
    +------------------------------+----+-----------+-----+-----------+
    |Total                         |  54|         12|   22|         44|
    +------------------------------+----+-----------+-----+-----------+

    * Register: 
    +----------------------------------+----+----+-----+-----------+
    |               Name               | FF | LUT| Bits| Const Bits|
    +----------------------------------+----+----+-----+-----------+
    |ap_CS_fsm                         |   1|   0|    1|          0|
    |ap_done_reg                       |   1|   0|    1|          0|
    |ap_enable_reg_pp0_iter1           |   1|   0|    1|          0|
    |ap_enable_reg_pp0_iter2           |   1|   0|    1|          0|
    |ap_loop_exit_ready_pp0_iter1_reg  |   1|   0|    1|          0|
    |i0_fu_148                         |   9|   0|    9|          0|
    |indvar_fu_152                     |   5|   0|    5|          0|
    |trunc_ln202_10_reg_755            |  32|   0|   32|          0|
    |trunc_ln202_11_reg_760            |  32|   0|   32|          0|
    |trunc_ln202_12_reg_765            |  32|   0|   32|          0|
    |trunc_ln202_13_reg_770            |  32|   0|   32|          0|
    |trunc_ln202_14_reg_775            |  32|   0|   32|          0|
    |trunc_ln202_1_reg_705             |  32|   0|   32|          0|
    |trunc_ln202_2_reg_710             |  32|   0|   32|          0|
    |trunc_ln202_3_reg_715             |  32|   0|   32|          0|
    |trunc_ln202_4_reg_720             |  32|   0|   32|          0|
    |trunc_ln202_5_reg_725             |  32|   0|   32|          0|
    |trunc_ln202_6_reg_730             |  32|   0|   32|          0|
    |trunc_ln202_7_reg_735             |  32|   0|   32|          0|
    |trunc_ln202_8_reg_740             |  32|   0|   32|          0|
    |trunc_ln202_9_reg_745             |  32|   0|   32|          0|
    |trunc_ln202_reg_700               |  32|   0|   32|          0|
    |trunc_ln202_s_reg_750             |  32|   0|   32|          0|
    +----------------------------------+----+----+-----+-----------+
    |Total                             | 531|   0|  531|          0|
    +----------------------------------+----+----+-----+-----------+



================================================================
== Interface
================================================================
* Summary: 
+-------------------------+-----+-----+------------+----------------------------------+--------------+
|        RTL Ports        | Dir | Bits|  Protocol  |           Source Object          |    C Type    |
+-------------------------+-----+-----+------------+----------------------------------+--------------+
|ap_clk                   |   in|    1|  ap_ctrl_hs|  load_w_Pipeline_VITIS_LOOP_200_1|  return value|
|ap_rst                   |   in|    1|  ap_ctrl_hs|  load_w_Pipeline_VITIS_LOOP_200_1|  return value|
|ap_start                 |   in|    1|  ap_ctrl_hs|  load_w_Pipeline_VITIS_LOOP_200_1|  return value|
|ap_done                  |  out|    1|  ap_ctrl_hs|  load_w_Pipeline_VITIS_LOOP_200_1|  return value|
|ap_idle                  |  out|    1|  ap_ctrl_hs|  load_w_Pipeline_VITIS_LOOP_200_1|  return value|
|ap_ready                 |  out|    1|  ap_ctrl_hs|  load_w_Pipeline_VITIS_LOOP_200_1|  return value|
|m_axi_kernel_w_AWVALID   |  out|    1|       m_axi|                          kernel_w|       pointer|
|m_axi_kernel_w_AWREADY   |   in|    1|       m_axi|                          kernel_w|       pointer|
|m_axi_kernel_w_AWADDR    |  out|   64|       m_axi|                          kernel_w|       pointer|
|m_axi_kernel_w_AWID      |  out|    1|       m_axi|                          kernel_w|       pointer|
|m_axi_kernel_w_AWLEN     |  out|   32|       m_axi|                          kernel_w|       pointer|
|m_axi_kernel_w_AWSIZE    |  out|    3|       m_axi|                          kernel_w|       pointer|
|m_axi_kernel_w_AWBURST   |  out|    2|       m_axi|                          kernel_w|       pointer|
|m_axi_kernel_w_AWLOCK    |  out|    2|       m_axi|                          kernel_w|       pointer|
|m_axi_kernel_w_AWCACHE   |  out|    4|       m_axi|                          kernel_w|       pointer|
|m_axi_kernel_w_AWPROT    |  out|    3|       m_axi|                          kernel_w|       pointer|
|m_axi_kernel_w_AWQOS     |  out|    4|       m_axi|                          kernel_w|       pointer|
|m_axi_kernel_w_AWREGION  |  out|    4|       m_axi|                          kernel_w|       pointer|
|m_axi_kernel_w_AWUSER    |  out|    1|       m_axi|                          kernel_w|       pointer|
|m_axi_kernel_w_WVALID    |  out|    1|       m_axi|                          kernel_w|       pointer|
|m_axi_kernel_w_WREADY    |   in|    1|       m_axi|                          kernel_w|       pointer|
|m_axi_kernel_w_WDATA     |  out|  512|       m_axi|                          kernel_w|       pointer|
|m_axi_kernel_w_WSTRB     |  out|   64|       m_axi|                          kernel_w|       pointer|
|m_axi_kernel_w_WLAST     |  out|    1|       m_axi|                          kernel_w|       pointer|
|m_axi_kernel_w_WID       |  out|    1|       m_axi|                          kernel_w|       pointer|
|m_axi_kernel_w_WUSER     |  out|    1|       m_axi|                          kernel_w|       pointer|
|m_axi_kernel_w_ARVALID   |  out|    1|       m_axi|                          kernel_w|       pointer|
|m_axi_kernel_w_ARREADY   |   in|    1|       m_axi|                          kernel_w|       pointer|
|m_axi_kernel_w_ARADDR    |  out|   64|       m_axi|                          kernel_w|       pointer|
|m_axi_kernel_w_ARID      |  out|    1|       m_axi|                          kernel_w|       pointer|
|m_axi_kernel_w_ARLEN     |  out|   32|       m_axi|                          kernel_w|       pointer|
|m_axi_kernel_w_ARSIZE    |  out|    3|       m_axi|                          kernel_w|       pointer|
|m_axi_kernel_w_ARBURST   |  out|    2|       m_axi|                          kernel_w|       pointer|
|m_axi_kernel_w_ARLOCK    |  out|    2|       m_axi|                          kernel_w|       pointer|
|m_axi_kernel_w_ARCACHE   |  out|    4|       m_axi|                          kernel_w|       pointer|
|m_axi_kernel_w_ARPROT    |  out|    3|       m_axi|                          kernel_w|       pointer|
|m_axi_kernel_w_ARQOS     |  out|    4|       m_axi|                          kernel_w|       pointer|
|m_axi_kernel_w_ARREGION  |  out|    4|       m_axi|                          kernel_w|       pointer|
|m_axi_kernel_w_ARUSER    |  out|    1|       m_axi|                          kernel_w|       pointer|
|m_axi_kernel_w_RVALID    |   in|    1|       m_axi|                          kernel_w|       pointer|
|m_axi_kernel_w_RREADY    |  out|    1|       m_axi|                          kernel_w|       pointer|
|m_axi_kernel_w_RDATA     |   in|  512|       m_axi|                          kernel_w|       pointer|
|m_axi_kernel_w_RLAST     |   in|    1|       m_axi|                          kernel_w|       pointer|
|m_axi_kernel_w_RID       |   in|    1|       m_axi|                          kernel_w|       pointer|
|m_axi_kernel_w_RFIFONUM  |   in|    9|       m_axi|                          kernel_w|       pointer|
|m_axi_kernel_w_RUSER     |   in|    1|       m_axi|                          kernel_w|       pointer|
|m_axi_kernel_w_RRESP     |   in|    2|       m_axi|                          kernel_w|       pointer|
|m_axi_kernel_w_BVALID    |   in|    1|       m_axi|                          kernel_w|       pointer|
|m_axi_kernel_w_BREADY    |  out|    1|       m_axi|                          kernel_w|       pointer|
|m_axi_kernel_w_BRESP     |   in|    2|       m_axi|                          kernel_w|       pointer|
|m_axi_kernel_w_BID       |   in|    1|       m_axi|                          kernel_w|       pointer|
|m_axi_kernel_w_BUSER     |   in|    1|       m_axi|                          kernel_w|       pointer|
|sext_ln200               |   in|   58|     ap_none|                        sext_ln200|        scalar|
|w_15_address0            |  out|    5|   ap_memory|                              w_15|         array|
|w_15_ce0                 |  out|    1|   ap_memory|                              w_15|         array|
|w_15_we0                 |  out|    1|   ap_memory|                              w_15|         array|
|w_15_d0                  |  out|   32|   ap_memory|                              w_15|         array|
|w_14_address0            |  out|    5|   ap_memory|                              w_14|         array|
|w_14_ce0                 |  out|    1|   ap_memory|                              w_14|         array|
|w_14_we0                 |  out|    1|   ap_memory|                              w_14|         array|
|w_14_d0                  |  out|   32|   ap_memory|                              w_14|         array|
|w_13_address0            |  out|    5|   ap_memory|                              w_13|         array|
|w_13_ce0                 |  out|    1|   ap_memory|                              w_13|         array|
|w_13_we0                 |  out|    1|   ap_memory|                              w_13|         array|
|w_13_d0                  |  out|   32|   ap_memory|                              w_13|         array|
|w_12_address0            |  out|    5|   ap_memory|                              w_12|         array|
|w_12_ce0                 |  out|    1|   ap_memory|                              w_12|         array|
|w_12_we0                 |  out|    1|   ap_memory|                              w_12|         array|
|w_12_d0                  |  out|   32|   ap_memory|                              w_12|         array|
|w_11_address0            |  out|    5|   ap_memory|                              w_11|         array|
|w_11_ce0                 |  out|    1|   ap_memory|                              w_11|         array|
|w_11_we0                 |  out|    1|   ap_memory|                              w_11|         array|
|w_11_d0                  |  out|   32|   ap_memory|                              w_11|         array|
|w_10_address0            |  out|    5|   ap_memory|                              w_10|         array|
|w_10_ce0                 |  out|    1|   ap_memory|                              w_10|         array|
|w_10_we0                 |  out|    1|   ap_memory|                              w_10|         array|
|w_10_d0                  |  out|   32|   ap_memory|                              w_10|         array|
|w_9_address0             |  out|    5|   ap_memory|                               w_9|         array|
|w_9_ce0                  |  out|    1|   ap_memory|                               w_9|         array|
|w_9_we0                  |  out|    1|   ap_memory|                               w_9|         array|
|w_9_d0                   |  out|   32|   ap_memory|                               w_9|         array|
|w_8_address0             |  out|    5|   ap_memory|                               w_8|         array|
|w_8_ce0                  |  out|    1|   ap_memory|                               w_8|         array|
|w_8_we0                  |  out|    1|   ap_memory|                               w_8|         array|
|w_8_d0                   |  out|   32|   ap_memory|                               w_8|         array|
|w_7_address0             |  out|    5|   ap_memory|                               w_7|         array|
|w_7_ce0                  |  out|    1|   ap_memory|                               w_7|         array|
|w_7_we0                  |  out|    1|   ap_memory|                               w_7|         array|
|w_7_d0                   |  out|   32|   ap_memory|                               w_7|         array|
|w_6_address0             |  out|    5|   ap_memory|                               w_6|         array|
|w_6_ce0                  |  out|    1|   ap_memory|                               w_6|         array|
|w_6_we0                  |  out|    1|   ap_memory|                               w_6|         array|
|w_6_d0                   |  out|   32|   ap_memory|                               w_6|         array|
|w_5_address0             |  out|    5|   ap_memory|                               w_5|         array|
|w_5_ce0                  |  out|    1|   ap_memory|                               w_5|         array|
|w_5_we0                  |  out|    1|   ap_memory|                               w_5|         array|
|w_5_d0                   |  out|   32|   ap_memory|                               w_5|         array|
|w_4_address0             |  out|    5|   ap_memory|                               w_4|         array|
|w_4_ce0                  |  out|    1|   ap_memory|                               w_4|         array|
|w_4_we0                  |  out|    1|   ap_memory|                               w_4|         array|
|w_4_d0                   |  out|   32|   ap_memory|                               w_4|         array|
|w_3_address0             |  out|    5|   ap_memory|                               w_3|         array|
|w_3_ce0                  |  out|    1|   ap_memory|                               w_3|         array|
|w_3_we0                  |  out|    1|   ap_memory|                               w_3|         array|
|w_3_d0                   |  out|   32|   ap_memory|                               w_3|         array|
|w_2_address0             |  out|    5|   ap_memory|                               w_2|         array|
|w_2_ce0                  |  out|    1|   ap_memory|                               w_2|         array|
|w_2_we0                  |  out|    1|   ap_memory|                               w_2|         array|
|w_2_d0                   |  out|   32|   ap_memory|                               w_2|         array|
|w_1_address0             |  out|    5|   ap_memory|                               w_1|         array|
|w_1_ce0                  |  out|    1|   ap_memory|                               w_1|         array|
|w_1_we0                  |  out|    1|   ap_memory|                               w_1|         array|
|w_1_d0                   |  out|   32|   ap_memory|                               w_1|         array|
|w_0_address0             |  out|    5|   ap_memory|                               w_0|         array|
|w_0_ce0                  |  out|    1|   ap_memory|                               w_0|         array|
|w_0_we0                  |  out|    1|   ap_memory|                               w_0|         array|
|w_0_d0                   |  out|   32|   ap_memory|                               w_0|         array|
+-------------------------+-----+-----+------------+----------------------------------+--------------+

