DSE Summary
+----------------------------+-----+
| Total Explored             | 193 |
+----------------------------+-----+
| Level 1 Timeout            | 0   |
+----------------------------+-----+
| Level 1 Analysis Error     | 0   |
+----------------------------+-----+
| Level 1 Early Reject       | 158 |
+----------------------------+-----+
| Level 1 Result Unavailable | 0   |
+----------------------------+-----+
| Level 2 Timeout            | 27  |
+----------------------------+-----+
| Level 2 Analysis Error     | 0   |
+----------------------------+-----+
| Level 2 Duplicate          | 0   |
+----------------------------+-----+
| Level 2 Result Unavailable | 2   |
+----------------------------+-----+

Level 2 Result Details
+----+----------+----------------------------+-------------+-------+------+
| ID |  Perf.   |     BRAM, DSP, LUT, FF     |   Status    | Valid | Time |
+====+==========+============================+=============+=======+======+
| 0  |   ----   |            ----            |   Timeout   |  No   | 0.0  |
+----+----------+----------------------------+-------------+-------+------+
| 1  |   ----   |            ----            |   Timeout   |  No   | 0.0  |
+----+----------+----------------------------+-------------+-------+------+
| 2  |   ----   |            ----            |   Timeout   |  No   | 0.0  |
+----+----------+----------------------------+-------------+-------+------+
| 3  |   ----   |            ----            |   Timeout   |  No   | 0.0  |
+----+----------+----------------------------+-------------+-------+------+
| 4  |   ----   |            ----            |   Timeout   |  No   | 0.0  |
+----+----------+----------------------------+-------------+-------+------+
| 5  |   ----   |            ----            |   Timeout   |  No   | 0.0  |
+----+----------+----------------------------+-------------+-------+------+
| 6  |   ----   |            ----            |   Timeout   |  No   | 0.0  |
+----+----------+----------------------------+-------------+-------+------+
| 7  | 4.12e+05 | 11.0%, 15.0%, 86.0%, 27.0% |  Finished   |  Yes  | 0.0  |
+----+----------+----------------------------+-------------+-------+------+
| 8  |   ----   |            ----            |   Timeout   |  No   | 0.0  |
+----+----------+----------------------------+-------------+-------+------+
| 9  |   ----   |            ----            |   Timeout   |  No   | 0.0  |
+----+----------+----------------------------+-------------+-------+------+
| 10 |   ----   |            ----            |   Timeout   |  No   | 0.0  |
+----+----------+----------------------------+-------------+-------+------+
| 11 |   ----   |            ----            |   Timeout   |  No   | 0.0  |
+----+----------+----------------------------+-------------+-------+------+
| 12 |   ----   |            ----            |   Timeout   |  No   | 0.0  |
+----+----------+----------------------------+-------------+-------+------+
| 13 |   ----   |            ----            |   Timeout   |  No   | 0.0  |
+----+----------+----------------------------+-------------+-------+------+
| 14 |   ----   |            ----            |   Timeout   |  No   | 0.0  |
+----+----------+----------------------------+-------------+-------+------+
| 15 | 6.90e+07 |   8.0%, 0.0%, 2.0%, 1.0%   |  Finished   |  Yes  | 0.0  |
+----+----------+----------------------------+-------------+-------+------+
| 16 |   ----   |            ----            |   Timeout   |  No   | 0.0  |
+----+----------+----------------------------+-------------+-------+------+
| 17 |   ----   |            ----            |   Timeout   |  No   | 0.0  |
+----+----------+----------------------------+-------------+-------+------+
| 18 |   ----   |            ----            |   Timeout   |  No   | 0.0  |
+----+----------+----------------------------+-------------+-------+------+
| 19 |   ----   |            ----            |   Timeout   |  No   | 0.0  |
+----+----------+----------------------------+-------------+-------+------+
| 20 |   ----   |            ----            |   Timeout   |  No   | 0.0  |
+----+----------+----------------------------+-------------+-------+------+
| 21 |   ----   |            ----            |   Timeout   |  No   | 0.0  |
+----+----------+----------------------------+-------------+-------+------+
| 22 |   ----   |            ----            |   Timeout   |  No   | 0.0  |
+----+----------+----------------------------+-------------+-------+------+
| 23 |   ----   |            ----            |   Timeout   |  No   | 0.0  |
+----+----------+----------------------------+-------------+-------+------+
| 24 |   ----   |            ----            | Unavailable |  No   | 0.0  |
+----+----------+----------------------------+-------------+-------+------+
| 25 |   ----   |            ----            |   Timeout   |  No   | 0.0  |
+----+----------+----------------------------+-------------+-------+------+
| 26 | 6.87e+07 |   8.0%, 0.0%, 2.0%, 1.0%   |  Finished   |  Yes  | 0.0  |
+----+----------+----------------------------+-------------+-------+------+
| 27 |   ----   |            ----            |   Timeout   |  No   | 0.0  |
+----+----------+----------------------------+-------------+-------+------+
| 28 | 6.87e+07 |   8.0%, 0.0%, 2.0%, 1.0%   |  Finished   |  Yes  | 0.0  |
+----+----------+----------------------------+-------------+-------+------+
| 29 |   ----   |            ----            |   Timeout   |  No   | 0.0  |
+----+----------+----------------------------+-------------+-------+------+
| 30 |   ----   |            ----            |   Timeout   |  No   | 0.0  |
+----+----------+----------------------------+-------------+-------+------+
| 31 | 6.90e+07 |   8.0%, 0.0%, 2.0%, 1.0%   |  Finished   |  Yes  | 0.0  |
+----+----------+----------------------------+-------------+-------+------+
| 32 | 6.90e+07 |   8.0%, 0.0%, 2.0%, 1.0%   |  Finished   |  Yes  | 0.0  |
+----+----------+----------------------------+-------------+-------+------+
| 33 |   ----   |            ----            |   Timeout   |  No   | 0.0  |
+----+----------+----------------------------+-------------+-------+------+
| 34 |   ----   |            ----            | Unavailable |  No   | 0.0  |
+----+----------+----------------------------+-------------+-------+------+

Explored Points
+----+------------+------------+------------+------------+------------+------------+------------+
| ID | __PARA__L0 | __PARA__L1 | __PARA__L2 | __PIPE__L0 | __PIPE__L1 | __TILE__L0 | __TILE__L1 |
+====+============+============+============+============+============+============+============+
| 0  |     1      |     1      |     1      |    off     |  flatten   |     2      |     1      |
+----+------------+------------+------------+------------+------------+------------+------------+
| 1  |     1      |     1      |     1      |  flatten   |    off     |     2      |     1      |
+----+------------+------------+------------+------------+------------+------------+------------+
| 2  |     1      |     1      |     1      |    off     |  flatten   |     25     |     1      |
+----+------------+------------+------------+------------+------------+------------+------------+
| 3  |     1      |     1      |    199     |            |    off     |    200     |     1      |
+----+------------+------------+------------+------------+------------+------------+------------+
| 4  |     1      |     1      |    199     |            |    off     |     1      |    240     |
+----+------------+------------+------------+------------+------------+------------+------------+
| 5  |     1      |     1      |     1      |    off     |  flatten   |     10     |     1      |
+----+------------+------------+------------+------------+------------+------------+------------+
| 6  |     1      |     1      |     1      |    off     |  flatten   |     1      |     1      |
+----+------------+------------+------------+------------+------------+------------+------------+
| 7  |     1      |     1      |     1      |    off     |  flatten   |    200     |     1      |
+----+------------+------------+------------+------------+------------+------------+------------+
| 8  |     1      |     1      |     1      |    off     |  flatten   |    100     |     1      |
+----+------------+------------+------------+------------+------------+------------+------------+
| 9  |     1      |     1      |     1      |  flatten   |    off     |     40     |     1      |
+----+------------+------------+------------+------------+------------+------------+------------+
| 10 |     1      |     1      |     1      |    off     |  flatten   |     1      |    240     |
+----+------------+------------+------------+------------+------------+------------+------------+
| 11 |     1      |     1      |    199     |            |    off     |     1      |     1      |
+----+------------+------------+------------+------------+------------+------------+------------+
| 12 |     1      |     1      |     1      |    off     |  flatten   |     5      |     1      |
+----+------------+------------+------------+------------+------------+------------+------------+
| 13 |     1      |     1      |     1      |  flatten   |    off     |     50     |     1      |
+----+------------+------------+------------+------------+------------+------------+------------+
| 14 |     1      |     1      |     1      |  flatten   |    off     |     4      |     1      |
+----+------------+------------+------------+------------+------------+------------+------------+
| 15 |     1      |     1      |     1      |            |    off     |    200     |     1      |
+----+------------+------------+------------+------------+------------+------------+------------+
| 16 |     1      |     1      |     1      |    off     |  flatten   |     8      |     1      |
+----+------------+------------+------------+------------+------------+------------+------------+
| 17 |     1      |     1      |     1      |  flatten   |    off     |     5      |     1      |
+----+------------+------------+------------+------------+------------+------------+------------+
| 18 |     1      |     1      |     1      |    off     |  flatten   |     4      |     1      |
+----+------------+------------+------------+------------+------------+------------+------------+
| 19 |     1      |     1      |     1      |    off     |  flatten   |     20     |     1      |
+----+------------+------------+------------+------------+------------+------------+------------+
| 20 |     1      |     1      |     1      |  flatten   |    off     |     10     |     1      |
+----+------------+------------+------------+------------+------------+------------+------------+
| 21 |     1      |     1      |     1      |  flatten   |    off     |     25     |     1      |
+----+------------+------------+------------+------------+------------+------------+------------+
| 22 |     1      |     1      |     1      |  flatten   |    off     |     8      |     1      |
+----+------------+------------+------------+------------+------------+------------+------------+
| 23 |     1      |     1      |     1      |    off     |  flatten   |     50     |     1      |
+----+------------+------------+------------+------------+------------+------------+------------+
| 24 |     1      |     1      |     1      |  flatten   |    off     |     1      |     1      |
+----+------------+------------+------------+------------+------------+------------+------------+
| 25 |     1      |     1      |     1      |  flatten   |    off     |    100     |     1      |
+----+------------+------------+------------+------------+------------+------------+------------+
| 26 |     1      |     1      |     1      |    off     |    off     |     1      |    240     |
+----+------------+------------+------------+------------+------------+------------+------------+
| 27 |     1      |     1      |    199     |    off     |    off     |     1      |     1      |
+----+------------+------------+------------+------------+------------+------------+------------+
| 28 |     1      |     1      |     1      |    off     |    off     |     1      |     1      |
+----+------------+------------+------------+------------+------------+------------+------------+
| 29 |     1      |     1      |     1      |  flatten   |    off     |     20     |     1      |
+----+------------+------------+------------+------------+------------+------------+------------+
| 30 |     1      |     1      |     1      |    off     |  flatten   |     40     |     1      |
+----+------------+------------+------------+------------+------------+------------+------------+
| 31 |     1      |     1      |     1      |            |    off     |     1      |    240     |
+----+------------+------------+------------+------------+------------+------------+------------+
| 32 |     1      |     1      |     1      |            |    off     |     1      |     1      |
+----+------------+------------+------------+------------+------------+------------+------------+
| 33 |     1      |     1      |    199     |    off     |    off     |     1      |    240     |
+----+------------+------------+------------+------------+------------+------------+------------+
| 34 |     1      |     1      |     1      |  flatten   |    off     |    200     |     1      |
+----+------------+------------+------------+------------+------------+------------+------------+
