

================================================================
== Vitis HLS Report for 'store_s_Pipeline_VITIS_LOOP_61_1'
================================================================
* Date:           Tue Sep 17 02:59:35 2024

* Version:        2023.2 (Build 4023990 on Oct 11 2023)
* Project:        kernel_nlp
* Solution:       solution (Vitis Kernel Flow Target)
* Product family: virtexuplus
* Target device:  xcu200-fsgd2104-2-e


================================================================
== Performance Estimates
================================================================
+ Timing: 
    * Summary: 
    +--------+---------+----------+------------+
    |  Clock |  Target | Estimated| Uncertainty|
    +--------+---------+----------+------------+
    |ap_clk  |  4.00 ns|  2.920 ns|     1.08 ns|
    +--------+---------+----------+------------+

+ Latency: 
    * Summary: 
    +---------+---------+----------+----------+-----+-----+---------+
    |  Latency (cycles) |  Latency (absolute) |  Interval | Pipeline|
    |   min   |   max   |    min   |    max   | min | max |   Type  |
    +---------+---------+----------+----------+-----+-----+---------+
    |      197|      197|  0.788 us|  0.788 us|  197|  197|       no|
    +---------+---------+----------+----------+-----+-----+---------+

    + Detail: 
        * Instance: 
        N/A

        * Loop: 
        +-------------------+---------+---------+----------+-----------+-----------+------+----------+
        |                   |  Latency (cycles) | Iteration|  Initiation Interval  | Trip |          |
        |     Loop Name     |   min   |   max   |  Latency |  achieved |   target  | Count| Pipelined|
        +-------------------+---------+---------+----------+-----------+-----------+------+----------+
        |- VITIS_LOOP_61_1  |      195|      195|         2|          1|          1|   195|       yes|
        +-------------------+---------+---------+----------+-----------+-----------+------+----------+



================================================================
== Utilization Estimates
================================================================
* Summary: 
+---------------------+---------+------+---------+---------+-----+
|         Name        | BRAM_18K|  DSP |    FF   |   LUT   | URAM|
+---------------------+---------+------+---------+---------+-----+
|DSP                  |        -|     -|        -|        -|    -|
|Expression           |        -|     -|        0|       50|    -|
|FIFO                 |        -|     -|        -|        -|    -|
|Instance             |        -|     -|        0|     2066|    -|
|Memory               |        -|     -|        -|        -|    -|
|Multiplexer          |        -|     -|        -|       63|    -|
|Register             |        -|     -|       84|        -|    -|
+---------------------+---------+------+---------+---------+-----+
|Total                |        0|     0|       84|     2179|    0|
+---------------------+---------+------+---------+---------+-----+
|Available SLR        |     1440|  2280|   788160|   394080|  320|
+---------------------+---------+------+---------+---------+-----+
|Utilization SLR (%)  |        0|     0|       ~0|       ~0|    0|
+---------------------+---------+------+---------+---------+-----+
|Available            |     4320|  6840|  2364480|  1182240|  960|
+---------------------+---------+------+---------+---------+-----+
|Utilization (%)      |        0|     0|       ~0|       ~0|    0|
+---------------------+---------+------+---------+---------+-----+

+ Detail: 
    * Instance: 
    +------------------------------+------------------------+---------+----+---+------+-----+
    |           Instance           |         Module         | BRAM_18K| DSP| FF|  LUT | URAM|
    +------------------------------+------------------------+---------+----+---+------+-----+
    |sparsemux_391_9_32_1_1_U9497  |sparsemux_391_9_32_1_1  |        0|   0|  0|  1033|    0|
    |sparsemux_391_9_32_1_1_U9498  |sparsemux_391_9_32_1_1  |        0|   0|  0|  1033|    0|
    +------------------------------+------------------------+---------+----+---+------+-----+
    |Total                         |                        |        0|   0|  0|  2066|    0|
    +------------------------------+------------------------+---------+----+---+------+-----+

    * DSP: 
    N/A

    * Memory: 
    N/A

    * FIFO: 
    N/A

    * Expression: 
    +---------------------------+----------+----+---+----+------------+------------+
    |       Variable Name       | Operation| DSP| FF| LUT| Bitwidth P0| Bitwidth P1|
    +---------------------------+----------+----+---+----+------------+------------+
    |add_ln61_1_fu_3609_p2      |         +|   0|  0|  15|           8|           1|
    |add_ln61_fu_5194_p2        |         +|   0|  0|  16|           9|           2|
    |ap_block_pp0_stage0_11001  |       and|   0|  0|   2|           1|           1|
    |icmp_ln61_fu_3603_p2       |      icmp|   0|  0|  15|           8|           7|
    |ap_enable_pp0              |       xor|   0|  0|   2|           1|           2|
    +---------------------------+----------+----+---+----+------------+------------+
    |Total                      |          |   0|  0|  50|          27|          13|
    +---------------------------+----------+----+---+----+------------+------------+

    * Multiplexer: 
    +------------------------------+----+-----------+-----+-----------+
    |             Name             | LUT| Input Size| Bits| Total Bits|
    +------------------------------+----+-----------+-----+-----------+
    |ap_done_int                   |   9|          2|    1|          2|
    |ap_enable_reg_pp0_iter1       |   9|          2|    1|          2|
    |ap_sig_allocacmp_i0_load      |   9|          2|    9|         18|
    |ap_sig_allocacmp_indvar_load  |   9|          2|    8|         16|
    |i0_fu_1224                    |   9|          2|    9|         18|
    |indvar_fu_1228                |   9|          2|    8|         16|
    |kernel_s_blk_n_W              |   9|          2|    1|          2|
    +------------------------------+----+-----------+-----+-----------+
    |Total                         |  63|         14|   37|         74|
    +------------------------------+----+-----------+-----+-----------+

    * Register: 
    +-------------------------+----+----+-----+-----------+
    |           Name          | FF | LUT| Bits| Const Bits|
    +-------------------------+----+----+-----+-----------+
    |ap_CS_fsm                |   1|   0|    1|          0|
    |ap_done_reg              |   1|   0|    1|          0|
    |ap_enable_reg_pp0_iter1  |   1|   0|    1|          0|
    |i0_fu_1224               |   9|   0|    9|          0|
    |indvar_fu_1228           |   8|   0|    8|          0|
    |tmp_1_reg_5258           |  32|   0|   32|          0|
    |tmp_reg_5253             |  32|   0|   32|          0|
    +-------------------------+----+----+-----+-----------+
    |Total                    |  84|   0|   84|          0|
    +-------------------------+----+----+-----+-----------+



================================================================
== Interface
================================================================
* Summary: 
+-------------------------+-----+-----+------------+----------------------------------+--------------+
|        RTL Ports        | Dir | Bits|  Protocol  |           Source Object          |    C Type    |
+-------------------------+-----+-----+------------+----------------------------------+--------------+
|ap_clk                   |   in|    1|  ap_ctrl_hs|  store_s_Pipeline_VITIS_LOOP_61_1|  return value|
|ap_rst                   |   in|    1|  ap_ctrl_hs|  store_s_Pipeline_VITIS_LOOP_61_1|  return value|
|ap_start                 |   in|    1|  ap_ctrl_hs|  store_s_Pipeline_VITIS_LOOP_61_1|  return value|
|ap_done                  |  out|    1|  ap_ctrl_hs|  store_s_Pipeline_VITIS_LOOP_61_1|  return value|
|ap_idle                  |  out|    1|  ap_ctrl_hs|  store_s_Pipeline_VITIS_LOOP_61_1|  return value|
|ap_ready                 |  out|    1|  ap_ctrl_hs|  store_s_Pipeline_VITIS_LOOP_61_1|  return value|
|m_axi_kernel_s_AWVALID   |  out|    1|       m_axi|                          kernel_s|       pointer|
|m_axi_kernel_s_AWREADY   |   in|    1|       m_axi|                          kernel_s|       pointer|
|m_axi_kernel_s_AWADDR    |  out|   64|       m_axi|                          kernel_s|       pointer|
|m_axi_kernel_s_AWID      |  out|    1|       m_axi|                          kernel_s|       pointer|
|m_axi_kernel_s_AWLEN     |  out|   32|       m_axi|                          kernel_s|       pointer|
|m_axi_kernel_s_AWSIZE    |  out|    3|       m_axi|                          kernel_s|       pointer|
|m_axi_kernel_s_AWBURST   |  out|    2|       m_axi|                          kernel_s|       pointer|
|m_axi_kernel_s_AWLOCK    |  out|    2|       m_axi|                          kernel_s|       pointer|
|m_axi_kernel_s_AWCACHE   |  out|    4|       m_axi|                          kernel_s|       pointer|
|m_axi_kernel_s_AWPROT    |  out|    3|       m_axi|                          kernel_s|       pointer|
|m_axi_kernel_s_AWQOS     |  out|    4|       m_axi|                          kernel_s|       pointer|
|m_axi_kernel_s_AWREGION  |  out|    4|       m_axi|                          kernel_s|       pointer|
|m_axi_kernel_s_AWUSER    |  out|    1|       m_axi|                          kernel_s|       pointer|
|m_axi_kernel_s_WVALID    |  out|    1|       m_axi|                          kernel_s|       pointer|
|m_axi_kernel_s_WREADY    |   in|    1|       m_axi|                          kernel_s|       pointer|
|m_axi_kernel_s_WDATA     |  out|   64|       m_axi|                          kernel_s|       pointer|
|m_axi_kernel_s_WSTRB     |  out|    8|       m_axi|                          kernel_s|       pointer|
|m_axi_kernel_s_WLAST     |  out|    1|       m_axi|                          kernel_s|       pointer|
|m_axi_kernel_s_WID       |  out|    1|       m_axi|                          kernel_s|       pointer|
|m_axi_kernel_s_WUSER     |  out|    1|       m_axi|                          kernel_s|       pointer|
|m_axi_kernel_s_ARVALID   |  out|    1|       m_axi|                          kernel_s|       pointer|
|m_axi_kernel_s_ARREADY   |   in|    1|       m_axi|                          kernel_s|       pointer|
|m_axi_kernel_s_ARADDR    |  out|   64|       m_axi|                          kernel_s|       pointer|
|m_axi_kernel_s_ARID      |  out|    1|       m_axi|                          kernel_s|       pointer|
|m_axi_kernel_s_ARLEN     |  out|   32|       m_axi|                          kernel_s|       pointer|
|m_axi_kernel_s_ARSIZE    |  out|    3|       m_axi|                          kernel_s|       pointer|
|m_axi_kernel_s_ARBURST   |  out|    2|       m_axi|                          kernel_s|       pointer|
|m_axi_kernel_s_ARLOCK    |  out|    2|       m_axi|                          kernel_s|       pointer|
|m_axi_kernel_s_ARCACHE   |  out|    4|       m_axi|                          kernel_s|       pointer|
|m_axi_kernel_s_ARPROT    |  out|    3|       m_axi|                          kernel_s|       pointer|
|m_axi_kernel_s_ARQOS     |  out|    4|       m_axi|                          kernel_s|       pointer|
|m_axi_kernel_s_ARREGION  |  out|    4|       m_axi|                          kernel_s|       pointer|
|m_axi_kernel_s_ARUSER    |  out|    1|       m_axi|                          kernel_s|       pointer|
|m_axi_kernel_s_RVALID    |   in|    1|       m_axi|                          kernel_s|       pointer|
|m_axi_kernel_s_RREADY    |  out|    1|       m_axi|                          kernel_s|       pointer|
|m_axi_kernel_s_RDATA     |   in|   64|       m_axi|                          kernel_s|       pointer|
|m_axi_kernel_s_RLAST     |   in|    1|       m_axi|                          kernel_s|       pointer|
|m_axi_kernel_s_RID       |   in|    1|       m_axi|                          kernel_s|       pointer|
|m_axi_kernel_s_RFIFONUM  |   in|    9|       m_axi|                          kernel_s|       pointer|
|m_axi_kernel_s_RUSER     |   in|    1|       m_axi|                          kernel_s|       pointer|
|m_axi_kernel_s_RRESP     |   in|    2|       m_axi|                          kernel_s|       pointer|
|m_axi_kernel_s_BVALID    |   in|    1|       m_axi|                          kernel_s|       pointer|
|m_axi_kernel_s_BREADY    |  out|    1|       m_axi|                          kernel_s|       pointer|
|m_axi_kernel_s_BRESP     |   in|    2|       m_axi|                          kernel_s|       pointer|
|m_axi_kernel_s_BID       |   in|    1|       m_axi|                          kernel_s|       pointer|
|m_axi_kernel_s_BUSER     |   in|    1|       m_axi|                          kernel_s|       pointer|
|sext_ln61                |   in|   61|     ap_none|                         sext_ln61|        scalar|
|s_0_val                  |   in|   32|     ap_none|                           s_0_val|        scalar|
|s_2_val                  |   in|   32|     ap_none|                           s_2_val|        scalar|
|s_4_val                  |   in|   32|     ap_none|                           s_4_val|        scalar|
|s_6_val                  |   in|   32|     ap_none|                           s_6_val|        scalar|
|s_8_val                  |   in|   32|     ap_none|                           s_8_val|        scalar|
|s_10_val                 |   in|   32|     ap_none|                          s_10_val|        scalar|
|s_12_val                 |   in|   32|     ap_none|                          s_12_val|        scalar|
|s_14_val                 |   in|   32|     ap_none|                          s_14_val|        scalar|
|s_16_val                 |   in|   32|     ap_none|                          s_16_val|        scalar|
|s_18_val                 |   in|   32|     ap_none|                          s_18_val|        scalar|
|s_20_val                 |   in|   32|     ap_none|                          s_20_val|        scalar|
|s_22_val                 |   in|   32|     ap_none|                          s_22_val|        scalar|
|s_24_val                 |   in|   32|     ap_none|                          s_24_val|        scalar|
|s_26_val                 |   in|   32|     ap_none|                          s_26_val|        scalar|
|s_28_val                 |   in|   32|     ap_none|                          s_28_val|        scalar|
|s_30_val                 |   in|   32|     ap_none|                          s_30_val|        scalar|
|s_32_val                 |   in|   32|     ap_none|                          s_32_val|        scalar|
|s_34_val                 |   in|   32|     ap_none|                          s_34_val|        scalar|
|s_36_val                 |   in|   32|     ap_none|                          s_36_val|        scalar|
|s_38_val                 |   in|   32|     ap_none|                          s_38_val|        scalar|
|s_40_val                 |   in|   32|     ap_none|                          s_40_val|        scalar|
|s_42_val                 |   in|   32|     ap_none|                          s_42_val|        scalar|
|s_44_val                 |   in|   32|     ap_none|                          s_44_val|        scalar|
|s_46_val                 |   in|   32|     ap_none|                          s_46_val|        scalar|
|s_48_val                 |   in|   32|     ap_none|                          s_48_val|        scalar|
|s_50_val                 |   in|   32|     ap_none|                          s_50_val|        scalar|
|s_52_val                 |   in|   32|     ap_none|                          s_52_val|        scalar|
|s_54_val                 |   in|   32|     ap_none|                          s_54_val|        scalar|
|s_56_val                 |   in|   32|     ap_none|                          s_56_val|        scalar|
|s_58_val                 |   in|   32|     ap_none|                          s_58_val|        scalar|
|s_60_val                 |   in|   32|     ap_none|                          s_60_val|        scalar|
|s_62_val                 |   in|   32|     ap_none|                          s_62_val|        scalar|
|s_64_val                 |   in|   32|     ap_none|                          s_64_val|        scalar|
|s_66_val                 |   in|   32|     ap_none|                          s_66_val|        scalar|
|s_68_val                 |   in|   32|     ap_none|                          s_68_val|        scalar|
|s_70_val                 |   in|   32|     ap_none|                          s_70_val|        scalar|
|s_72_val                 |   in|   32|     ap_none|                          s_72_val|        scalar|
|s_74_val                 |   in|   32|     ap_none|                          s_74_val|        scalar|
|s_76_val                 |   in|   32|     ap_none|                          s_76_val|        scalar|
|s_78_val                 |   in|   32|     ap_none|                          s_78_val|        scalar|
|s_80_val                 |   in|   32|     ap_none|                          s_80_val|        scalar|
|s_82_val                 |   in|   32|     ap_none|                          s_82_val|        scalar|
|s_84_val                 |   in|   32|     ap_none|                          s_84_val|        scalar|
|s_86_val                 |   in|   32|     ap_none|                          s_86_val|        scalar|
|s_88_val                 |   in|   32|     ap_none|                          s_88_val|        scalar|
|s_90_val                 |   in|   32|     ap_none|                          s_90_val|        scalar|
|s_92_val                 |   in|   32|     ap_none|                          s_92_val|        scalar|
|s_94_val                 |   in|   32|     ap_none|                          s_94_val|        scalar|
|s_96_val                 |   in|   32|     ap_none|                          s_96_val|        scalar|
|s_98_val                 |   in|   32|     ap_none|                          s_98_val|        scalar|
|s_100_val                |   in|   32|     ap_none|                         s_100_val|        scalar|
|s_102_val                |   in|   32|     ap_none|                         s_102_val|        scalar|
|s_104_val                |   in|   32|     ap_none|                         s_104_val|        scalar|
|s_106_val                |   in|   32|     ap_none|                         s_106_val|        scalar|
|s_108_val                |   in|   32|     ap_none|                         s_108_val|        scalar|
|s_110_val                |   in|   32|     ap_none|                         s_110_val|        scalar|
|s_112_val                |   in|   32|     ap_none|                         s_112_val|        scalar|
|s_114_val                |   in|   32|     ap_none|                         s_114_val|        scalar|
|s_116_val                |   in|   32|     ap_none|                         s_116_val|        scalar|
|s_118_val                |   in|   32|     ap_none|                         s_118_val|        scalar|
|s_120_val                |   in|   32|     ap_none|                         s_120_val|        scalar|
|s_122_val                |   in|   32|     ap_none|                         s_122_val|        scalar|
|s_124_val                |   in|   32|     ap_none|                         s_124_val|        scalar|
|s_126_val                |   in|   32|     ap_none|                         s_126_val|        scalar|
|s_128_val                |   in|   32|     ap_none|                         s_128_val|        scalar|
|s_130_val                |   in|   32|     ap_none|                         s_130_val|        scalar|
|s_132_val                |   in|   32|     ap_none|                         s_132_val|        scalar|
|s_134_val                |   in|   32|     ap_none|                         s_134_val|        scalar|
|s_136_val                |   in|   32|     ap_none|                         s_136_val|        scalar|
|s_138_val                |   in|   32|     ap_none|                         s_138_val|        scalar|
|s_140_val                |   in|   32|     ap_none|                         s_140_val|        scalar|
|s_142_val                |   in|   32|     ap_none|                         s_142_val|        scalar|
|s_144_val                |   in|   32|     ap_none|                         s_144_val|        scalar|
|s_146_val                |   in|   32|     ap_none|                         s_146_val|        scalar|
|s_148_val                |   in|   32|     ap_none|                         s_148_val|        scalar|
|s_150_val                |   in|   32|     ap_none|                         s_150_val|        scalar|
|s_152_val                |   in|   32|     ap_none|                         s_152_val|        scalar|
|s_154_val                |   in|   32|     ap_none|                         s_154_val|        scalar|
|s_156_val                |   in|   32|     ap_none|                         s_156_val|        scalar|
|s_158_val                |   in|   32|     ap_none|                         s_158_val|        scalar|
|s_160_val                |   in|   32|     ap_none|                         s_160_val|        scalar|
|s_162_val                |   in|   32|     ap_none|                         s_162_val|        scalar|
|s_164_val                |   in|   32|     ap_none|                         s_164_val|        scalar|
|s_166_val                |   in|   32|     ap_none|                         s_166_val|        scalar|
|s_168_val                |   in|   32|     ap_none|                         s_168_val|        scalar|
|s_170_val                |   in|   32|     ap_none|                         s_170_val|        scalar|
|s_172_val                |   in|   32|     ap_none|                         s_172_val|        scalar|
|s_174_val                |   in|   32|     ap_none|                         s_174_val|        scalar|
|s_176_val                |   in|   32|     ap_none|                         s_176_val|        scalar|
|s_178_val                |   in|   32|     ap_none|                         s_178_val|        scalar|
|s_180_val                |   in|   32|     ap_none|                         s_180_val|        scalar|
|s_182_val                |   in|   32|     ap_none|                         s_182_val|        scalar|
|s_184_val                |   in|   32|     ap_none|                         s_184_val|        scalar|
|s_186_val                |   in|   32|     ap_none|                         s_186_val|        scalar|
|s_188_val                |   in|   32|     ap_none|                         s_188_val|        scalar|
|s_190_val                |   in|   32|     ap_none|                         s_190_val|        scalar|
|s_192_val                |   in|   32|     ap_none|                         s_192_val|        scalar|
|s_194_val                |   in|   32|     ap_none|                         s_194_val|        scalar|
|s_196_val                |   in|   32|     ap_none|                         s_196_val|        scalar|
|s_198_val                |   in|   32|     ap_none|                         s_198_val|        scalar|
|s_200_val                |   in|   32|     ap_none|                         s_200_val|        scalar|
|s_202_val                |   in|   32|     ap_none|                         s_202_val|        scalar|
|s_204_val                |   in|   32|     ap_none|                         s_204_val|        scalar|
|s_206_val                |   in|   32|     ap_none|                         s_206_val|        scalar|
|s_208_val                |   in|   32|     ap_none|                         s_208_val|        scalar|
|s_210_val                |   in|   32|     ap_none|                         s_210_val|        scalar|
|s_212_val                |   in|   32|     ap_none|                         s_212_val|        scalar|
|s_214_val                |   in|   32|     ap_none|                         s_214_val|        scalar|
|s_216_val                |   in|   32|     ap_none|                         s_216_val|        scalar|
|s_218_val                |   in|   32|     ap_none|                         s_218_val|        scalar|
|s_220_val                |   in|   32|     ap_none|                         s_220_val|        scalar|
|s_222_val                |   in|   32|     ap_none|                         s_222_val|        scalar|
|s_224_val                |   in|   32|     ap_none|                         s_224_val|        scalar|
|s_226_val                |   in|   32|     ap_none|                         s_226_val|        scalar|
|s_228_val                |   in|   32|     ap_none|                         s_228_val|        scalar|
|s_230_val                |   in|   32|     ap_none|                         s_230_val|        scalar|
|s_232_val                |   in|   32|     ap_none|                         s_232_val|        scalar|
|s_234_val                |   in|   32|     ap_none|                         s_234_val|        scalar|
|s_236_val                |   in|   32|     ap_none|                         s_236_val|        scalar|
|s_238_val                |   in|   32|     ap_none|                         s_238_val|        scalar|
|s_240_val                |   in|   32|     ap_none|                         s_240_val|        scalar|
|s_242_val                |   in|   32|     ap_none|                         s_242_val|        scalar|
|s_244_val                |   in|   32|     ap_none|                         s_244_val|        scalar|
|s_246_val                |   in|   32|     ap_none|                         s_246_val|        scalar|
|s_248_val                |   in|   32|     ap_none|                         s_248_val|        scalar|
|s_250_val                |   in|   32|     ap_none|                         s_250_val|        scalar|
|s_252_val                |   in|   32|     ap_none|                         s_252_val|        scalar|
|s_254_val                |   in|   32|     ap_none|                         s_254_val|        scalar|
|s_256_val                |   in|   32|     ap_none|                         s_256_val|        scalar|
|s_258_val                |   in|   32|     ap_none|                         s_258_val|        scalar|
|s_260_val                |   in|   32|     ap_none|                         s_260_val|        scalar|
|s_262_val                |   in|   32|     ap_none|                         s_262_val|        scalar|
|s_264_val                |   in|   32|     ap_none|                         s_264_val|        scalar|
|s_266_val                |   in|   32|     ap_none|                         s_266_val|        scalar|
|s_268_val                |   in|   32|     ap_none|                         s_268_val|        scalar|
|s_270_val                |   in|   32|     ap_none|                         s_270_val|        scalar|
|s_272_val                |   in|   32|     ap_none|                         s_272_val|        scalar|
|s_274_val                |   in|   32|     ap_none|                         s_274_val|        scalar|
|s_276_val                |   in|   32|     ap_none|                         s_276_val|        scalar|
|s_278_val                |   in|   32|     ap_none|                         s_278_val|        scalar|
|s_280_val                |   in|   32|     ap_none|                         s_280_val|        scalar|
|s_282_val                |   in|   32|     ap_none|                         s_282_val|        scalar|
|s_284_val                |   in|   32|     ap_none|                         s_284_val|        scalar|
|s_286_val                |   in|   32|     ap_none|                         s_286_val|        scalar|
|s_288_val                |   in|   32|     ap_none|                         s_288_val|        scalar|
|s_290_val                |   in|   32|     ap_none|                         s_290_val|        scalar|
|s_292_val                |   in|   32|     ap_none|                         s_292_val|        scalar|
|s_294_val                |   in|   32|     ap_none|                         s_294_val|        scalar|
|s_296_val                |   in|   32|     ap_none|                         s_296_val|        scalar|
|s_298_val                |   in|   32|     ap_none|                         s_298_val|        scalar|
|s_300_val                |   in|   32|     ap_none|                         s_300_val|        scalar|
|s_302_val                |   in|   32|     ap_none|                         s_302_val|        scalar|
|s_304_val                |   in|   32|     ap_none|                         s_304_val|        scalar|
|s_306_val                |   in|   32|     ap_none|                         s_306_val|        scalar|
|s_308_val                |   in|   32|     ap_none|                         s_308_val|        scalar|
|s_310_val                |   in|   32|     ap_none|                         s_310_val|        scalar|
|s_312_val                |   in|   32|     ap_none|                         s_312_val|        scalar|
|s_314_val                |   in|   32|     ap_none|                         s_314_val|        scalar|
|s_316_val                |   in|   32|     ap_none|                         s_316_val|        scalar|
|s_318_val                |   in|   32|     ap_none|                         s_318_val|        scalar|
|s_320_val                |   in|   32|     ap_none|                         s_320_val|        scalar|
|s_322_val                |   in|   32|     ap_none|                         s_322_val|        scalar|
|s_324_val                |   in|   32|     ap_none|                         s_324_val|        scalar|
|s_326_val                |   in|   32|     ap_none|                         s_326_val|        scalar|
|s_328_val                |   in|   32|     ap_none|                         s_328_val|        scalar|
|s_330_val                |   in|   32|     ap_none|                         s_330_val|        scalar|
|s_332_val                |   in|   32|     ap_none|                         s_332_val|        scalar|
|s_334_val                |   in|   32|     ap_none|                         s_334_val|        scalar|
|s_336_val                |   in|   32|     ap_none|                         s_336_val|        scalar|
|s_338_val                |   in|   32|     ap_none|                         s_338_val|        scalar|
|s_340_val                |   in|   32|     ap_none|                         s_340_val|        scalar|
|s_342_val                |   in|   32|     ap_none|                         s_342_val|        scalar|
|s_344_val                |   in|   32|     ap_none|                         s_344_val|        scalar|
|s_346_val                |   in|   32|     ap_none|                         s_346_val|        scalar|
|s_348_val                |   in|   32|     ap_none|                         s_348_val|        scalar|
|s_350_val                |   in|   32|     ap_none|                         s_350_val|        scalar|
|s_352_val                |   in|   32|     ap_none|                         s_352_val|        scalar|
|s_354_val                |   in|   32|     ap_none|                         s_354_val|        scalar|
|s_356_val                |   in|   32|     ap_none|                         s_356_val|        scalar|
|s_358_val                |   in|   32|     ap_none|                         s_358_val|        scalar|
|s_360_val                |   in|   32|     ap_none|                         s_360_val|        scalar|
|s_362_val                |   in|   32|     ap_none|                         s_362_val|        scalar|
|s_364_val                |   in|   32|     ap_none|                         s_364_val|        scalar|
|s_366_val                |   in|   32|     ap_none|                         s_366_val|        scalar|
|s_368_val                |   in|   32|     ap_none|                         s_368_val|        scalar|
|s_370_val                |   in|   32|     ap_none|                         s_370_val|        scalar|
|s_372_val                |   in|   32|     ap_none|                         s_372_val|        scalar|
|s_374_val                |   in|   32|     ap_none|                         s_374_val|        scalar|
|s_376_val                |   in|   32|     ap_none|                         s_376_val|        scalar|
|s_378_val                |   in|   32|     ap_none|                         s_378_val|        scalar|
|s_380_val                |   in|   32|     ap_none|                         s_380_val|        scalar|
|s_382_val                |   in|   32|     ap_none|                         s_382_val|        scalar|
|s_384_val                |   in|   32|     ap_none|                         s_384_val|        scalar|
|s_386_val                |   in|   32|     ap_none|                         s_386_val|        scalar|
|s_388_val                |   in|   32|     ap_none|                         s_388_val|        scalar|
|s_1_val                  |   in|   32|     ap_none|                           s_1_val|        scalar|
|s_3_val                  |   in|   32|     ap_none|                           s_3_val|        scalar|
|s_5_val                  |   in|   32|     ap_none|                           s_5_val|        scalar|
|s_7_val                  |   in|   32|     ap_none|                           s_7_val|        scalar|
|s_9_val                  |   in|   32|     ap_none|                           s_9_val|        scalar|
|s_11_val                 |   in|   32|     ap_none|                          s_11_val|        scalar|
|s_13_val                 |   in|   32|     ap_none|                          s_13_val|        scalar|
|s_15_val                 |   in|   32|     ap_none|                          s_15_val|        scalar|
|s_17_val                 |   in|   32|     ap_none|                          s_17_val|        scalar|
|s_19_val                 |   in|   32|     ap_none|                          s_19_val|        scalar|
|s_21_val                 |   in|   32|     ap_none|                          s_21_val|        scalar|
|s_23_val                 |   in|   32|     ap_none|                          s_23_val|        scalar|
|s_25_val                 |   in|   32|     ap_none|                          s_25_val|        scalar|
|s_27_val                 |   in|   32|     ap_none|                          s_27_val|        scalar|
|s_29_val                 |   in|   32|     ap_none|                          s_29_val|        scalar|
|s_31_val                 |   in|   32|     ap_none|                          s_31_val|        scalar|
|s_33_val                 |   in|   32|     ap_none|                          s_33_val|        scalar|
|s_35_val                 |   in|   32|     ap_none|                          s_35_val|        scalar|
|s_37_val                 |   in|   32|     ap_none|                          s_37_val|        scalar|
|s_39_val                 |   in|   32|     ap_none|                          s_39_val|        scalar|
|s_41_val                 |   in|   32|     ap_none|                          s_41_val|        scalar|
|s_43_val                 |   in|   32|     ap_none|                          s_43_val|        scalar|
|s_45_val                 |   in|   32|     ap_none|                          s_45_val|        scalar|
|s_47_val                 |   in|   32|     ap_none|                          s_47_val|        scalar|
|s_49_val                 |   in|   32|     ap_none|                          s_49_val|        scalar|
|s_51_val                 |   in|   32|     ap_none|                          s_51_val|        scalar|
|s_53_val                 |   in|   32|     ap_none|                          s_53_val|        scalar|
|s_55_val                 |   in|   32|     ap_none|                          s_55_val|        scalar|
|s_57_val                 |   in|   32|     ap_none|                          s_57_val|        scalar|
|s_59_val                 |   in|   32|     ap_none|                          s_59_val|        scalar|
|s_61_val                 |   in|   32|     ap_none|                          s_61_val|        scalar|
|s_63_val                 |   in|   32|     ap_none|                          s_63_val|        scalar|
|s_65_val                 |   in|   32|     ap_none|                          s_65_val|        scalar|
|s_67_val                 |   in|   32|     ap_none|                          s_67_val|        scalar|
|s_69_val                 |   in|   32|     ap_none|                          s_69_val|        scalar|
|s_71_val                 |   in|   32|     ap_none|                          s_71_val|        scalar|
|s_73_val                 |   in|   32|     ap_none|                          s_73_val|        scalar|
|s_75_val                 |   in|   32|     ap_none|                          s_75_val|        scalar|
|s_77_val                 |   in|   32|     ap_none|                          s_77_val|        scalar|
|s_79_val                 |   in|   32|     ap_none|                          s_79_val|        scalar|
|s_81_val                 |   in|   32|     ap_none|                          s_81_val|        scalar|
|s_83_val                 |   in|   32|     ap_none|                          s_83_val|        scalar|
|s_85_val                 |   in|   32|     ap_none|                          s_85_val|        scalar|
|s_87_val                 |   in|   32|     ap_none|                          s_87_val|        scalar|
|s_89_val                 |   in|   32|     ap_none|                          s_89_val|        scalar|
|s_91_val                 |   in|   32|     ap_none|                          s_91_val|        scalar|
|s_93_val                 |   in|   32|     ap_none|                          s_93_val|        scalar|
|s_95_val                 |   in|   32|     ap_none|                          s_95_val|        scalar|
|s_97_val                 |   in|   32|     ap_none|                          s_97_val|        scalar|
|s_99_val                 |   in|   32|     ap_none|                          s_99_val|        scalar|
|s_101_val                |   in|   32|     ap_none|                         s_101_val|        scalar|
|s_103_val                |   in|   32|     ap_none|                         s_103_val|        scalar|
|s_105_val                |   in|   32|     ap_none|                         s_105_val|        scalar|
|s_107_val                |   in|   32|     ap_none|                         s_107_val|        scalar|
|s_109_val                |   in|   32|     ap_none|                         s_109_val|        scalar|
|s_111_val                |   in|   32|     ap_none|                         s_111_val|        scalar|
|s_113_val                |   in|   32|     ap_none|                         s_113_val|        scalar|
|s_115_val                |   in|   32|     ap_none|                         s_115_val|        scalar|
|s_117_val                |   in|   32|     ap_none|                         s_117_val|        scalar|
|s_119_val                |   in|   32|     ap_none|                         s_119_val|        scalar|
|s_121_val                |   in|   32|     ap_none|                         s_121_val|        scalar|
|s_123_val                |   in|   32|     ap_none|                         s_123_val|        scalar|
|s_125_val                |   in|   32|     ap_none|                         s_125_val|        scalar|
|s_127_val                |   in|   32|     ap_none|                         s_127_val|        scalar|
|s_129_val                |   in|   32|     ap_none|                         s_129_val|        scalar|
|s_131_val                |   in|   32|     ap_none|                         s_131_val|        scalar|
|s_133_val                |   in|   32|     ap_none|                         s_133_val|        scalar|
|s_135_val                |   in|   32|     ap_none|                         s_135_val|        scalar|
|s_137_val                |   in|   32|     ap_none|                         s_137_val|        scalar|
|s_139_val                |   in|   32|     ap_none|                         s_139_val|        scalar|
|s_141_val                |   in|   32|     ap_none|                         s_141_val|        scalar|
|s_143_val                |   in|   32|     ap_none|                         s_143_val|        scalar|
|s_145_val                |   in|   32|     ap_none|                         s_145_val|        scalar|
|s_147_val                |   in|   32|     ap_none|                         s_147_val|        scalar|
|s_149_val                |   in|   32|     ap_none|                         s_149_val|        scalar|
|s_151_val                |   in|   32|     ap_none|                         s_151_val|        scalar|
|s_153_val                |   in|   32|     ap_none|                         s_153_val|        scalar|
|s_155_val                |   in|   32|     ap_none|                         s_155_val|        scalar|
|s_157_val                |   in|   32|     ap_none|                         s_157_val|        scalar|
|s_159_val                |   in|   32|     ap_none|                         s_159_val|        scalar|
|s_161_val                |   in|   32|     ap_none|                         s_161_val|        scalar|
|s_163_val                |   in|   32|     ap_none|                         s_163_val|        scalar|
|s_165_val                |   in|   32|     ap_none|                         s_165_val|        scalar|
|s_167_val                |   in|   32|     ap_none|                         s_167_val|        scalar|
|s_169_val                |   in|   32|     ap_none|                         s_169_val|        scalar|
|s_171_val                |   in|   32|     ap_none|                         s_171_val|        scalar|
|s_173_val                |   in|   32|     ap_none|                         s_173_val|        scalar|
|s_175_val                |   in|   32|     ap_none|                         s_175_val|        scalar|
|s_177_val                |   in|   32|     ap_none|                         s_177_val|        scalar|
|s_179_val                |   in|   32|     ap_none|                         s_179_val|        scalar|
|s_181_val                |   in|   32|     ap_none|                         s_181_val|        scalar|
|s_183_val                |   in|   32|     ap_none|                         s_183_val|        scalar|
|s_185_val                |   in|   32|     ap_none|                         s_185_val|        scalar|
|s_187_val                |   in|   32|     ap_none|                         s_187_val|        scalar|
|s_189_val                |   in|   32|     ap_none|                         s_189_val|        scalar|
|s_191_val                |   in|   32|     ap_none|                         s_191_val|        scalar|
|s_193_val                |   in|   32|     ap_none|                         s_193_val|        scalar|
|s_195_val                |   in|   32|     ap_none|                         s_195_val|        scalar|
|s_197_val                |   in|   32|     ap_none|                         s_197_val|        scalar|
|s_199_val                |   in|   32|     ap_none|                         s_199_val|        scalar|
|s_201_val                |   in|   32|     ap_none|                         s_201_val|        scalar|
|s_203_val                |   in|   32|     ap_none|                         s_203_val|        scalar|
|s_205_val                |   in|   32|     ap_none|                         s_205_val|        scalar|
|s_207_val                |   in|   32|     ap_none|                         s_207_val|        scalar|
|s_209_val                |   in|   32|     ap_none|                         s_209_val|        scalar|
|s_211_val                |   in|   32|     ap_none|                         s_211_val|        scalar|
|s_213_val                |   in|   32|     ap_none|                         s_213_val|        scalar|
|s_215_val                |   in|   32|     ap_none|                         s_215_val|        scalar|
|s_217_val                |   in|   32|     ap_none|                         s_217_val|        scalar|
|s_219_val                |   in|   32|     ap_none|                         s_219_val|        scalar|
|s_221_val                |   in|   32|     ap_none|                         s_221_val|        scalar|
|s_223_val                |   in|   32|     ap_none|                         s_223_val|        scalar|
|s_225_val                |   in|   32|     ap_none|                         s_225_val|        scalar|
|s_227_val                |   in|   32|     ap_none|                         s_227_val|        scalar|
|s_229_val                |   in|   32|     ap_none|                         s_229_val|        scalar|
|s_231_val                |   in|   32|     ap_none|                         s_231_val|        scalar|
|s_233_val                |   in|   32|     ap_none|                         s_233_val|        scalar|
|s_235_val                |   in|   32|     ap_none|                         s_235_val|        scalar|
|s_237_val                |   in|   32|     ap_none|                         s_237_val|        scalar|
|s_239_val                |   in|   32|     ap_none|                         s_239_val|        scalar|
|s_241_val                |   in|   32|     ap_none|                         s_241_val|        scalar|
|s_243_val                |   in|   32|     ap_none|                         s_243_val|        scalar|
|s_245_val                |   in|   32|     ap_none|                         s_245_val|        scalar|
|s_247_val                |   in|   32|     ap_none|                         s_247_val|        scalar|
|s_249_val                |   in|   32|     ap_none|                         s_249_val|        scalar|
|s_251_val                |   in|   32|     ap_none|                         s_251_val|        scalar|
|s_253_val                |   in|   32|     ap_none|                         s_253_val|        scalar|
|s_255_val                |   in|   32|     ap_none|                         s_255_val|        scalar|
|s_257_val                |   in|   32|     ap_none|                         s_257_val|        scalar|
|s_259_val                |   in|   32|     ap_none|                         s_259_val|        scalar|
|s_261_val                |   in|   32|     ap_none|                         s_261_val|        scalar|
|s_263_val                |   in|   32|     ap_none|                         s_263_val|        scalar|
|s_265_val                |   in|   32|     ap_none|                         s_265_val|        scalar|
|s_267_val                |   in|   32|     ap_none|                         s_267_val|        scalar|
|s_269_val                |   in|   32|     ap_none|                         s_269_val|        scalar|
|s_271_val                |   in|   32|     ap_none|                         s_271_val|        scalar|
|s_273_val                |   in|   32|     ap_none|                         s_273_val|        scalar|
|s_275_val                |   in|   32|     ap_none|                         s_275_val|        scalar|
|s_277_val                |   in|   32|     ap_none|                         s_277_val|        scalar|
|s_279_val                |   in|   32|     ap_none|                         s_279_val|        scalar|
|s_281_val                |   in|   32|     ap_none|                         s_281_val|        scalar|
|s_283_val                |   in|   32|     ap_none|                         s_283_val|        scalar|
|s_285_val                |   in|   32|     ap_none|                         s_285_val|        scalar|
|s_287_val                |   in|   32|     ap_none|                         s_287_val|        scalar|
|s_289_val                |   in|   32|     ap_none|                         s_289_val|        scalar|
|s_291_val                |   in|   32|     ap_none|                         s_291_val|        scalar|
|s_293_val                |   in|   32|     ap_none|                         s_293_val|        scalar|
|s_295_val                |   in|   32|     ap_none|                         s_295_val|        scalar|
|s_297_val                |   in|   32|     ap_none|                         s_297_val|        scalar|
|s_299_val                |   in|   32|     ap_none|                         s_299_val|        scalar|
|s_301_val                |   in|   32|     ap_none|                         s_301_val|        scalar|
|s_303_val                |   in|   32|     ap_none|                         s_303_val|        scalar|
|s_305_val                |   in|   32|     ap_none|                         s_305_val|        scalar|
|s_307_val                |   in|   32|     ap_none|                         s_307_val|        scalar|
|s_309_val                |   in|   32|     ap_none|                         s_309_val|        scalar|
|s_311_val                |   in|   32|     ap_none|                         s_311_val|        scalar|
|s_313_val                |   in|   32|     ap_none|                         s_313_val|        scalar|
|s_315_val                |   in|   32|     ap_none|                         s_315_val|        scalar|
|s_317_val                |   in|   32|     ap_none|                         s_317_val|        scalar|
|s_319_val                |   in|   32|     ap_none|                         s_319_val|        scalar|
|s_321_val                |   in|   32|     ap_none|                         s_321_val|        scalar|
|s_323_val                |   in|   32|     ap_none|                         s_323_val|        scalar|
|s_325_val                |   in|   32|     ap_none|                         s_325_val|        scalar|
|s_327_val                |   in|   32|     ap_none|                         s_327_val|        scalar|
|s_329_val                |   in|   32|     ap_none|                         s_329_val|        scalar|
|s_331_val                |   in|   32|     ap_none|                         s_331_val|        scalar|
|s_333_val                |   in|   32|     ap_none|                         s_333_val|        scalar|
|s_335_val                |   in|   32|     ap_none|                         s_335_val|        scalar|
|s_337_val                |   in|   32|     ap_none|                         s_337_val|        scalar|
|s_339_val                |   in|   32|     ap_none|                         s_339_val|        scalar|
|s_341_val                |   in|   32|     ap_none|                         s_341_val|        scalar|
|s_343_val                |   in|   32|     ap_none|                         s_343_val|        scalar|
|s_345_val                |   in|   32|     ap_none|                         s_345_val|        scalar|
|s_347_val                |   in|   32|     ap_none|                         s_347_val|        scalar|
|s_349_val                |   in|   32|     ap_none|                         s_349_val|        scalar|
|s_351_val                |   in|   32|     ap_none|                         s_351_val|        scalar|
|s_353_val                |   in|   32|     ap_none|                         s_353_val|        scalar|
|s_355_val                |   in|   32|     ap_none|                         s_355_val|        scalar|
|s_357_val                |   in|   32|     ap_none|                         s_357_val|        scalar|
|s_359_val                |   in|   32|     ap_none|                         s_359_val|        scalar|
|s_361_val                |   in|   32|     ap_none|                         s_361_val|        scalar|
|s_363_val                |   in|   32|     ap_none|                         s_363_val|        scalar|
|s_365_val                |   in|   32|     ap_none|                         s_365_val|        scalar|
|s_367_val                |   in|   32|     ap_none|                         s_367_val|        scalar|
|s_369_val                |   in|   32|     ap_none|                         s_369_val|        scalar|
|s_371_val                |   in|   32|     ap_none|                         s_371_val|        scalar|
|s_373_val                |   in|   32|     ap_none|                         s_373_val|        scalar|
|s_375_val                |   in|   32|     ap_none|                         s_375_val|        scalar|
|s_377_val                |   in|   32|     ap_none|                         s_377_val|        scalar|
|s_379_val                |   in|   32|     ap_none|                         s_379_val|        scalar|
|s_381_val                |   in|   32|     ap_none|                         s_381_val|        scalar|
|s_383_val                |   in|   32|     ap_none|                         s_383_val|        scalar|
|s_385_val                |   in|   32|     ap_none|                         s_385_val|        scalar|
|s_387_val                |   in|   32|     ap_none|                         s_387_val|        scalar|
|s_389_val                |   in|   32|     ap_none|                         s_389_val|        scalar|
+-------------------------+-----+-----+------------+----------------------------------+--------------+

