

================================================================
== Vitis HLS Report for 'load_r_Pipeline_VITIS_LOOP_32_1'
================================================================
* Date:           Tue Sep 17 01:47:43 2024

* Version:        2023.2 (Build 4023990 on Oct 11 2023)
* Project:        kernel_nlp
* Solution:       solution (Vitis Kernel Flow Target)
* Product family: virtexuplus
* Target device:  xcu200-fsgd2104-2-e


================================================================
== Performance Estimates
================================================================
+ Timing: 
    * Summary: 
    +--------+---------+----------+------------+
    |  Clock |  Target | Estimated| Uncertainty|
    +--------+---------+----------+------------+
    |ap_clk  |  4.00 ns|  2.920 ns|     1.08 ns|
    +--------+---------+----------+------------+

+ Latency: 
    * Summary: 
    +---------+---------+----------+----------+-----+-----+---------+
    |  Latency (cycles) |  Latency (absolute) |  Interval | Pipeline|
    |   min   |   max   |    min   |    max   | min | max |   Type  |
    +---------+---------+----------+----------+-----+-----+---------+
    |      207|      207|  0.828 us|  0.828 us|  207|  207|       no|
    +---------+---------+----------+----------+-----+-----+---------+

    + Detail: 
        * Instance: 
        N/A

        * Loop: 
        +-------------------+---------+---------+----------+-----------+-----------+------+----------+
        |                   |  Latency (cycles) | Iteration|  Initiation Interval  | Trip |          |
        |     Loop Name     |   min   |   max   |  Latency |  achieved |   target  | Count| Pipelined|
        +-------------------+---------+---------+----------+-----------+-----------+------+----------+
        |- VITIS_LOOP_32_1  |      205|      205|         2|          1|          1|   205|       yes|
        +-------------------+---------+---------+----------+-----------+-----------+------+----------+



================================================================
== Utilization Estimates
================================================================
* Summary: 
+---------------------+---------+------+---------+---------+-----+
|         Name        | BRAM_18K|  DSP |    FF   |   LUT   | URAM|
+---------------------+---------+------+---------+---------+-----+
|DSP                  |        -|     -|        -|        -|    -|
|Expression           |        -|     -|        0|       50|    -|
|FIFO                 |        -|     -|        -|        -|    -|
|Instance             |        -|     -|        -|        -|    -|
|Memory               |        -|     -|        -|        -|    -|
|Multiplexer          |        -|     -|        -|       63|    -|
|Register             |        -|     -|       29|        -|    -|
+---------------------+---------+------+---------+---------+-----+
|Total                |        0|     0|       29|      113|    0|
+---------------------+---------+------+---------+---------+-----+
|Available SLR        |     1440|  2280|   788160|   394080|  320|
+---------------------+---------+------+---------+---------+-----+
|Utilization SLR (%)  |        0|     0|       ~0|       ~0|    0|
+---------------------+---------+------+---------+---------+-----+
|Available            |     4320|  6840|  2364480|  1182240|  960|
+---------------------+---------+------+---------+---------+-----+
|Utilization (%)      |        0|     0|       ~0|       ~0|    0|
+---------------------+---------+------+---------+---------+-----+

+ Detail: 
    * Instance: 
    N/A

    * DSP: 
    N/A

    * Memory: 
    N/A

    * FIFO: 
    N/A

    * Expression: 
    +---------------------------+----------+----+---+----+------------+------------+
    |       Variable Name       | Operation| DSP| FF| LUT| Bitwidth P0| Bitwidth P1|
    +---------------------------+----------+----+---+----+------------+------------+
    |add_ln32_1_fu_4195_p2      |         +|   0|  0|  15|           8|           1|
    |add_ln32_fu_4201_p2        |         +|   0|  0|  16|           9|           2|
    |ap_block_pp0_stage0_01001  |       and|   0|  0|   2|           1|           1|
    |icmp_ln32_fu_4189_p2       |      icmp|   0|  0|  15|           8|           7|
    |ap_enable_pp0              |       xor|   0|  0|   2|           1|           2|
    +---------------------------+----------+----+---+----+------------+------------+
    |Total                      |          |   0|  0|  50|          27|          13|
    +---------------------------+----------+----+---+----+------------+------------+

    * Multiplexer: 
    +------------------------------+----+-----------+-----+-----------+
    |             Name             | LUT| Input Size| Bits| Total Bits|
    +------------------------------+----+-----------+-----+-----------+
    |ap_done_int                   |   9|          2|    1|          2|
    |ap_enable_reg_pp0_iter1       |   9|          2|    1|          2|
    |ap_sig_allocacmp_i0_2         |   9|          2|    9|         18|
    |ap_sig_allocacmp_indvar_load  |   9|          2|    8|         16|
    |i0_fu_1280                    |   9|          2|    9|         18|
    |indvar_fu_1284                |   9|          2|    8|         16|
    |kernel_r_blk_n_R              |   9|          2|    1|          2|
    +------------------------------+----+-----------+-----+-----------+
    |Total                         |  63|         14|   37|         74|
    +------------------------------+----+-----------+-----+-----------+

    * Register: 
    +-------------------------+---+----+-----+-----------+
    |           Name          | FF| LUT| Bits| Const Bits|
    +-------------------------+---+----+-----+-----------+
    |ap_CS_fsm                |  1|   0|    1|          0|
    |ap_done_reg              |  1|   0|    1|          0|
    |ap_enable_reg_pp0_iter1  |  1|   0|    1|          0|
    |i0_2_reg_4674            |  9|   0|    9|          0|
    |i0_fu_1280               |  9|   0|    9|          0|
    |indvar_fu_1284           |  8|   0|    8|          0|
    +-------------------------+---+----+-----+-----------+
    |Total                    | 29|   0|   29|          0|
    +-------------------------+---+----+-----+-----------+



================================================================
== Interface
================================================================
* Summary: 
+-------------------------+-----+-----+------------+---------------------------------+--------------+
|        RTL Ports        | Dir | Bits|  Protocol  |          Source Object          |    C Type    |
+-------------------------+-----+-----+------------+---------------------------------+--------------+
|ap_clk                   |   in|    1|  ap_ctrl_hs|  load_r_Pipeline_VITIS_LOOP_32_1|  return value|
|ap_rst                   |   in|    1|  ap_ctrl_hs|  load_r_Pipeline_VITIS_LOOP_32_1|  return value|
|ap_start                 |   in|    1|  ap_ctrl_hs|  load_r_Pipeline_VITIS_LOOP_32_1|  return value|
|ap_done                  |  out|    1|  ap_ctrl_hs|  load_r_Pipeline_VITIS_LOOP_32_1|  return value|
|ap_idle                  |  out|    1|  ap_ctrl_hs|  load_r_Pipeline_VITIS_LOOP_32_1|  return value|
|ap_ready                 |  out|    1|  ap_ctrl_hs|  load_r_Pipeline_VITIS_LOOP_32_1|  return value|
|m_axi_kernel_r_AWVALID   |  out|    1|       m_axi|                         kernel_r|       pointer|
|m_axi_kernel_r_AWREADY   |   in|    1|       m_axi|                         kernel_r|       pointer|
|m_axi_kernel_r_AWADDR    |  out|   64|       m_axi|                         kernel_r|       pointer|
|m_axi_kernel_r_AWID      |  out|    1|       m_axi|                         kernel_r|       pointer|
|m_axi_kernel_r_AWLEN     |  out|   32|       m_axi|                         kernel_r|       pointer|
|m_axi_kernel_r_AWSIZE    |  out|    3|       m_axi|                         kernel_r|       pointer|
|m_axi_kernel_r_AWBURST   |  out|    2|       m_axi|                         kernel_r|       pointer|
|m_axi_kernel_r_AWLOCK    |  out|    2|       m_axi|                         kernel_r|       pointer|
|m_axi_kernel_r_AWCACHE   |  out|    4|       m_axi|                         kernel_r|       pointer|
|m_axi_kernel_r_AWPROT    |  out|    3|       m_axi|                         kernel_r|       pointer|
|m_axi_kernel_r_AWQOS     |  out|    4|       m_axi|                         kernel_r|       pointer|
|m_axi_kernel_r_AWREGION  |  out|    4|       m_axi|                         kernel_r|       pointer|
|m_axi_kernel_r_AWUSER    |  out|    1|       m_axi|                         kernel_r|       pointer|
|m_axi_kernel_r_WVALID    |  out|    1|       m_axi|                         kernel_r|       pointer|
|m_axi_kernel_r_WREADY    |   in|    1|       m_axi|                         kernel_r|       pointer|
|m_axi_kernel_r_WDATA     |  out|   64|       m_axi|                         kernel_r|       pointer|
|m_axi_kernel_r_WSTRB     |  out|    8|       m_axi|                         kernel_r|       pointer|
|m_axi_kernel_r_WLAST     |  out|    1|       m_axi|                         kernel_r|       pointer|
|m_axi_kernel_r_WID       |  out|    1|       m_axi|                         kernel_r|       pointer|
|m_axi_kernel_r_WUSER     |  out|    1|       m_axi|                         kernel_r|       pointer|
|m_axi_kernel_r_ARVALID   |  out|    1|       m_axi|                         kernel_r|       pointer|
|m_axi_kernel_r_ARREADY   |   in|    1|       m_axi|                         kernel_r|       pointer|
|m_axi_kernel_r_ARADDR    |  out|   64|       m_axi|                         kernel_r|       pointer|
|m_axi_kernel_r_ARID      |  out|    1|       m_axi|                         kernel_r|       pointer|
|m_axi_kernel_r_ARLEN     |  out|   32|       m_axi|                         kernel_r|       pointer|
|m_axi_kernel_r_ARSIZE    |  out|    3|       m_axi|                         kernel_r|       pointer|
|m_axi_kernel_r_ARBURST   |  out|    2|       m_axi|                         kernel_r|       pointer|
|m_axi_kernel_r_ARLOCK    |  out|    2|       m_axi|                         kernel_r|       pointer|
|m_axi_kernel_r_ARCACHE   |  out|    4|       m_axi|                         kernel_r|       pointer|
|m_axi_kernel_r_ARPROT    |  out|    3|       m_axi|                         kernel_r|       pointer|
|m_axi_kernel_r_ARQOS     |  out|    4|       m_axi|                         kernel_r|       pointer|
|m_axi_kernel_r_ARREGION  |  out|    4|       m_axi|                         kernel_r|       pointer|
|m_axi_kernel_r_ARUSER    |  out|    1|       m_axi|                         kernel_r|       pointer|
|m_axi_kernel_r_RVALID    |   in|    1|       m_axi|                         kernel_r|       pointer|
|m_axi_kernel_r_RREADY    |  out|    1|       m_axi|                         kernel_r|       pointer|
|m_axi_kernel_r_RDATA     |   in|   64|       m_axi|                         kernel_r|       pointer|
|m_axi_kernel_r_RLAST     |   in|    1|       m_axi|                         kernel_r|       pointer|
|m_axi_kernel_r_RID       |   in|    1|       m_axi|                         kernel_r|       pointer|
|m_axi_kernel_r_RFIFONUM  |   in|    9|       m_axi|                         kernel_r|       pointer|
|m_axi_kernel_r_RUSER     |   in|    1|       m_axi|                         kernel_r|       pointer|
|m_axi_kernel_r_RRESP     |   in|    2|       m_axi|                         kernel_r|       pointer|
|m_axi_kernel_r_BVALID    |   in|    1|       m_axi|                         kernel_r|       pointer|
|m_axi_kernel_r_BREADY    |  out|    1|       m_axi|                         kernel_r|       pointer|
|m_axi_kernel_r_BRESP     |   in|    2|       m_axi|                         kernel_r|       pointer|
|m_axi_kernel_r_BID       |   in|    1|       m_axi|                         kernel_r|       pointer|
|m_axi_kernel_r_BUSER     |   in|    1|       m_axi|                         kernel_r|       pointer|
|r_0                      |  out|   32|      ap_vld|                              r_0|       pointer|
|r_0_ap_vld               |  out|    1|      ap_vld|                              r_0|       pointer|
|r_1                      |  out|   32|      ap_vld|                              r_1|       pointer|
|r_1_ap_vld               |  out|    1|      ap_vld|                              r_1|       pointer|
|sext_ln32                |   in|   61|     ap_none|                        sext_ln32|        scalar|
|r_409                    |  out|   32|      ap_vld|                            r_409|       pointer|
|r_409_ap_vld             |  out|    1|      ap_vld|                            r_409|       pointer|
|r_408                    |  out|   32|      ap_vld|                            r_408|       pointer|
|r_408_ap_vld             |  out|    1|      ap_vld|                            r_408|       pointer|
|r_407                    |  out|   32|      ap_vld|                            r_407|       pointer|
|r_407_ap_vld             |  out|    1|      ap_vld|                            r_407|       pointer|
|r_406                    |  out|   32|      ap_vld|                            r_406|       pointer|
|r_406_ap_vld             |  out|    1|      ap_vld|                            r_406|       pointer|
|r_405                    |  out|   32|      ap_vld|                            r_405|       pointer|
|r_405_ap_vld             |  out|    1|      ap_vld|                            r_405|       pointer|
|r_404                    |  out|   32|      ap_vld|                            r_404|       pointer|
|r_404_ap_vld             |  out|    1|      ap_vld|                            r_404|       pointer|
|r_403                    |  out|   32|      ap_vld|                            r_403|       pointer|
|r_403_ap_vld             |  out|    1|      ap_vld|                            r_403|       pointer|
|r_402                    |  out|   32|      ap_vld|                            r_402|       pointer|
|r_402_ap_vld             |  out|    1|      ap_vld|                            r_402|       pointer|
|r_401                    |  out|   32|      ap_vld|                            r_401|       pointer|
|r_401_ap_vld             |  out|    1|      ap_vld|                            r_401|       pointer|
|r_400                    |  out|   32|      ap_vld|                            r_400|       pointer|
|r_400_ap_vld             |  out|    1|      ap_vld|                            r_400|       pointer|
|r_399                    |  out|   32|      ap_vld|                            r_399|       pointer|
|r_399_ap_vld             |  out|    1|      ap_vld|                            r_399|       pointer|
|r_398                    |  out|   32|      ap_vld|                            r_398|       pointer|
|r_398_ap_vld             |  out|    1|      ap_vld|                            r_398|       pointer|
|r_397                    |  out|   32|      ap_vld|                            r_397|       pointer|
|r_397_ap_vld             |  out|    1|      ap_vld|                            r_397|       pointer|
|r_396                    |  out|   32|      ap_vld|                            r_396|       pointer|
|r_396_ap_vld             |  out|    1|      ap_vld|                            r_396|       pointer|
|r_395                    |  out|   32|      ap_vld|                            r_395|       pointer|
|r_395_ap_vld             |  out|    1|      ap_vld|                            r_395|       pointer|
|r_394                    |  out|   32|      ap_vld|                            r_394|       pointer|
|r_394_ap_vld             |  out|    1|      ap_vld|                            r_394|       pointer|
|r_393                    |  out|   32|      ap_vld|                            r_393|       pointer|
|r_393_ap_vld             |  out|    1|      ap_vld|                            r_393|       pointer|
|r_392                    |  out|   32|      ap_vld|                            r_392|       pointer|
|r_392_ap_vld             |  out|    1|      ap_vld|                            r_392|       pointer|
|r_391                    |  out|   32|      ap_vld|                            r_391|       pointer|
|r_391_ap_vld             |  out|    1|      ap_vld|                            r_391|       pointer|
|r_390                    |  out|   32|      ap_vld|                            r_390|       pointer|
|r_390_ap_vld             |  out|    1|      ap_vld|                            r_390|       pointer|
|r_389                    |  out|   32|      ap_vld|                            r_389|       pointer|
|r_389_ap_vld             |  out|    1|      ap_vld|                            r_389|       pointer|
|r_388                    |  out|   32|      ap_vld|                            r_388|       pointer|
|r_388_ap_vld             |  out|    1|      ap_vld|                            r_388|       pointer|
|r_387                    |  out|   32|      ap_vld|                            r_387|       pointer|
|r_387_ap_vld             |  out|    1|      ap_vld|                            r_387|       pointer|
|r_386                    |  out|   32|      ap_vld|                            r_386|       pointer|
|r_386_ap_vld             |  out|    1|      ap_vld|                            r_386|       pointer|
|r_385                    |  out|   32|      ap_vld|                            r_385|       pointer|
|r_385_ap_vld             |  out|    1|      ap_vld|                            r_385|       pointer|
|r_384                    |  out|   32|      ap_vld|                            r_384|       pointer|
|r_384_ap_vld             |  out|    1|      ap_vld|                            r_384|       pointer|
|r_383                    |  out|   32|      ap_vld|                            r_383|       pointer|
|r_383_ap_vld             |  out|    1|      ap_vld|                            r_383|       pointer|
|r_382                    |  out|   32|      ap_vld|                            r_382|       pointer|
|r_382_ap_vld             |  out|    1|      ap_vld|                            r_382|       pointer|
|r_381                    |  out|   32|      ap_vld|                            r_381|       pointer|
|r_381_ap_vld             |  out|    1|      ap_vld|                            r_381|       pointer|
|r_380                    |  out|   32|      ap_vld|                            r_380|       pointer|
|r_380_ap_vld             |  out|    1|      ap_vld|                            r_380|       pointer|
|r_379                    |  out|   32|      ap_vld|                            r_379|       pointer|
|r_379_ap_vld             |  out|    1|      ap_vld|                            r_379|       pointer|
|r_378                    |  out|   32|      ap_vld|                            r_378|       pointer|
|r_378_ap_vld             |  out|    1|      ap_vld|                            r_378|       pointer|
|r_377                    |  out|   32|      ap_vld|                            r_377|       pointer|
|r_377_ap_vld             |  out|    1|      ap_vld|                            r_377|       pointer|
|r_376                    |  out|   32|      ap_vld|                            r_376|       pointer|
|r_376_ap_vld             |  out|    1|      ap_vld|                            r_376|       pointer|
|r_375                    |  out|   32|      ap_vld|                            r_375|       pointer|
|r_375_ap_vld             |  out|    1|      ap_vld|                            r_375|       pointer|
|r_374                    |  out|   32|      ap_vld|                            r_374|       pointer|
|r_374_ap_vld             |  out|    1|      ap_vld|                            r_374|       pointer|
|r_373                    |  out|   32|      ap_vld|                            r_373|       pointer|
|r_373_ap_vld             |  out|    1|      ap_vld|                            r_373|       pointer|
|r_372                    |  out|   32|      ap_vld|                            r_372|       pointer|
|r_372_ap_vld             |  out|    1|      ap_vld|                            r_372|       pointer|
|r_371                    |  out|   32|      ap_vld|                            r_371|       pointer|
|r_371_ap_vld             |  out|    1|      ap_vld|                            r_371|       pointer|
|r_370                    |  out|   32|      ap_vld|                            r_370|       pointer|
|r_370_ap_vld             |  out|    1|      ap_vld|                            r_370|       pointer|
|r_369                    |  out|   32|      ap_vld|                            r_369|       pointer|
|r_369_ap_vld             |  out|    1|      ap_vld|                            r_369|       pointer|
|r_368                    |  out|   32|      ap_vld|                            r_368|       pointer|
|r_368_ap_vld             |  out|    1|      ap_vld|                            r_368|       pointer|
|r_367                    |  out|   32|      ap_vld|                            r_367|       pointer|
|r_367_ap_vld             |  out|    1|      ap_vld|                            r_367|       pointer|
|r_366                    |  out|   32|      ap_vld|                            r_366|       pointer|
|r_366_ap_vld             |  out|    1|      ap_vld|                            r_366|       pointer|
|r_365                    |  out|   32|      ap_vld|                            r_365|       pointer|
|r_365_ap_vld             |  out|    1|      ap_vld|                            r_365|       pointer|
|r_364                    |  out|   32|      ap_vld|                            r_364|       pointer|
|r_364_ap_vld             |  out|    1|      ap_vld|                            r_364|       pointer|
|r_363                    |  out|   32|      ap_vld|                            r_363|       pointer|
|r_363_ap_vld             |  out|    1|      ap_vld|                            r_363|       pointer|
|r_362                    |  out|   32|      ap_vld|                            r_362|       pointer|
|r_362_ap_vld             |  out|    1|      ap_vld|                            r_362|       pointer|
|r_361                    |  out|   32|      ap_vld|                            r_361|       pointer|
|r_361_ap_vld             |  out|    1|      ap_vld|                            r_361|       pointer|
|r_360                    |  out|   32|      ap_vld|                            r_360|       pointer|
|r_360_ap_vld             |  out|    1|      ap_vld|                            r_360|       pointer|
|r_359                    |  out|   32|      ap_vld|                            r_359|       pointer|
|r_359_ap_vld             |  out|    1|      ap_vld|                            r_359|       pointer|
|r_358                    |  out|   32|      ap_vld|                            r_358|       pointer|
|r_358_ap_vld             |  out|    1|      ap_vld|                            r_358|       pointer|
|r_357                    |  out|   32|      ap_vld|                            r_357|       pointer|
|r_357_ap_vld             |  out|    1|      ap_vld|                            r_357|       pointer|
|r_356                    |  out|   32|      ap_vld|                            r_356|       pointer|
|r_356_ap_vld             |  out|    1|      ap_vld|                            r_356|       pointer|
|r_355                    |  out|   32|      ap_vld|                            r_355|       pointer|
|r_355_ap_vld             |  out|    1|      ap_vld|                            r_355|       pointer|
|r_354                    |  out|   32|      ap_vld|                            r_354|       pointer|
|r_354_ap_vld             |  out|    1|      ap_vld|                            r_354|       pointer|
|r_353                    |  out|   32|      ap_vld|                            r_353|       pointer|
|r_353_ap_vld             |  out|    1|      ap_vld|                            r_353|       pointer|
|r_352                    |  out|   32|      ap_vld|                            r_352|       pointer|
|r_352_ap_vld             |  out|    1|      ap_vld|                            r_352|       pointer|
|r_351                    |  out|   32|      ap_vld|                            r_351|       pointer|
|r_351_ap_vld             |  out|    1|      ap_vld|                            r_351|       pointer|
|r_350                    |  out|   32|      ap_vld|                            r_350|       pointer|
|r_350_ap_vld             |  out|    1|      ap_vld|                            r_350|       pointer|
|r_349                    |  out|   32|      ap_vld|                            r_349|       pointer|
|r_349_ap_vld             |  out|    1|      ap_vld|                            r_349|       pointer|
|r_348                    |  out|   32|      ap_vld|                            r_348|       pointer|
|r_348_ap_vld             |  out|    1|      ap_vld|                            r_348|       pointer|
|r_347                    |  out|   32|      ap_vld|                            r_347|       pointer|
|r_347_ap_vld             |  out|    1|      ap_vld|                            r_347|       pointer|
|r_346                    |  out|   32|      ap_vld|                            r_346|       pointer|
|r_346_ap_vld             |  out|    1|      ap_vld|                            r_346|       pointer|
|r_345                    |  out|   32|      ap_vld|                            r_345|       pointer|
|r_345_ap_vld             |  out|    1|      ap_vld|                            r_345|       pointer|
|r_344                    |  out|   32|      ap_vld|                            r_344|       pointer|
|r_344_ap_vld             |  out|    1|      ap_vld|                            r_344|       pointer|
|r_343                    |  out|   32|      ap_vld|                            r_343|       pointer|
|r_343_ap_vld             |  out|    1|      ap_vld|                            r_343|       pointer|
|r_342                    |  out|   32|      ap_vld|                            r_342|       pointer|
|r_342_ap_vld             |  out|    1|      ap_vld|                            r_342|       pointer|
|r_341                    |  out|   32|      ap_vld|                            r_341|       pointer|
|r_341_ap_vld             |  out|    1|      ap_vld|                            r_341|       pointer|
|r_340                    |  out|   32|      ap_vld|                            r_340|       pointer|
|r_340_ap_vld             |  out|    1|      ap_vld|                            r_340|       pointer|
|r_339                    |  out|   32|      ap_vld|                            r_339|       pointer|
|r_339_ap_vld             |  out|    1|      ap_vld|                            r_339|       pointer|
|r_338                    |  out|   32|      ap_vld|                            r_338|       pointer|
|r_338_ap_vld             |  out|    1|      ap_vld|                            r_338|       pointer|
|r_337                    |  out|   32|      ap_vld|                            r_337|       pointer|
|r_337_ap_vld             |  out|    1|      ap_vld|                            r_337|       pointer|
|r_336                    |  out|   32|      ap_vld|                            r_336|       pointer|
|r_336_ap_vld             |  out|    1|      ap_vld|                            r_336|       pointer|
|r_335                    |  out|   32|      ap_vld|                            r_335|       pointer|
|r_335_ap_vld             |  out|    1|      ap_vld|                            r_335|       pointer|
|r_334                    |  out|   32|      ap_vld|                            r_334|       pointer|
|r_334_ap_vld             |  out|    1|      ap_vld|                            r_334|       pointer|
|r_333                    |  out|   32|      ap_vld|                            r_333|       pointer|
|r_333_ap_vld             |  out|    1|      ap_vld|                            r_333|       pointer|
|r_332                    |  out|   32|      ap_vld|                            r_332|       pointer|
|r_332_ap_vld             |  out|    1|      ap_vld|                            r_332|       pointer|
|r_331                    |  out|   32|      ap_vld|                            r_331|       pointer|
|r_331_ap_vld             |  out|    1|      ap_vld|                            r_331|       pointer|
|r_330                    |  out|   32|      ap_vld|                            r_330|       pointer|
|r_330_ap_vld             |  out|    1|      ap_vld|                            r_330|       pointer|
|r_329                    |  out|   32|      ap_vld|                            r_329|       pointer|
|r_329_ap_vld             |  out|    1|      ap_vld|                            r_329|       pointer|
|r_328                    |  out|   32|      ap_vld|                            r_328|       pointer|
|r_328_ap_vld             |  out|    1|      ap_vld|                            r_328|       pointer|
|r_327                    |  out|   32|      ap_vld|                            r_327|       pointer|
|r_327_ap_vld             |  out|    1|      ap_vld|                            r_327|       pointer|
|r_326                    |  out|   32|      ap_vld|                            r_326|       pointer|
|r_326_ap_vld             |  out|    1|      ap_vld|                            r_326|       pointer|
|r_325                    |  out|   32|      ap_vld|                            r_325|       pointer|
|r_325_ap_vld             |  out|    1|      ap_vld|                            r_325|       pointer|
|r_324                    |  out|   32|      ap_vld|                            r_324|       pointer|
|r_324_ap_vld             |  out|    1|      ap_vld|                            r_324|       pointer|
|r_323                    |  out|   32|      ap_vld|                            r_323|       pointer|
|r_323_ap_vld             |  out|    1|      ap_vld|                            r_323|       pointer|
|r_322                    |  out|   32|      ap_vld|                            r_322|       pointer|
|r_322_ap_vld             |  out|    1|      ap_vld|                            r_322|       pointer|
|r_321                    |  out|   32|      ap_vld|                            r_321|       pointer|
|r_321_ap_vld             |  out|    1|      ap_vld|                            r_321|       pointer|
|r_320                    |  out|   32|      ap_vld|                            r_320|       pointer|
|r_320_ap_vld             |  out|    1|      ap_vld|                            r_320|       pointer|
|r_319                    |  out|   32|      ap_vld|                            r_319|       pointer|
|r_319_ap_vld             |  out|    1|      ap_vld|                            r_319|       pointer|
|r_318                    |  out|   32|      ap_vld|                            r_318|       pointer|
|r_318_ap_vld             |  out|    1|      ap_vld|                            r_318|       pointer|
|r_317                    |  out|   32|      ap_vld|                            r_317|       pointer|
|r_317_ap_vld             |  out|    1|      ap_vld|                            r_317|       pointer|
|r_316                    |  out|   32|      ap_vld|                            r_316|       pointer|
|r_316_ap_vld             |  out|    1|      ap_vld|                            r_316|       pointer|
|r_315                    |  out|   32|      ap_vld|                            r_315|       pointer|
|r_315_ap_vld             |  out|    1|      ap_vld|                            r_315|       pointer|
|r_314                    |  out|   32|      ap_vld|                            r_314|       pointer|
|r_314_ap_vld             |  out|    1|      ap_vld|                            r_314|       pointer|
|r_313                    |  out|   32|      ap_vld|                            r_313|       pointer|
|r_313_ap_vld             |  out|    1|      ap_vld|                            r_313|       pointer|
|r_312                    |  out|   32|      ap_vld|                            r_312|       pointer|
|r_312_ap_vld             |  out|    1|      ap_vld|                            r_312|       pointer|
|r_311                    |  out|   32|      ap_vld|                            r_311|       pointer|
|r_311_ap_vld             |  out|    1|      ap_vld|                            r_311|       pointer|
|r_310                    |  out|   32|      ap_vld|                            r_310|       pointer|
|r_310_ap_vld             |  out|    1|      ap_vld|                            r_310|       pointer|
|r_309                    |  out|   32|      ap_vld|                            r_309|       pointer|
|r_309_ap_vld             |  out|    1|      ap_vld|                            r_309|       pointer|
|r_308                    |  out|   32|      ap_vld|                            r_308|       pointer|
|r_308_ap_vld             |  out|    1|      ap_vld|                            r_308|       pointer|
|r_307                    |  out|   32|      ap_vld|                            r_307|       pointer|
|r_307_ap_vld             |  out|    1|      ap_vld|                            r_307|       pointer|
|r_306                    |  out|   32|      ap_vld|                            r_306|       pointer|
|r_306_ap_vld             |  out|    1|      ap_vld|                            r_306|       pointer|
|r_305                    |  out|   32|      ap_vld|                            r_305|       pointer|
|r_305_ap_vld             |  out|    1|      ap_vld|                            r_305|       pointer|
|r_304                    |  out|   32|      ap_vld|                            r_304|       pointer|
|r_304_ap_vld             |  out|    1|      ap_vld|                            r_304|       pointer|
|r_303                    |  out|   32|      ap_vld|                            r_303|       pointer|
|r_303_ap_vld             |  out|    1|      ap_vld|                            r_303|       pointer|
|r_302                    |  out|   32|      ap_vld|                            r_302|       pointer|
|r_302_ap_vld             |  out|    1|      ap_vld|                            r_302|       pointer|
|r_301                    |  out|   32|      ap_vld|                            r_301|       pointer|
|r_301_ap_vld             |  out|    1|      ap_vld|                            r_301|       pointer|
|r_300                    |  out|   32|      ap_vld|                            r_300|       pointer|
|r_300_ap_vld             |  out|    1|      ap_vld|                            r_300|       pointer|
|r_299                    |  out|   32|      ap_vld|                            r_299|       pointer|
|r_299_ap_vld             |  out|    1|      ap_vld|                            r_299|       pointer|
|r_298                    |  out|   32|      ap_vld|                            r_298|       pointer|
|r_298_ap_vld             |  out|    1|      ap_vld|                            r_298|       pointer|
|r_297                    |  out|   32|      ap_vld|                            r_297|       pointer|
|r_297_ap_vld             |  out|    1|      ap_vld|                            r_297|       pointer|
|r_296                    |  out|   32|      ap_vld|                            r_296|       pointer|
|r_296_ap_vld             |  out|    1|      ap_vld|                            r_296|       pointer|
|r_295                    |  out|   32|      ap_vld|                            r_295|       pointer|
|r_295_ap_vld             |  out|    1|      ap_vld|                            r_295|       pointer|
|r_294                    |  out|   32|      ap_vld|                            r_294|       pointer|
|r_294_ap_vld             |  out|    1|      ap_vld|                            r_294|       pointer|
|r_293                    |  out|   32|      ap_vld|                            r_293|       pointer|
|r_293_ap_vld             |  out|    1|      ap_vld|                            r_293|       pointer|
|r_292                    |  out|   32|      ap_vld|                            r_292|       pointer|
|r_292_ap_vld             |  out|    1|      ap_vld|                            r_292|       pointer|
|r_291                    |  out|   32|      ap_vld|                            r_291|       pointer|
|r_291_ap_vld             |  out|    1|      ap_vld|                            r_291|       pointer|
|r_290                    |  out|   32|      ap_vld|                            r_290|       pointer|
|r_290_ap_vld             |  out|    1|      ap_vld|                            r_290|       pointer|
|r_289                    |  out|   32|      ap_vld|                            r_289|       pointer|
|r_289_ap_vld             |  out|    1|      ap_vld|                            r_289|       pointer|
|r_288                    |  out|   32|      ap_vld|                            r_288|       pointer|
|r_288_ap_vld             |  out|    1|      ap_vld|                            r_288|       pointer|
|r_287                    |  out|   32|      ap_vld|                            r_287|       pointer|
|r_287_ap_vld             |  out|    1|      ap_vld|                            r_287|       pointer|
|r_286                    |  out|   32|      ap_vld|                            r_286|       pointer|
|r_286_ap_vld             |  out|    1|      ap_vld|                            r_286|       pointer|
|r_285                    |  out|   32|      ap_vld|                            r_285|       pointer|
|r_285_ap_vld             |  out|    1|      ap_vld|                            r_285|       pointer|
|r_284                    |  out|   32|      ap_vld|                            r_284|       pointer|
|r_284_ap_vld             |  out|    1|      ap_vld|                            r_284|       pointer|
|r_283                    |  out|   32|      ap_vld|                            r_283|       pointer|
|r_283_ap_vld             |  out|    1|      ap_vld|                            r_283|       pointer|
|r_282                    |  out|   32|      ap_vld|                            r_282|       pointer|
|r_282_ap_vld             |  out|    1|      ap_vld|                            r_282|       pointer|
|r_281                    |  out|   32|      ap_vld|                            r_281|       pointer|
|r_281_ap_vld             |  out|    1|      ap_vld|                            r_281|       pointer|
|r_280                    |  out|   32|      ap_vld|                            r_280|       pointer|
|r_280_ap_vld             |  out|    1|      ap_vld|                            r_280|       pointer|
|r_279                    |  out|   32|      ap_vld|                            r_279|       pointer|
|r_279_ap_vld             |  out|    1|      ap_vld|                            r_279|       pointer|
|r_278                    |  out|   32|      ap_vld|                            r_278|       pointer|
|r_278_ap_vld             |  out|    1|      ap_vld|                            r_278|       pointer|
|r_277                    |  out|   32|      ap_vld|                            r_277|       pointer|
|r_277_ap_vld             |  out|    1|      ap_vld|                            r_277|       pointer|
|r_276                    |  out|   32|      ap_vld|                            r_276|       pointer|
|r_276_ap_vld             |  out|    1|      ap_vld|                            r_276|       pointer|
|r_275                    |  out|   32|      ap_vld|                            r_275|       pointer|
|r_275_ap_vld             |  out|    1|      ap_vld|                            r_275|       pointer|
|r_274                    |  out|   32|      ap_vld|                            r_274|       pointer|
|r_274_ap_vld             |  out|    1|      ap_vld|                            r_274|       pointer|
|r_273                    |  out|   32|      ap_vld|                            r_273|       pointer|
|r_273_ap_vld             |  out|    1|      ap_vld|                            r_273|       pointer|
|r_272                    |  out|   32|      ap_vld|                            r_272|       pointer|
|r_272_ap_vld             |  out|    1|      ap_vld|                            r_272|       pointer|
|r_271                    |  out|   32|      ap_vld|                            r_271|       pointer|
|r_271_ap_vld             |  out|    1|      ap_vld|                            r_271|       pointer|
|r_270                    |  out|   32|      ap_vld|                            r_270|       pointer|
|r_270_ap_vld             |  out|    1|      ap_vld|                            r_270|       pointer|
|r_269                    |  out|   32|      ap_vld|                            r_269|       pointer|
|r_269_ap_vld             |  out|    1|      ap_vld|                            r_269|       pointer|
|r_268                    |  out|   32|      ap_vld|                            r_268|       pointer|
|r_268_ap_vld             |  out|    1|      ap_vld|                            r_268|       pointer|
|r_267                    |  out|   32|      ap_vld|                            r_267|       pointer|
|r_267_ap_vld             |  out|    1|      ap_vld|                            r_267|       pointer|
|r_266                    |  out|   32|      ap_vld|                            r_266|       pointer|
|r_266_ap_vld             |  out|    1|      ap_vld|                            r_266|       pointer|
|r_265                    |  out|   32|      ap_vld|                            r_265|       pointer|
|r_265_ap_vld             |  out|    1|      ap_vld|                            r_265|       pointer|
|r_264                    |  out|   32|      ap_vld|                            r_264|       pointer|
|r_264_ap_vld             |  out|    1|      ap_vld|                            r_264|       pointer|
|r_263                    |  out|   32|      ap_vld|                            r_263|       pointer|
|r_263_ap_vld             |  out|    1|      ap_vld|                            r_263|       pointer|
|r_262                    |  out|   32|      ap_vld|                            r_262|       pointer|
|r_262_ap_vld             |  out|    1|      ap_vld|                            r_262|       pointer|
|r_261                    |  out|   32|      ap_vld|                            r_261|       pointer|
|r_261_ap_vld             |  out|    1|      ap_vld|                            r_261|       pointer|
|r_260                    |  out|   32|      ap_vld|                            r_260|       pointer|
|r_260_ap_vld             |  out|    1|      ap_vld|                            r_260|       pointer|
|r_259                    |  out|   32|      ap_vld|                            r_259|       pointer|
|r_259_ap_vld             |  out|    1|      ap_vld|                            r_259|       pointer|
|r_258                    |  out|   32|      ap_vld|                            r_258|       pointer|
|r_258_ap_vld             |  out|    1|      ap_vld|                            r_258|       pointer|
|r_257                    |  out|   32|      ap_vld|                            r_257|       pointer|
|r_257_ap_vld             |  out|    1|      ap_vld|                            r_257|       pointer|
|r_256                    |  out|   32|      ap_vld|                            r_256|       pointer|
|r_256_ap_vld             |  out|    1|      ap_vld|                            r_256|       pointer|
|r_255                    |  out|   32|      ap_vld|                            r_255|       pointer|
|r_255_ap_vld             |  out|    1|      ap_vld|                            r_255|       pointer|
|r_254                    |  out|   32|      ap_vld|                            r_254|       pointer|
|r_254_ap_vld             |  out|    1|      ap_vld|                            r_254|       pointer|
|r_253                    |  out|   32|      ap_vld|                            r_253|       pointer|
|r_253_ap_vld             |  out|    1|      ap_vld|                            r_253|       pointer|
|r_252                    |  out|   32|      ap_vld|                            r_252|       pointer|
|r_252_ap_vld             |  out|    1|      ap_vld|                            r_252|       pointer|
|r_251                    |  out|   32|      ap_vld|                            r_251|       pointer|
|r_251_ap_vld             |  out|    1|      ap_vld|                            r_251|       pointer|
|r_250                    |  out|   32|      ap_vld|                            r_250|       pointer|
|r_250_ap_vld             |  out|    1|      ap_vld|                            r_250|       pointer|
|r_249                    |  out|   32|      ap_vld|                            r_249|       pointer|
|r_249_ap_vld             |  out|    1|      ap_vld|                            r_249|       pointer|
|r_248                    |  out|   32|      ap_vld|                            r_248|       pointer|
|r_248_ap_vld             |  out|    1|      ap_vld|                            r_248|       pointer|
|r_247                    |  out|   32|      ap_vld|                            r_247|       pointer|
|r_247_ap_vld             |  out|    1|      ap_vld|                            r_247|       pointer|
|r_246                    |  out|   32|      ap_vld|                            r_246|       pointer|
|r_246_ap_vld             |  out|    1|      ap_vld|                            r_246|       pointer|
|r_245                    |  out|   32|      ap_vld|                            r_245|       pointer|
|r_245_ap_vld             |  out|    1|      ap_vld|                            r_245|       pointer|
|r_244                    |  out|   32|      ap_vld|                            r_244|       pointer|
|r_244_ap_vld             |  out|    1|      ap_vld|                            r_244|       pointer|
|r_243                    |  out|   32|      ap_vld|                            r_243|       pointer|
|r_243_ap_vld             |  out|    1|      ap_vld|                            r_243|       pointer|
|r_242                    |  out|   32|      ap_vld|                            r_242|       pointer|
|r_242_ap_vld             |  out|    1|      ap_vld|                            r_242|       pointer|
|r_241                    |  out|   32|      ap_vld|                            r_241|       pointer|
|r_241_ap_vld             |  out|    1|      ap_vld|                            r_241|       pointer|
|r_240                    |  out|   32|      ap_vld|                            r_240|       pointer|
|r_240_ap_vld             |  out|    1|      ap_vld|                            r_240|       pointer|
|r_239                    |  out|   32|      ap_vld|                            r_239|       pointer|
|r_239_ap_vld             |  out|    1|      ap_vld|                            r_239|       pointer|
|r_238                    |  out|   32|      ap_vld|                            r_238|       pointer|
|r_238_ap_vld             |  out|    1|      ap_vld|                            r_238|       pointer|
|r_237                    |  out|   32|      ap_vld|                            r_237|       pointer|
|r_237_ap_vld             |  out|    1|      ap_vld|                            r_237|       pointer|
|r_236                    |  out|   32|      ap_vld|                            r_236|       pointer|
|r_236_ap_vld             |  out|    1|      ap_vld|                            r_236|       pointer|
|r_235                    |  out|   32|      ap_vld|                            r_235|       pointer|
|r_235_ap_vld             |  out|    1|      ap_vld|                            r_235|       pointer|
|r_234                    |  out|   32|      ap_vld|                            r_234|       pointer|
|r_234_ap_vld             |  out|    1|      ap_vld|                            r_234|       pointer|
|r_233                    |  out|   32|      ap_vld|                            r_233|       pointer|
|r_233_ap_vld             |  out|    1|      ap_vld|                            r_233|       pointer|
|r_232                    |  out|   32|      ap_vld|                            r_232|       pointer|
|r_232_ap_vld             |  out|    1|      ap_vld|                            r_232|       pointer|
|r_231                    |  out|   32|      ap_vld|                            r_231|       pointer|
|r_231_ap_vld             |  out|    1|      ap_vld|                            r_231|       pointer|
|r_230                    |  out|   32|      ap_vld|                            r_230|       pointer|
|r_230_ap_vld             |  out|    1|      ap_vld|                            r_230|       pointer|
|r_229                    |  out|   32|      ap_vld|                            r_229|       pointer|
|r_229_ap_vld             |  out|    1|      ap_vld|                            r_229|       pointer|
|r_228                    |  out|   32|      ap_vld|                            r_228|       pointer|
|r_228_ap_vld             |  out|    1|      ap_vld|                            r_228|       pointer|
|r_227                    |  out|   32|      ap_vld|                            r_227|       pointer|
|r_227_ap_vld             |  out|    1|      ap_vld|                            r_227|       pointer|
|r_226                    |  out|   32|      ap_vld|                            r_226|       pointer|
|r_226_ap_vld             |  out|    1|      ap_vld|                            r_226|       pointer|
|r_225                    |  out|   32|      ap_vld|                            r_225|       pointer|
|r_225_ap_vld             |  out|    1|      ap_vld|                            r_225|       pointer|
|r_224                    |  out|   32|      ap_vld|                            r_224|       pointer|
|r_224_ap_vld             |  out|    1|      ap_vld|                            r_224|       pointer|
|r_223                    |  out|   32|      ap_vld|                            r_223|       pointer|
|r_223_ap_vld             |  out|    1|      ap_vld|                            r_223|       pointer|
|r_222                    |  out|   32|      ap_vld|                            r_222|       pointer|
|r_222_ap_vld             |  out|    1|      ap_vld|                            r_222|       pointer|
|r_221                    |  out|   32|      ap_vld|                            r_221|       pointer|
|r_221_ap_vld             |  out|    1|      ap_vld|                            r_221|       pointer|
|r_220                    |  out|   32|      ap_vld|                            r_220|       pointer|
|r_220_ap_vld             |  out|    1|      ap_vld|                            r_220|       pointer|
|r_219                    |  out|   32|      ap_vld|                            r_219|       pointer|
|r_219_ap_vld             |  out|    1|      ap_vld|                            r_219|       pointer|
|r_218                    |  out|   32|      ap_vld|                            r_218|       pointer|
|r_218_ap_vld             |  out|    1|      ap_vld|                            r_218|       pointer|
|r_217                    |  out|   32|      ap_vld|                            r_217|       pointer|
|r_217_ap_vld             |  out|    1|      ap_vld|                            r_217|       pointer|
|r_216                    |  out|   32|      ap_vld|                            r_216|       pointer|
|r_216_ap_vld             |  out|    1|      ap_vld|                            r_216|       pointer|
|r_215                    |  out|   32|      ap_vld|                            r_215|       pointer|
|r_215_ap_vld             |  out|    1|      ap_vld|                            r_215|       pointer|
|r_214                    |  out|   32|      ap_vld|                            r_214|       pointer|
|r_214_ap_vld             |  out|    1|      ap_vld|                            r_214|       pointer|
|r_213                    |  out|   32|      ap_vld|                            r_213|       pointer|
|r_213_ap_vld             |  out|    1|      ap_vld|                            r_213|       pointer|
|r_212                    |  out|   32|      ap_vld|                            r_212|       pointer|
|r_212_ap_vld             |  out|    1|      ap_vld|                            r_212|       pointer|
|r_211                    |  out|   32|      ap_vld|                            r_211|       pointer|
|r_211_ap_vld             |  out|    1|      ap_vld|                            r_211|       pointer|
|r_210                    |  out|   32|      ap_vld|                            r_210|       pointer|
|r_210_ap_vld             |  out|    1|      ap_vld|                            r_210|       pointer|
|r_209                    |  out|   32|      ap_vld|                            r_209|       pointer|
|r_209_ap_vld             |  out|    1|      ap_vld|                            r_209|       pointer|
|r_208                    |  out|   32|      ap_vld|                            r_208|       pointer|
|r_208_ap_vld             |  out|    1|      ap_vld|                            r_208|       pointer|
|r_207                    |  out|   32|      ap_vld|                            r_207|       pointer|
|r_207_ap_vld             |  out|    1|      ap_vld|                            r_207|       pointer|
|r_206                    |  out|   32|      ap_vld|                            r_206|       pointer|
|r_206_ap_vld             |  out|    1|      ap_vld|                            r_206|       pointer|
|r_205                    |  out|   32|      ap_vld|                            r_205|       pointer|
|r_205_ap_vld             |  out|    1|      ap_vld|                            r_205|       pointer|
|r_204                    |  out|   32|      ap_vld|                            r_204|       pointer|
|r_204_ap_vld             |  out|    1|      ap_vld|                            r_204|       pointer|
|r_203                    |  out|   32|      ap_vld|                            r_203|       pointer|
|r_203_ap_vld             |  out|    1|      ap_vld|                            r_203|       pointer|
|r_202                    |  out|   32|      ap_vld|                            r_202|       pointer|
|r_202_ap_vld             |  out|    1|      ap_vld|                            r_202|       pointer|
|r_201                    |  out|   32|      ap_vld|                            r_201|       pointer|
|r_201_ap_vld             |  out|    1|      ap_vld|                            r_201|       pointer|
|r_200                    |  out|   32|      ap_vld|                            r_200|       pointer|
|r_200_ap_vld             |  out|    1|      ap_vld|                            r_200|       pointer|
|r_199                    |  out|   32|      ap_vld|                            r_199|       pointer|
|r_199_ap_vld             |  out|    1|      ap_vld|                            r_199|       pointer|
|r_198                    |  out|   32|      ap_vld|                            r_198|       pointer|
|r_198_ap_vld             |  out|    1|      ap_vld|                            r_198|       pointer|
|r_197                    |  out|   32|      ap_vld|                            r_197|       pointer|
|r_197_ap_vld             |  out|    1|      ap_vld|                            r_197|       pointer|
|r_196                    |  out|   32|      ap_vld|                            r_196|       pointer|
|r_196_ap_vld             |  out|    1|      ap_vld|                            r_196|       pointer|
|r_195                    |  out|   32|      ap_vld|                            r_195|       pointer|
|r_195_ap_vld             |  out|    1|      ap_vld|                            r_195|       pointer|
|r_194                    |  out|   32|      ap_vld|                            r_194|       pointer|
|r_194_ap_vld             |  out|    1|      ap_vld|                            r_194|       pointer|
|r_193                    |  out|   32|      ap_vld|                            r_193|       pointer|
|r_193_ap_vld             |  out|    1|      ap_vld|                            r_193|       pointer|
|r_192                    |  out|   32|      ap_vld|                            r_192|       pointer|
|r_192_ap_vld             |  out|    1|      ap_vld|                            r_192|       pointer|
|r_191                    |  out|   32|      ap_vld|                            r_191|       pointer|
|r_191_ap_vld             |  out|    1|      ap_vld|                            r_191|       pointer|
|r_190                    |  out|   32|      ap_vld|                            r_190|       pointer|
|r_190_ap_vld             |  out|    1|      ap_vld|                            r_190|       pointer|
|r_189                    |  out|   32|      ap_vld|                            r_189|       pointer|
|r_189_ap_vld             |  out|    1|      ap_vld|                            r_189|       pointer|
|r_188                    |  out|   32|      ap_vld|                            r_188|       pointer|
|r_188_ap_vld             |  out|    1|      ap_vld|                            r_188|       pointer|
|r_187                    |  out|   32|      ap_vld|                            r_187|       pointer|
|r_187_ap_vld             |  out|    1|      ap_vld|                            r_187|       pointer|
|r_186                    |  out|   32|      ap_vld|                            r_186|       pointer|
|r_186_ap_vld             |  out|    1|      ap_vld|                            r_186|       pointer|
|r_185                    |  out|   32|      ap_vld|                            r_185|       pointer|
|r_185_ap_vld             |  out|    1|      ap_vld|                            r_185|       pointer|
|r_184                    |  out|   32|      ap_vld|                            r_184|       pointer|
|r_184_ap_vld             |  out|    1|      ap_vld|                            r_184|       pointer|
|r_183                    |  out|   32|      ap_vld|                            r_183|       pointer|
|r_183_ap_vld             |  out|    1|      ap_vld|                            r_183|       pointer|
|r_182                    |  out|   32|      ap_vld|                            r_182|       pointer|
|r_182_ap_vld             |  out|    1|      ap_vld|                            r_182|       pointer|
|r_181                    |  out|   32|      ap_vld|                            r_181|       pointer|
|r_181_ap_vld             |  out|    1|      ap_vld|                            r_181|       pointer|
|r_180                    |  out|   32|      ap_vld|                            r_180|       pointer|
|r_180_ap_vld             |  out|    1|      ap_vld|                            r_180|       pointer|
|r_179                    |  out|   32|      ap_vld|                            r_179|       pointer|
|r_179_ap_vld             |  out|    1|      ap_vld|                            r_179|       pointer|
|r_178                    |  out|   32|      ap_vld|                            r_178|       pointer|
|r_178_ap_vld             |  out|    1|      ap_vld|                            r_178|       pointer|
|r_177                    |  out|   32|      ap_vld|                            r_177|       pointer|
|r_177_ap_vld             |  out|    1|      ap_vld|                            r_177|       pointer|
|r_176                    |  out|   32|      ap_vld|                            r_176|       pointer|
|r_176_ap_vld             |  out|    1|      ap_vld|                            r_176|       pointer|
|r_175                    |  out|   32|      ap_vld|                            r_175|       pointer|
|r_175_ap_vld             |  out|    1|      ap_vld|                            r_175|       pointer|
|r_174                    |  out|   32|      ap_vld|                            r_174|       pointer|
|r_174_ap_vld             |  out|    1|      ap_vld|                            r_174|       pointer|
|r_173                    |  out|   32|      ap_vld|                            r_173|       pointer|
|r_173_ap_vld             |  out|    1|      ap_vld|                            r_173|       pointer|
|r_172                    |  out|   32|      ap_vld|                            r_172|       pointer|
|r_172_ap_vld             |  out|    1|      ap_vld|                            r_172|       pointer|
|r_171                    |  out|   32|      ap_vld|                            r_171|       pointer|
|r_171_ap_vld             |  out|    1|      ap_vld|                            r_171|       pointer|
|r_170                    |  out|   32|      ap_vld|                            r_170|       pointer|
|r_170_ap_vld             |  out|    1|      ap_vld|                            r_170|       pointer|
|r_169                    |  out|   32|      ap_vld|                            r_169|       pointer|
|r_169_ap_vld             |  out|    1|      ap_vld|                            r_169|       pointer|
|r_168                    |  out|   32|      ap_vld|                            r_168|       pointer|
|r_168_ap_vld             |  out|    1|      ap_vld|                            r_168|       pointer|
|r_167                    |  out|   32|      ap_vld|                            r_167|       pointer|
|r_167_ap_vld             |  out|    1|      ap_vld|                            r_167|       pointer|
|r_166                    |  out|   32|      ap_vld|                            r_166|       pointer|
|r_166_ap_vld             |  out|    1|      ap_vld|                            r_166|       pointer|
|r_165                    |  out|   32|      ap_vld|                            r_165|       pointer|
|r_165_ap_vld             |  out|    1|      ap_vld|                            r_165|       pointer|
|r_164                    |  out|   32|      ap_vld|                            r_164|       pointer|
|r_164_ap_vld             |  out|    1|      ap_vld|                            r_164|       pointer|
|r_163                    |  out|   32|      ap_vld|                            r_163|       pointer|
|r_163_ap_vld             |  out|    1|      ap_vld|                            r_163|       pointer|
|r_162                    |  out|   32|      ap_vld|                            r_162|       pointer|
|r_162_ap_vld             |  out|    1|      ap_vld|                            r_162|       pointer|
|r_161                    |  out|   32|      ap_vld|                            r_161|       pointer|
|r_161_ap_vld             |  out|    1|      ap_vld|                            r_161|       pointer|
|r_160                    |  out|   32|      ap_vld|                            r_160|       pointer|
|r_160_ap_vld             |  out|    1|      ap_vld|                            r_160|       pointer|
|r_159                    |  out|   32|      ap_vld|                            r_159|       pointer|
|r_159_ap_vld             |  out|    1|      ap_vld|                            r_159|       pointer|
|r_158                    |  out|   32|      ap_vld|                            r_158|       pointer|
|r_158_ap_vld             |  out|    1|      ap_vld|                            r_158|       pointer|
|r_157                    |  out|   32|      ap_vld|                            r_157|       pointer|
|r_157_ap_vld             |  out|    1|      ap_vld|                            r_157|       pointer|
|r_156                    |  out|   32|      ap_vld|                            r_156|       pointer|
|r_156_ap_vld             |  out|    1|      ap_vld|                            r_156|       pointer|
|r_155                    |  out|   32|      ap_vld|                            r_155|       pointer|
|r_155_ap_vld             |  out|    1|      ap_vld|                            r_155|       pointer|
|r_154                    |  out|   32|      ap_vld|                            r_154|       pointer|
|r_154_ap_vld             |  out|    1|      ap_vld|                            r_154|       pointer|
|r_153                    |  out|   32|      ap_vld|                            r_153|       pointer|
|r_153_ap_vld             |  out|    1|      ap_vld|                            r_153|       pointer|
|r_152                    |  out|   32|      ap_vld|                            r_152|       pointer|
|r_152_ap_vld             |  out|    1|      ap_vld|                            r_152|       pointer|
|r_151                    |  out|   32|      ap_vld|                            r_151|       pointer|
|r_151_ap_vld             |  out|    1|      ap_vld|                            r_151|       pointer|
|r_150                    |  out|   32|      ap_vld|                            r_150|       pointer|
|r_150_ap_vld             |  out|    1|      ap_vld|                            r_150|       pointer|
|r_149                    |  out|   32|      ap_vld|                            r_149|       pointer|
|r_149_ap_vld             |  out|    1|      ap_vld|                            r_149|       pointer|
|r_148                    |  out|   32|      ap_vld|                            r_148|       pointer|
|r_148_ap_vld             |  out|    1|      ap_vld|                            r_148|       pointer|
|r_147                    |  out|   32|      ap_vld|                            r_147|       pointer|
|r_147_ap_vld             |  out|    1|      ap_vld|                            r_147|       pointer|
|r_146                    |  out|   32|      ap_vld|                            r_146|       pointer|
|r_146_ap_vld             |  out|    1|      ap_vld|                            r_146|       pointer|
|r_145                    |  out|   32|      ap_vld|                            r_145|       pointer|
|r_145_ap_vld             |  out|    1|      ap_vld|                            r_145|       pointer|
|r_144                    |  out|   32|      ap_vld|                            r_144|       pointer|
|r_144_ap_vld             |  out|    1|      ap_vld|                            r_144|       pointer|
|r_143                    |  out|   32|      ap_vld|                            r_143|       pointer|
|r_143_ap_vld             |  out|    1|      ap_vld|                            r_143|       pointer|
|r_142                    |  out|   32|      ap_vld|                            r_142|       pointer|
|r_142_ap_vld             |  out|    1|      ap_vld|                            r_142|       pointer|
|r_141                    |  out|   32|      ap_vld|                            r_141|       pointer|
|r_141_ap_vld             |  out|    1|      ap_vld|                            r_141|       pointer|
|r_140                    |  out|   32|      ap_vld|                            r_140|       pointer|
|r_140_ap_vld             |  out|    1|      ap_vld|                            r_140|       pointer|
|r_139                    |  out|   32|      ap_vld|                            r_139|       pointer|
|r_139_ap_vld             |  out|    1|      ap_vld|                            r_139|       pointer|
|r_138                    |  out|   32|      ap_vld|                            r_138|       pointer|
|r_138_ap_vld             |  out|    1|      ap_vld|                            r_138|       pointer|
|r_137                    |  out|   32|      ap_vld|                            r_137|       pointer|
|r_137_ap_vld             |  out|    1|      ap_vld|                            r_137|       pointer|
|r_136                    |  out|   32|      ap_vld|                            r_136|       pointer|
|r_136_ap_vld             |  out|    1|      ap_vld|                            r_136|       pointer|
|r_135                    |  out|   32|      ap_vld|                            r_135|       pointer|
|r_135_ap_vld             |  out|    1|      ap_vld|                            r_135|       pointer|
|r_134                    |  out|   32|      ap_vld|                            r_134|       pointer|
|r_134_ap_vld             |  out|    1|      ap_vld|                            r_134|       pointer|
|r_133                    |  out|   32|      ap_vld|                            r_133|       pointer|
|r_133_ap_vld             |  out|    1|      ap_vld|                            r_133|       pointer|
|r_132                    |  out|   32|      ap_vld|                            r_132|       pointer|
|r_132_ap_vld             |  out|    1|      ap_vld|                            r_132|       pointer|
|r_131                    |  out|   32|      ap_vld|                            r_131|       pointer|
|r_131_ap_vld             |  out|    1|      ap_vld|                            r_131|       pointer|
|r_130                    |  out|   32|      ap_vld|                            r_130|       pointer|
|r_130_ap_vld             |  out|    1|      ap_vld|                            r_130|       pointer|
|r_129                    |  out|   32|      ap_vld|                            r_129|       pointer|
|r_129_ap_vld             |  out|    1|      ap_vld|                            r_129|       pointer|
|r_128                    |  out|   32|      ap_vld|                            r_128|       pointer|
|r_128_ap_vld             |  out|    1|      ap_vld|                            r_128|       pointer|
|r_127                    |  out|   32|      ap_vld|                            r_127|       pointer|
|r_127_ap_vld             |  out|    1|      ap_vld|                            r_127|       pointer|
|r_126                    |  out|   32|      ap_vld|                            r_126|       pointer|
|r_126_ap_vld             |  out|    1|      ap_vld|                            r_126|       pointer|
|r_125                    |  out|   32|      ap_vld|                            r_125|       pointer|
|r_125_ap_vld             |  out|    1|      ap_vld|                            r_125|       pointer|
|r_124                    |  out|   32|      ap_vld|                            r_124|       pointer|
|r_124_ap_vld             |  out|    1|      ap_vld|                            r_124|       pointer|
|r_123                    |  out|   32|      ap_vld|                            r_123|       pointer|
|r_123_ap_vld             |  out|    1|      ap_vld|                            r_123|       pointer|
|r_122                    |  out|   32|      ap_vld|                            r_122|       pointer|
|r_122_ap_vld             |  out|    1|      ap_vld|                            r_122|       pointer|
|r_121                    |  out|   32|      ap_vld|                            r_121|       pointer|
|r_121_ap_vld             |  out|    1|      ap_vld|                            r_121|       pointer|
|r_120                    |  out|   32|      ap_vld|                            r_120|       pointer|
|r_120_ap_vld             |  out|    1|      ap_vld|                            r_120|       pointer|
|r_119                    |  out|   32|      ap_vld|                            r_119|       pointer|
|r_119_ap_vld             |  out|    1|      ap_vld|                            r_119|       pointer|
|r_118                    |  out|   32|      ap_vld|                            r_118|       pointer|
|r_118_ap_vld             |  out|    1|      ap_vld|                            r_118|       pointer|
|r_117                    |  out|   32|      ap_vld|                            r_117|       pointer|
|r_117_ap_vld             |  out|    1|      ap_vld|                            r_117|       pointer|
|r_116                    |  out|   32|      ap_vld|                            r_116|       pointer|
|r_116_ap_vld             |  out|    1|      ap_vld|                            r_116|       pointer|
|r_115                    |  out|   32|      ap_vld|                            r_115|       pointer|
|r_115_ap_vld             |  out|    1|      ap_vld|                            r_115|       pointer|
|r_114                    |  out|   32|      ap_vld|                            r_114|       pointer|
|r_114_ap_vld             |  out|    1|      ap_vld|                            r_114|       pointer|
|r_113                    |  out|   32|      ap_vld|                            r_113|       pointer|
|r_113_ap_vld             |  out|    1|      ap_vld|                            r_113|       pointer|
|r_112                    |  out|   32|      ap_vld|                            r_112|       pointer|
|r_112_ap_vld             |  out|    1|      ap_vld|                            r_112|       pointer|
|r_111                    |  out|   32|      ap_vld|                            r_111|       pointer|
|r_111_ap_vld             |  out|    1|      ap_vld|                            r_111|       pointer|
|r_110                    |  out|   32|      ap_vld|                            r_110|       pointer|
|r_110_ap_vld             |  out|    1|      ap_vld|                            r_110|       pointer|
|r_109                    |  out|   32|      ap_vld|                            r_109|       pointer|
|r_109_ap_vld             |  out|    1|      ap_vld|                            r_109|       pointer|
|r_108                    |  out|   32|      ap_vld|                            r_108|       pointer|
|r_108_ap_vld             |  out|    1|      ap_vld|                            r_108|       pointer|
|r_107                    |  out|   32|      ap_vld|                            r_107|       pointer|
|r_107_ap_vld             |  out|    1|      ap_vld|                            r_107|       pointer|
|r_106                    |  out|   32|      ap_vld|                            r_106|       pointer|
|r_106_ap_vld             |  out|    1|      ap_vld|                            r_106|       pointer|
|r_105                    |  out|   32|      ap_vld|                            r_105|       pointer|
|r_105_ap_vld             |  out|    1|      ap_vld|                            r_105|       pointer|
|r_104                    |  out|   32|      ap_vld|                            r_104|       pointer|
|r_104_ap_vld             |  out|    1|      ap_vld|                            r_104|       pointer|
|r_103                    |  out|   32|      ap_vld|                            r_103|       pointer|
|r_103_ap_vld             |  out|    1|      ap_vld|                            r_103|       pointer|
|r_102                    |  out|   32|      ap_vld|                            r_102|       pointer|
|r_102_ap_vld             |  out|    1|      ap_vld|                            r_102|       pointer|
|r_101                    |  out|   32|      ap_vld|                            r_101|       pointer|
|r_101_ap_vld             |  out|    1|      ap_vld|                            r_101|       pointer|
|r_100                    |  out|   32|      ap_vld|                            r_100|       pointer|
|r_100_ap_vld             |  out|    1|      ap_vld|                            r_100|       pointer|
|r_99                     |  out|   32|      ap_vld|                             r_99|       pointer|
|r_99_ap_vld              |  out|    1|      ap_vld|                             r_99|       pointer|
|r_98                     |  out|   32|      ap_vld|                             r_98|       pointer|
|r_98_ap_vld              |  out|    1|      ap_vld|                             r_98|       pointer|
|r_97                     |  out|   32|      ap_vld|                             r_97|       pointer|
|r_97_ap_vld              |  out|    1|      ap_vld|                             r_97|       pointer|
|r_96                     |  out|   32|      ap_vld|                             r_96|       pointer|
|r_96_ap_vld              |  out|    1|      ap_vld|                             r_96|       pointer|
|r_95                     |  out|   32|      ap_vld|                             r_95|       pointer|
|r_95_ap_vld              |  out|    1|      ap_vld|                             r_95|       pointer|
|r_94                     |  out|   32|      ap_vld|                             r_94|       pointer|
|r_94_ap_vld              |  out|    1|      ap_vld|                             r_94|       pointer|
|r_93                     |  out|   32|      ap_vld|                             r_93|       pointer|
|r_93_ap_vld              |  out|    1|      ap_vld|                             r_93|       pointer|
|r_92                     |  out|   32|      ap_vld|                             r_92|       pointer|
|r_92_ap_vld              |  out|    1|      ap_vld|                             r_92|       pointer|
|r_91                     |  out|   32|      ap_vld|                             r_91|       pointer|
|r_91_ap_vld              |  out|    1|      ap_vld|                             r_91|       pointer|
|r_90                     |  out|   32|      ap_vld|                             r_90|       pointer|
|r_90_ap_vld              |  out|    1|      ap_vld|                             r_90|       pointer|
|r_89                     |  out|   32|      ap_vld|                             r_89|       pointer|
|r_89_ap_vld              |  out|    1|      ap_vld|                             r_89|       pointer|
|r_88                     |  out|   32|      ap_vld|                             r_88|       pointer|
|r_88_ap_vld              |  out|    1|      ap_vld|                             r_88|       pointer|
|r_87                     |  out|   32|      ap_vld|                             r_87|       pointer|
|r_87_ap_vld              |  out|    1|      ap_vld|                             r_87|       pointer|
|r_86                     |  out|   32|      ap_vld|                             r_86|       pointer|
|r_86_ap_vld              |  out|    1|      ap_vld|                             r_86|       pointer|
|r_85                     |  out|   32|      ap_vld|                             r_85|       pointer|
|r_85_ap_vld              |  out|    1|      ap_vld|                             r_85|       pointer|
|r_84                     |  out|   32|      ap_vld|                             r_84|       pointer|
|r_84_ap_vld              |  out|    1|      ap_vld|                             r_84|       pointer|
|r_83                     |  out|   32|      ap_vld|                             r_83|       pointer|
|r_83_ap_vld              |  out|    1|      ap_vld|                             r_83|       pointer|
|r_82                     |  out|   32|      ap_vld|                             r_82|       pointer|
|r_82_ap_vld              |  out|    1|      ap_vld|                             r_82|       pointer|
|r_81                     |  out|   32|      ap_vld|                             r_81|       pointer|
|r_81_ap_vld              |  out|    1|      ap_vld|                             r_81|       pointer|
|r_80                     |  out|   32|      ap_vld|                             r_80|       pointer|
|r_80_ap_vld              |  out|    1|      ap_vld|                             r_80|       pointer|
|r_79                     |  out|   32|      ap_vld|                             r_79|       pointer|
|r_79_ap_vld              |  out|    1|      ap_vld|                             r_79|       pointer|
|r_78                     |  out|   32|      ap_vld|                             r_78|       pointer|
|r_78_ap_vld              |  out|    1|      ap_vld|                             r_78|       pointer|
|r_77                     |  out|   32|      ap_vld|                             r_77|       pointer|
|r_77_ap_vld              |  out|    1|      ap_vld|                             r_77|       pointer|
|r_76                     |  out|   32|      ap_vld|                             r_76|       pointer|
|r_76_ap_vld              |  out|    1|      ap_vld|                             r_76|       pointer|
|r_75                     |  out|   32|      ap_vld|                             r_75|       pointer|
|r_75_ap_vld              |  out|    1|      ap_vld|                             r_75|       pointer|
|r_74                     |  out|   32|      ap_vld|                             r_74|       pointer|
|r_74_ap_vld              |  out|    1|      ap_vld|                             r_74|       pointer|
|r_73                     |  out|   32|      ap_vld|                             r_73|       pointer|
|r_73_ap_vld              |  out|    1|      ap_vld|                             r_73|       pointer|
|r_72                     |  out|   32|      ap_vld|                             r_72|       pointer|
|r_72_ap_vld              |  out|    1|      ap_vld|                             r_72|       pointer|
|r_71                     |  out|   32|      ap_vld|                             r_71|       pointer|
|r_71_ap_vld              |  out|    1|      ap_vld|                             r_71|       pointer|
|r_70                     |  out|   32|      ap_vld|                             r_70|       pointer|
|r_70_ap_vld              |  out|    1|      ap_vld|                             r_70|       pointer|
|r_69                     |  out|   32|      ap_vld|                             r_69|       pointer|
|r_69_ap_vld              |  out|    1|      ap_vld|                             r_69|       pointer|
|r_68                     |  out|   32|      ap_vld|                             r_68|       pointer|
|r_68_ap_vld              |  out|    1|      ap_vld|                             r_68|       pointer|
|r_67                     |  out|   32|      ap_vld|                             r_67|       pointer|
|r_67_ap_vld              |  out|    1|      ap_vld|                             r_67|       pointer|
|r_66                     |  out|   32|      ap_vld|                             r_66|       pointer|
|r_66_ap_vld              |  out|    1|      ap_vld|                             r_66|       pointer|
|r_65                     |  out|   32|      ap_vld|                             r_65|       pointer|
|r_65_ap_vld              |  out|    1|      ap_vld|                             r_65|       pointer|
|r_64                     |  out|   32|      ap_vld|                             r_64|       pointer|
|r_64_ap_vld              |  out|    1|      ap_vld|                             r_64|       pointer|
|r_63                     |  out|   32|      ap_vld|                             r_63|       pointer|
|r_63_ap_vld              |  out|    1|      ap_vld|                             r_63|       pointer|
|r_62                     |  out|   32|      ap_vld|                             r_62|       pointer|
|r_62_ap_vld              |  out|    1|      ap_vld|                             r_62|       pointer|
|r_61                     |  out|   32|      ap_vld|                             r_61|       pointer|
|r_61_ap_vld              |  out|    1|      ap_vld|                             r_61|       pointer|
|r_60                     |  out|   32|      ap_vld|                             r_60|       pointer|
|r_60_ap_vld              |  out|    1|      ap_vld|                             r_60|       pointer|
|r_59                     |  out|   32|      ap_vld|                             r_59|       pointer|
|r_59_ap_vld              |  out|    1|      ap_vld|                             r_59|       pointer|
|r_58                     |  out|   32|      ap_vld|                             r_58|       pointer|
|r_58_ap_vld              |  out|    1|      ap_vld|                             r_58|       pointer|
|r_57                     |  out|   32|      ap_vld|                             r_57|       pointer|
|r_57_ap_vld              |  out|    1|      ap_vld|                             r_57|       pointer|
|r_56                     |  out|   32|      ap_vld|                             r_56|       pointer|
|r_56_ap_vld              |  out|    1|      ap_vld|                             r_56|       pointer|
|r_55                     |  out|   32|      ap_vld|                             r_55|       pointer|
|r_55_ap_vld              |  out|    1|      ap_vld|                             r_55|       pointer|
|r_54                     |  out|   32|      ap_vld|                             r_54|       pointer|
|r_54_ap_vld              |  out|    1|      ap_vld|                             r_54|       pointer|
|r_53                     |  out|   32|      ap_vld|                             r_53|       pointer|
|r_53_ap_vld              |  out|    1|      ap_vld|                             r_53|       pointer|
|r_52                     |  out|   32|      ap_vld|                             r_52|       pointer|
|r_52_ap_vld              |  out|    1|      ap_vld|                             r_52|       pointer|
|r_51                     |  out|   32|      ap_vld|                             r_51|       pointer|
|r_51_ap_vld              |  out|    1|      ap_vld|                             r_51|       pointer|
|r_50                     |  out|   32|      ap_vld|                             r_50|       pointer|
|r_50_ap_vld              |  out|    1|      ap_vld|                             r_50|       pointer|
|r_49                     |  out|   32|      ap_vld|                             r_49|       pointer|
|r_49_ap_vld              |  out|    1|      ap_vld|                             r_49|       pointer|
|r_48                     |  out|   32|      ap_vld|                             r_48|       pointer|
|r_48_ap_vld              |  out|    1|      ap_vld|                             r_48|       pointer|
|r_47                     |  out|   32|      ap_vld|                             r_47|       pointer|
|r_47_ap_vld              |  out|    1|      ap_vld|                             r_47|       pointer|
|r_46                     |  out|   32|      ap_vld|                             r_46|       pointer|
|r_46_ap_vld              |  out|    1|      ap_vld|                             r_46|       pointer|
|r_45                     |  out|   32|      ap_vld|                             r_45|       pointer|
|r_45_ap_vld              |  out|    1|      ap_vld|                             r_45|       pointer|
|r_44                     |  out|   32|      ap_vld|                             r_44|       pointer|
|r_44_ap_vld              |  out|    1|      ap_vld|                             r_44|       pointer|
|r_43                     |  out|   32|      ap_vld|                             r_43|       pointer|
|r_43_ap_vld              |  out|    1|      ap_vld|                             r_43|       pointer|
|r_42                     |  out|   32|      ap_vld|                             r_42|       pointer|
|r_42_ap_vld              |  out|    1|      ap_vld|                             r_42|       pointer|
|r_41                     |  out|   32|      ap_vld|                             r_41|       pointer|
|r_41_ap_vld              |  out|    1|      ap_vld|                             r_41|       pointer|
|r_40                     |  out|   32|      ap_vld|                             r_40|       pointer|
|r_40_ap_vld              |  out|    1|      ap_vld|                             r_40|       pointer|
|r_39                     |  out|   32|      ap_vld|                             r_39|       pointer|
|r_39_ap_vld              |  out|    1|      ap_vld|                             r_39|       pointer|
|r_38                     |  out|   32|      ap_vld|                             r_38|       pointer|
|r_38_ap_vld              |  out|    1|      ap_vld|                             r_38|       pointer|
|r_37                     |  out|   32|      ap_vld|                             r_37|       pointer|
|r_37_ap_vld              |  out|    1|      ap_vld|                             r_37|       pointer|
|r_36                     |  out|   32|      ap_vld|                             r_36|       pointer|
|r_36_ap_vld              |  out|    1|      ap_vld|                             r_36|       pointer|
|r_35                     |  out|   32|      ap_vld|                             r_35|       pointer|
|r_35_ap_vld              |  out|    1|      ap_vld|                             r_35|       pointer|
|r_34                     |  out|   32|      ap_vld|                             r_34|       pointer|
|r_34_ap_vld              |  out|    1|      ap_vld|                             r_34|       pointer|
|r_33                     |  out|   32|      ap_vld|                             r_33|       pointer|
|r_33_ap_vld              |  out|    1|      ap_vld|                             r_33|       pointer|
|r_32                     |  out|   32|      ap_vld|                             r_32|       pointer|
|r_32_ap_vld              |  out|    1|      ap_vld|                             r_32|       pointer|
|r_31                     |  out|   32|      ap_vld|                             r_31|       pointer|
|r_31_ap_vld              |  out|    1|      ap_vld|                             r_31|       pointer|
|r_30                     |  out|   32|      ap_vld|                             r_30|       pointer|
|r_30_ap_vld              |  out|    1|      ap_vld|                             r_30|       pointer|
|r_29                     |  out|   32|      ap_vld|                             r_29|       pointer|
|r_29_ap_vld              |  out|    1|      ap_vld|                             r_29|       pointer|
|r_28                     |  out|   32|      ap_vld|                             r_28|       pointer|
|r_28_ap_vld              |  out|    1|      ap_vld|                             r_28|       pointer|
|r_27                     |  out|   32|      ap_vld|                             r_27|       pointer|
|r_27_ap_vld              |  out|    1|      ap_vld|                             r_27|       pointer|
|r_26                     |  out|   32|      ap_vld|                             r_26|       pointer|
|r_26_ap_vld              |  out|    1|      ap_vld|                             r_26|       pointer|
|r_25                     |  out|   32|      ap_vld|                             r_25|       pointer|
|r_25_ap_vld              |  out|    1|      ap_vld|                             r_25|       pointer|
|r_24                     |  out|   32|      ap_vld|                             r_24|       pointer|
|r_24_ap_vld              |  out|    1|      ap_vld|                             r_24|       pointer|
|r_23                     |  out|   32|      ap_vld|                             r_23|       pointer|
|r_23_ap_vld              |  out|    1|      ap_vld|                             r_23|       pointer|
|r_22                     |  out|   32|      ap_vld|                             r_22|       pointer|
|r_22_ap_vld              |  out|    1|      ap_vld|                             r_22|       pointer|
|r_21                     |  out|   32|      ap_vld|                             r_21|       pointer|
|r_21_ap_vld              |  out|    1|      ap_vld|                             r_21|       pointer|
|r_20                     |  out|   32|      ap_vld|                             r_20|       pointer|
|r_20_ap_vld              |  out|    1|      ap_vld|                             r_20|       pointer|
|r_19                     |  out|   32|      ap_vld|                             r_19|       pointer|
|r_19_ap_vld              |  out|    1|      ap_vld|                             r_19|       pointer|
|r_18                     |  out|   32|      ap_vld|                             r_18|       pointer|
|r_18_ap_vld              |  out|    1|      ap_vld|                             r_18|       pointer|
|r_17                     |  out|   32|      ap_vld|                             r_17|       pointer|
|r_17_ap_vld              |  out|    1|      ap_vld|                             r_17|       pointer|
|r_16                     |  out|   32|      ap_vld|                             r_16|       pointer|
|r_16_ap_vld              |  out|    1|      ap_vld|                             r_16|       pointer|
|r_15                     |  out|   32|      ap_vld|                             r_15|       pointer|
|r_15_ap_vld              |  out|    1|      ap_vld|                             r_15|       pointer|
|r_14                     |  out|   32|      ap_vld|                             r_14|       pointer|
|r_14_ap_vld              |  out|    1|      ap_vld|                             r_14|       pointer|
|r_13                     |  out|   32|      ap_vld|                             r_13|       pointer|
|r_13_ap_vld              |  out|    1|      ap_vld|                             r_13|       pointer|
|r_12                     |  out|   32|      ap_vld|                             r_12|       pointer|
|r_12_ap_vld              |  out|    1|      ap_vld|                             r_12|       pointer|
|r_11                     |  out|   32|      ap_vld|                             r_11|       pointer|
|r_11_ap_vld              |  out|    1|      ap_vld|                             r_11|       pointer|
|r_10                     |  out|   32|      ap_vld|                             r_10|       pointer|
|r_10_ap_vld              |  out|    1|      ap_vld|                             r_10|       pointer|
|r_9                      |  out|   32|      ap_vld|                              r_9|       pointer|
|r_9_ap_vld               |  out|    1|      ap_vld|                              r_9|       pointer|
|r_8                      |  out|   32|      ap_vld|                              r_8|       pointer|
|r_8_ap_vld               |  out|    1|      ap_vld|                              r_8|       pointer|
|r_7                      |  out|   32|      ap_vld|                              r_7|       pointer|
|r_7_ap_vld               |  out|    1|      ap_vld|                              r_7|       pointer|
|r_6                      |  out|   32|      ap_vld|                              r_6|       pointer|
|r_6_ap_vld               |  out|    1|      ap_vld|                              r_6|       pointer|
|r_5                      |  out|   32|      ap_vld|                              r_5|       pointer|
|r_5_ap_vld               |  out|    1|      ap_vld|                              r_5|       pointer|
|r_4                      |  out|   32|      ap_vld|                              r_4|       pointer|
|r_4_ap_vld               |  out|    1|      ap_vld|                              r_4|       pointer|
|r_3                      |  out|   32|      ap_vld|                              r_3|       pointer|
|r_3_ap_vld               |  out|    1|      ap_vld|                              r_3|       pointer|
|r_2                      |  out|   32|      ap_vld|                              r_2|       pointer|
|r_2_ap_vld               |  out|    1|      ap_vld|                              r_2|       pointer|
+-------------------------+-----+-----+------------+---------------------------------+--------------+

